Archive member included to satisfy reference by file (symbol)

c:/program files/microchip/xc8/v2.36/avr/bin/../lib/gcc/avr/5.4.0/../../../../avr/lib/avr5/memx-const\libm.a(cmpsf2.o)
                              APP/APP.o (__ltsf2)
c:/program files/microchip/xc8/v2.36/avr/bin/../lib/gcc/avr/5.4.0/../../../../avr/lib/avr5/memx-const\libm.a(fixunssfsi.o)
                              HAL/IO/LM35_TMP_Sensor/LM35_TMP_Sensor_Interface.o (__fixunssfsi)
c:/program files/microchip/xc8/v2.36/avr/bin/../lib/gcc/avr/5.4.0/../../../../avr/lib/avr5/memx-const\libm.a(floatsisf.o)
                              APP/APP.o (__floatunsisf)
c:/program files/microchip/xc8/v2.36/avr/bin/../lib/gcc/avr/5.4.0/../../../../avr/lib/avr5/memx-const\libm.a(fp_cmp.o)
                              c:/program files/microchip/xc8/v2.36/avr/bin/../lib/gcc/avr/5.4.0/../../../../avr/lib/avr5/memx-const\libm.a(cmpsf2.o) (__fp_cmp)
c:/program files/microchip/xc8/v2.36/avr/bin/../lib/gcc/avr/5.4.0/../../../../avr/lib/avr5/memx-const\libm.a(fp_split3.o)
                              c:/program files/microchip/xc8/v2.36/avr/bin/../lib/gcc/avr/5.4.0/../../../../avr/lib/avr5/memx-const\libm.a(fixunssfsi.o) (__fp_splitA)
c:/program files/microchip/xc8/v2.36/avr/bin/../lib/gcc/avr/5.4.0/../../../../avr/lib/avr5/memx-const\libm.a(fp_zero.o)
                              c:/program files/microchip/xc8/v2.36/avr/bin/../lib/gcc/avr/5.4.0/../../../../avr/lib/avr5/memx-const\libm.a(fixunssfsi.o) (__fp_zero)
c:/program files/microchip/xc8/v2.36/avr/bin/../lib/gcc/avr/5.4.0/../../../../avr/lib/avr5/memx-const\libm.a(gesf2.o)
                              APP/APP.o (__gesf2)
c:/program files/microchip/xc8/v2.36/avr/bin/../lib/gcc/avr/5.4.0/../../../../avr/lib/avr5/memx-const\libm.a(mulsf3.o)
                              HAL/IO/LM35_TMP_Sensor/LM35_TMP_Sensor_Interface.o (__mulsf3)
c:/program files/microchip/xc8/v2.36/avr/bin/../lib/gcc/avr/5.4.0/../../../../avr/lib/avr5/memx-const\libm.a(mulsf3x.o)
                              c:/program files/microchip/xc8/v2.36/avr/bin/../lib/gcc/avr/5.4.0/../../../../avr/lib/avr5/memx-const\libm.a(mulsf3.o) (__mulsf3x)
c:/program files/microchip/xc8/v2.36/avr/bin/../lib/gcc/avr/5.4.0/../../../../avr/lib/avr5/memx-const\libm.a(fp_inf.o)
                              c:/program files/microchip/xc8/v2.36/avr/bin/../lib/gcc/avr/5.4.0/../../../../avr/lib/avr5/memx-const\libm.a(mulsf3x.o) (__fp_inf)
c:/program files/microchip/xc8/v2.36/avr/bin/../lib/gcc/avr/5.4.0/../../../../avr/lib/avr5/memx-const\libm.a(fp_nan.o)
                              c:/program files/microchip/xc8/v2.36/avr/bin/../lib/gcc/avr/5.4.0/../../../../avr/lib/avr5/memx-const\libm.a(mulsf3x.o) (__fp_nan)
c:/program files/microchip/xc8/v2.36/avr/bin/../lib/gcc/avr/5.4.0/../../../../avr/lib/avr5/memx-const\libm.a(fp_pscA.o)
                              c:/program files/microchip/xc8/v2.36/avr/bin/../lib/gcc/avr/5.4.0/../../../../avr/lib/avr5/memx-const\libm.a(mulsf3x.o) (__fp_pscA)
c:/program files/microchip/xc8/v2.36/avr/bin/../lib/gcc/avr/5.4.0/../../../../avr/lib/avr5/memx-const\libm.a(fp_pscB.o)
                              c:/program files/microchip/xc8/v2.36/avr/bin/../lib/gcc/avr/5.4.0/../../../../avr/lib/avr5/memx-const\libm.a(mulsf3x.o) (__fp_pscB)
c:/program files/microchip/xc8/v2.36/avr/bin/../lib/gcc/avr/5.4.0/../../../../avr/lib/avr5/memx-const\libm.a(fp_round.o)
                              c:/program files/microchip/xc8/v2.36/avr/bin/../lib/gcc/avr/5.4.0/../../../../avr/lib/avr5/memx-const\libm.a(mulsf3.o) (__fp_round)
c:/program files/microchip/xc8/v2.36/avr/bin/../lib/gcc/avr/5.4.0/avr5/memx-const\libgcc.a(_divmodhi4.o)
                              APP/APP.o (__divmodhi4)
c:/program files/microchip/xc8/v2.36/avr/bin/../lib/gcc/avr/5.4.0/avr5/memx-const\libgcc.a(_udivmodsi4.o)
                              HAL/IO/LCD/LCD_Program.o (__udivmodsi4)
c:/program files/microchip/xc8/v2.36/avr/bin/../lib/gcc/avr/5.4.0/avr5/memx-const\libgcc.a(_divmodsi4.o)
                              MCAL/UART/UART_Interface.o (__divmodsi4)
c:/program files/microchip/xc8/v2.36/avr/bin/../lib/gcc/avr/5.4.0/avr5/memx-const\libgcc.a(_negsi2.o)
                              c:/program files/microchip/xc8/v2.36/avr/bin/../lib/gcc/avr/5.4.0/avr5/memx-const\libgcc.a(_divmodsi4.o) (__negsi2)
c:/program files/microchip/xc8/v2.36/avr/bin/../lib/gcc/avr/5.4.0/avr5/memx-const\libgcc.a(_tablejump2.o)
                              MCAL/ADC/ADC_Interface.o (__tablejump2__)
c:/program files/microchip/xc8/v2.36/avr/bin/../lib/gcc/avr/5.4.0/avr5/memx-const\libgcc.a(_copy_data.o)
                              APP/APP.o (__do_copy_data)
c:/program files/microchip/xc8/v2.36/avr/bin/../lib/gcc/avr/5.4.0/avr5/memx-const\libgcc.a(_umulhisi3.o)
                              APP/APP.o (__umulhisi3)
c:/program files/microchip/xc8/v2.36/avr/bin/../lib/gcc/avr/5.4.0/avr5/memx-const\libgcc.a(_xload_2.o)
                              RTOS/SCR/event_groups.o (__xload_2)
[...]
Memory Configuration

Name             Origin             Length             Attributes
text             0x0000000000000000 0x0000000000008000 xr
data             0x0000000000800060 0x0000000000000800 rw !x
eeprom           0x0000000000810000 0x0000000000000400 rw !x
fuse             0x0000000000820000 0x0000000000000002 rw !x
lock             0x0000000000830000 0x0000000000000400 rw !x
signature        0x0000000000840000 0x0000000000000400 rw !x
user_signatures  0x0000000000850000 0x0000000000000400 rw !x
*default*        0x0000000000000000 0xffffffffffffffff

Linker script and memory map

LOAD C:/Program Files (x86)/Atmel/Studio/7.0/Packs/atmel/ATmega_DFP/1.7.374/xc8/avr/lib/avr5/memx-const/crtatmega32.o
LOAD APP/APP.o
LOAD HAL/EEPROM/EEPROM_Interface.o
LOAD HAL/IO/LCD/LCD_Program.o
LOAD HAL/IO/LED/LED1/LED1_Interface.o
LOAD HAL/IO/LED/LED2/LED2_Interface.o
LOAD HAL/IO/LED/LED3/LED3_Interface.o
LOAD HAL/IO/LED/LED4/LED4_Interface.o
LOAD HAL/IO/LM35_TMP_Sensor/LM35_TMP_Sensor_Interface.o
LOAD HAL/IO/Motors/DC/DC_Interface.o
LOAD main.o
LOAD MCAL/ADC/ADC_Interface.o
LOAD MCAL/DIO/DIO_Interface.o
LOAD MCAL/INTERRUPT/Interrupts_Interface.o
LOAD MCAL/Timer0/Timer0_Interface.o
LOAD MCAL/UART/UART_Interface.o
LOAD MCAL/WatchDog/WatchDog_Interface.o
LOAD RTOS/SCR/croutine.o
LOAD RTOS/SCR/event_groups.o
LOAD RTOS/SCR/heap_1.o
LOAD RTOS/SCR/integer.o
LOAD RTOS/SCR/list.o
LOAD RTOS/SCR/PollQ.o
LOAD RTOS/SCR/port.o
LOAD RTOS/SCR/queue.o
LOAD RTOS/SCR/stream_buffer.o
LOAD RTOS/SCR/tasks.o
LOAD RTOS/SCR/timers.o
START GROUP
LOAD c:/program files/microchip/xc8/v2.36/avr/bin/../lib/gcc/avr/5.4.0/../../../../avr/lib/avr5/memx-const\libm.a
END GROUP
START GROUP
LOAD c:/program files/microchip/xc8/v2.36/avr/bin/../lib/gcc/avr/5.4.0/avr5/memx-const\libgcc.a
LOAD c:/program files/microchip/xc8/v2.36/avr/bin/../lib/gcc/avr/5.4.0/../../../../avr/lib/avr5/memx-const\libm.a
LOAD c:/program files/microchip/xc8/v2.36/avr/bin/../lib/gcc/avr/5.4.0/../../../../avr/lib/avr5/memx-const\libc.a
LOAD C:/Program Files (x86)/Atmel/Studio/7.0/Packs/atmel/ATmega_DFP/1.7.374/xc8/avr/lib/avr5/memx-const\libatmega32.a
END GROUP
                0x0000000000000000                __TEXT_REGION_ORIGIN__ = DEFINED (__TEXT_REGION_ORIGIN__)?__TEXT_REGION_ORIGIN__:0x0
                [0x0000000000800060]                __DATA_REGION_ORIGIN__ = DEFINED (__DATA_REGION_ORIGIN__)?__DATA_REGION_ORIGIN__:0x800060
                [0x0000000000008000]                __TEXT_REGION_LENGTH__ = DEFINED (__TEXT_REGION_LENGTH__)?__TEXT_REGION_LENGTH__:0x20000
                [0x0000000000000800]                __DATA_REGION_LENGTH__ = DEFINED (__DATA_REGION_LENGTH__)?__DATA_REGION_LENGTH__:0xffa0
                [0x0000000000000400]                __EEPROM_REGION_LENGTH__ = DEFINED (__EEPROM_REGION_LENGTH__)?__EEPROM_REGION_LENGTH__:0x10000
                [0x0000000000000002]                __FUSE_REGION_LENGTH__ = DEFINED (__FUSE_REGION_LENGTH__)?__FUSE_REGION_LENGTH__:0x400
                0x0000000000000400                __LOCK_REGION_LENGTH__ = DEFINED (__LOCK_REGION_LENGTH__)?__LOCK_REGION_LENGTH__:0x400
                0x0000000000000400                __SIGNATURE_REGION_LENGTH__ = DEFINED (__SIGNATURE_REGION_LENGTH__)?__SIGNATURE_REGION_LENGTH__:0x400
                0x0000000000000400                __USER_SIGNATURE_REGION_LENGTH__ = DEFINED (__USER_SIGNATURE_REGION_LENGTH__)?__USER_SIGNATURE_REGION_LENGTH__:0x400

.hash
 *(.hash)

.dynsym
 *(.dynsym)

.dynstr
 *(.dynstr)

.gnu.version
 *(.gnu.version)

.gnu.version_d
 *(.gnu.version_d)

.gnu.version_r
 *(.gnu.version_r)

.rel.init
 *(.rel.init)

.rela.init
 *(.rela.init)

.rel.text
 *(.rel.text)
 *(.rel.text.*)
 *(.rel.gnu.linkonce.t*)

.rela.text
 *(.rela.text)
 *(.rela.text.*)
 *(.rela.gnu.linkonce.t*)

.rel.fini
 *(.rel.fini)

.rela.fini
 *(.rela.fini)

.rel.rodata
 *(.rel.rodata)
 *(.rel.rodata.*)
 *(.rel.gnu.linkonce.r*)

.rela.rodata
 *(.rela.rodata)
 *(.rela.rodata.*)
 *(.rela.gnu.linkonce.r*)

.rel.data
 *(.rel.data)
 *(.rel.data.*)
 *(.rel.gnu.linkonce.d*)

.rela.data
 *(.rela.data)
 *(.rela.data.*)
 *(.rela.gnu.linkonce.d*)

.rel.ctors
 *(.rel.ctors)

.rela.ctors
 *(.rela.ctors)

.rel.dtors
 *(.rel.dtors)

.rela.dtors
 *(.rela.dtors)

.rel.got
 *(.rel.got)

.rela.got
 *(.rela.got)

.rel.bss
 *(.rel.bss)

.rela.bss
 *(.rela.bss)

.rel.plt
 *(.rel.plt)

.rela.plt
 *(.rela.plt)

.text           0x0000000000000000       0xd0
 *(.vectors)
 .vectors       0x0000000000000000       0x54 C:/Program Files (x86)/Atmel/Studio/7.0/Packs/atmel/ATmega_DFP/1.7.374/xc8/avr/lib/avr5/memx-const/crtatmega32.o
                0x0000000000000000                __vector_default
                0x0000000000000000                __vectors
 *(.vectors)
 *(.progmem.gcc*)
 .progmem.gcc_sw_table.ADC_Read
                0x0000000000000054       0x10 MCAL/ADC/ADC_Interface.o
 *(.dinit)
 .dinit         0x0000000000000064       0x18 data_init
                0x000000000000007c                . = ALIGN (0x2)
                0x000000000000007c                __trampolines_start = .
 *(.trampolines)
 .trampolines   0x000000000000007c        0x0 linker stubs
 *(.trampolines*)
                0x000000000000007c                __trampolines_end = .
 *libprintf_flt.a:*(.progmem.data)
 *libc.a:*(.progmem.data)
                0x000000000000007c                . = ALIGN (0x2)
 *(.jumptables)
 *(.jumptables*)
 *(.lowtext)
 *(.lowtext*)
                0x000000000000007c                __ctors_start = .
 *(.ctors)
                0x000000000000007c                __ctors_end = .
                0x000000000000007c                __dtors_start = .
 *(.dtors)
                0x000000000000007c                __dtors_end = .
 SORT(*)(.ctors)
 SORT(*)(.dtors)
 *(.init0)
 .init0         0x000000000000007c        0x0 C:/Program Files (x86)/Atmel/Studio/7.0/Packs/atmel/ATmega_DFP/1.7.374/xc8/avr/lib/avr5/memx-const/crtatmega32.o
                0x000000000000007c                __init
 *(.init0)
 *(.init1)
 *(.init1)
 *(.init2)
 .init2         0x000000000000007c        0xc C:/Program Files (x86)/Atmel/Studio/7.0/Packs/atmel/ATmega_DFP/1.7.374/xc8/avr/lib/avr5/memx-const/crtatmega32.o
 *(.init2)
 *(.init3)
 *(.init3)
 *(.init4)
 .init4         0x0000000000000088       0x3c c:/program files/microchip/xc8/v2.36/avr/bin/../lib/gcc/avr/5.4.0/avr5/memx-const\libgcc.a(_copy_data.o)
                0x0000000000000088                __do_copy_data
                0x00000000000000b6                __do_clear_bss
 *(.init4)
 *(.init5)
 *(.init5)
 *(.init6)
 *(.init6)
 *(.init7)
 *(.init7)
 *(.init8)
 *(.init8)
 *(.init9)
 .init9         0x00000000000000c4        0x8 C:/Program Files (x86)/Atmel/Studio/7.0/Packs/atmel/ATmega_DFP/1.7.374/xc8/avr/lib/avr5/memx-const/crtatmega32.o
 *(.init9)
                0x00000000000000cc                . = ALIGN (0x2)
 *(.fini9)
 .fini9         0x00000000000000cc        0x0 c:/program files/microchip/xc8/v2.36/avr/bin/../lib/gcc/avr/5.4.0/avr5/memx-const\libgcc.a(_exit.o)
                0x00000000000000cc                _exit
 *(.fini9)
 *(.fini8)
 *(.fini8)
 *(.fini7)
 *(.fini7)
 *(.fini6)
 *(.fini6)
 *(.fini5)
 *(.fini5)
 *(.fini4)
 *(.fini4)
 *(.fini3)
 *(.fini3)
 *(.fini2)
 *(.fini2)
 *(.fini1)
 *(.fini1)
 *(.fini0)
 .fini0         0x00000000000000cc        0x4 c:/program files/microchip/xc8/v2.36/avr/bin/../lib/gcc/avr/5.4.0/avr5/memx-const\libgcc.a(_exit.o)
 *(.fini0)
                0x00000000000000d0                _etext = .

.data           0x0000000000800060        0x0 load address 0x00000000000000d0
                [!provide]                        PROVIDE (__data_start, .)
 *(.gnu.linkonce.d*)
 *(.gnu.linkonce.r*)
                0x0000000000800060                . = ALIGN (0x2)
 *fill*         0x0000000000800060        0x0 
                0x0000000000800060                _edata = .
                [!provide]                        PROVIDE (__data_end, .)

.bss            0x0000000000800060       0x10
                [!provide]                        PROVIDE (__bss_start, .)
 *(COMMON)
 COMMON         0x0000000000800060       0x10 APP/APP.o
                0x0000000000800060                xHanleEEState
                0x0000000000800062                Bot1_Semaphore
                0x0000000000800064                xHanleFan1
                0x0000000000800066                xHanleUART
                0x0000000000800068                LCD_Semaphore
                0x000000000080006a                Emer_Semaphore
                0x000000000080006c                xHanleEmergency
                0x000000000080006e                xHanleTMP
                [!provide]                        PROVIDE (__bss_end, .)
                0x00000000000000d0                __data_load_start = LOADADDR (.data)
                0x00000000000000d0                __data_load_end = (__data_load_start + SIZEOF (.data))

.noinit         0x0000000000800070        0x0
                [!provide]                        PROVIDE (__noinit_start, .)
 *(.noinit*)
                [!provide]                        PROVIDE (__noinit_end, .)
                0x0000000000800070                _end = .

.eeprom         0x0000000000810000        0x0
 *(.eeprom*)
                0x0000000000810000                __eeprom_end = .

.fuse
 *(.fuse)
 *(.lfuse)
 *(.hfuse)
 *(.efuse)

.lock
 *(.lock*)

.signature
 *(.signature*)

.user_signatures
 *(.user_signatures*)

.stab
 *(.stab)

.stabstr
 *(.stabstr)

.stab.excl
 *(.stab.excl)

.stab.exclstr
 *(.stab.exclstr)

.stab.index
 *(.stab.index)

.stab.indexstr
 *(.stab.indexstr)

.comment        0x0000000000000000       0x2f
 *(.comment)
 .comment       0x0000000000000000       0x2f APP/APP.o
                                         0x30 (size before relaxing)
 .comment       0x000000000000002f       0x30 HAL/IO/LCD/LCD_Program.o
 .comment       0x000000000000002f       0x30 HAL/IO/LED/LED1/LED1_Interface.o
 .comment       0x000000000000002f       0x30 HAL/IO/LM35_TMP_Sensor/LM35_TMP_Sensor_Interface.o
 .comment       0x000000000000002f       0x30 HAL/IO/Motors/DC/DC_Interface.o
 .comment       0x000000000000002f       0x30 main.o
 .comment       0x000000000000002f       0x30 MCAL/ADC/ADC_Interface.o
 .comment       0x000000000000002f       0x30 MCAL/DIO/DIO_Interface.o
 .comment       0x000000000000002f       0x30 MCAL/INTERRUPT/Interrupts_Interface.o
 .comment       0x000000000000002f       0x30 MCAL/UART/UART_Interface.o
 .comment       0x000000000000002f       0x30 RTOS/SCR/heap_1.o
 .comment       0x000000000000002f       0x30 RTOS/SCR/list.o
 .comment       0x000000000000002f       0x30 RTOS/SCR/port.o
 .comment       0x000000000000002f       0x30 RTOS/SCR/queue.o
 .comment       0x000000000000002f       0x30 RTOS/SCR/tasks.o
 .comment       0x000000000000002f       0x30 c:/program files/microchip/xc8/v2.36/avr/bin/../lib/gcc/avr/5.4.0/../../../../avr/lib/avr5/memx-const\libc.a(exit.o)
 .comment       0x000000000000002f       0x30 c:/program files/microchip/xc8/v2.36/avr/bin/../lib/gcc/avr/5.4.0/../../../../avr/lib/avr5/memx-const\libc.a(memcpy.o)
 .comment       0x000000000000002f       0x30 c:/program files/microchip/xc8/v2.36/avr/bin/../lib/gcc/avr/5.4.0/../../../../avr/lib/avr5/memx-const\libc.a(_Exit.o)

.stack.descriptors.hdr
                0x0000000000000000      0x16c
 .stack.descriptors.hdr
                0x0000000000000000        0xe c:/program files/microchip/xc8/v2.36/avr/bin/../lib/gcc/avr/5.4.0/../../../../avr/lib/avr5/memx-const\libm.a(cmpsf2.o)
 .stack.descriptors.hdr
                0x000000000000000e        0xe c:/program files/microchip/xc8/v2.36/avr/bin/../lib/gcc/avr/5.4.0/../../../../avr/lib/avr5/memx-const\libm.a(fixunssfsi.o)
 .stack.descriptors.hdr
                0x000000000000001c        0xe c:/program files/microchip/xc8/v2.36/avr/bin/../lib/gcc/avr/5.4.0/../../../../avr/lib/avr5/memx-const\libm.a(floatsisf.o)
 .stack.descriptors.hdr
                0x000000000000002a        0xe c:/program files/microchip/xc8/v2.36/avr/bin/../lib/gcc/avr/5.4.0/../../../../avr/lib/avr5/memx-const\libm.a(fp_cmp.o)
 .stack.descriptors.hdr
                0x0000000000000038        0xe c:/program files/microchip/xc8/v2.36/avr/bin/../lib/gcc/avr/5.4.0/../../../../avr/lib/avr5/memx-const\libm.a(fp_split3.o)
 .stack.descriptors.hdr
                0x0000000000000046        0xe c:/program files/microchip/xc8/v2.36/avr/bin/../lib/gcc/avr/5.4.0/../../../../avr/lib/avr5/memx-const\libm.a(fp_zero.o)
 .stack.descriptors.hdr
                0x0000000000000054        0xe c:/program files/microchip/xc8/v2.36/avr/bin/../lib/gcc/avr/5.4.0/../../../../avr/lib/avr5/memx-const\libm.a(gesf2.o)
 .stack.descriptors.hdr
                0x0000000000000062        0xe c:/program files/microchip/xc8/v2.36/avr/bin/../lib/gcc/avr/5.4.0/../../../../avr/lib/avr5/memx-const\libm.a(mulsf3.o)
 .stack.descriptors.hdr
                0x0000000000000070        0xe c:/program files/microchip/xc8/v2.36/avr/bin/../lib/gcc/avr/5.4.0/../../../../avr/lib/avr5/memx-const\libm.a(mulsf3x.o)
 .stack.descriptors.hdr
                0x000000000000007e        0xe c:/program files/microchip/xc8/v2.36/avr/bin/../lib/gcc/avr/5.4.0/../../../../avr/lib/avr5/memx-const\libm.a(fp_inf.o)
 .stack.descriptors.hdr
                0x000000000000008c        0xe c:/program files/microchip/xc8/v2.36/avr/bin/../lib/gcc/avr/5.4.0/../../../../avr/lib/avr5/memx-const\libm.a(fp_nan.o)
 .stack.descriptors.hdr
                0x000000000000009a        0xe c:/program files/microchip/xc8/v2.36/avr/bin/../lib/gcc/avr/5.4.0/../../../../avr/lib/avr5/memx-const\libm.a(fp_pscA.o)
 .stack.descriptors.hdr
                0x00000000000000a8        0xe c:/program files/microchip/xc8/v2.36/avr/bin/../lib/gcc/avr/5.4.0/../../../../avr/lib/avr5/memx-const\libm.a(fp_pscB.o)
 .stack.descriptors.hdr
                0x00000000000000b6        0xe c:/program files/microchip/xc8/v2.36/avr/bin/../lib/gcc/avr/5.4.0/../../../../avr/lib/avr5/memx-const\libm.a(fp_round.o)
 .stack.descriptors.hdr
                0x00000000000000c4        0xe c:/program files/microchip/xc8/v2.36/avr/bin/../lib/gcc/avr/5.4.0/avr5/memx-const\libgcc.a(_divmodhi4.o)
 .stack.descriptors.hdr
                0x00000000000000d2        0xe c:/program files/microchip/xc8/v2.36/avr/bin/../lib/gcc/avr/5.4.0/avr5/memx-const\libgcc.a(_udivmodsi4.o)
 .stack.descriptors.hdr
                0x00000000000000e0        0xe c:/program files/microchip/xc8/v2.36/avr/bin/../lib/gcc/avr/5.4.0/avr5/memx-const\libgcc.a(_divmodsi4.o)
 .stack.descriptors.hdr
                0x00000000000000ee        0xe c:/program files/microchip/xc8/v2.36/avr/bin/../lib/gcc/avr/5.4.0/avr5/memx-const\libgcc.a(_negsi2.o)
 .stack.descriptors.hdr
                0x00000000000000fc        0xe c:/program files/microchip/xc8/v2.36/avr/bin/../lib/gcc/avr/5.4.0/avr5/memx-const\libgcc.a(_tablejump2.o)
 .stack.descriptors.hdr
                0x000000000000010a        0xe c:/program files/microchip/xc8/v2.36/avr/bin/../lib/gcc/avr/5.4.0/avr5/memx-const\libgcc.a(_umulhisi3.o)
 .stack.descriptors.hdr
                0x0000000000000118        0xe c:/program files/microchip/xc8/v2.36/avr/bin/../lib/gcc/avr/5.4.0/avr5/memx-const\libgcc.a(_xload_2.o)
 .stack.descriptors.hdr
                0x0000000000000126        0xe c:/program files/microchip/xc8/v2.36/avr/bin/../lib/gcc/avr/5.4.0/avr5/memx-const\libgcc.a(_udivmodhi4.o)
 .stack.descriptors.hdr
                0x0000000000000134        0xe C:/Program Files (x86)/Atmel/Studio/7.0/Packs/atmel/ATmega_DFP/1.7.374/xc8/avr/lib/avr5/memx-const\libatmega32.a(eerd_byte.o)
 .stack.descriptors.hdr
                0x0000000000000142        0xe C:/Program Files (x86)/Atmel/Studio/7.0/Packs/atmel/ATmega_DFP/1.7.374/xc8/avr/lib/avr5/memx-const\libatmega32.a(eeupd_byte.o)
 .stack.descriptors.hdr
                0x0000000000000150        0xe C:/Program Files (x86)/Atmel/Studio/7.0/Packs/atmel/ATmega_DFP/1.7.374/xc8/avr/lib/avr5/memx-const\libatmega32.a(eewr_byte.o)
 .stack.descriptors.hdr
                0x000000000000015e        0xe c:/program files/microchip/xc8/v2.36/avr/bin/../lib/gcc/avr/5.4.0/avr5/memx-const\libgcc.a(_exit.o)

.note.GNU-stack
                0x0000000000000000        0x0
 .note.GNU-stack
                0x0000000000000000        0x0 c:/program files/microchip/xc8/v2.36/avr/bin/../lib/gcc/avr/5.4.0/../../../../avr/lib/avr5/memx-const\libm.a(cmpsf2.o)
 .note.GNU-stack
                0x0000000000000000        0x0 c:/program files/microchip/xc8/v2.36/avr/bin/../lib/gcc/avr/5.4.0/../../../../avr/lib/avr5/memx-const\libm.a(fixunssfsi.o)
 .note.GNU-stack
                0x0000000000000000        0x0 c:/program files/microchip/xc8/v2.36/avr/bin/../lib/gcc/avr/5.4.0/../../../../avr/lib/avr5/memx-const\libm.a(floatsisf.o)
 .note.GNU-stack
                0x0000000000000000        0x0 c:/program files/microchip/xc8/v2.36/avr/bin/../lib/gcc/avr/5.4.0/../../../../avr/lib/avr5/memx-const\libm.a(fp_cmp.o)
 .note.GNU-stack
                0x0000000000000000        0x0 c:/program files/microchip/xc8/v2.36/avr/bin/../lib/gcc/avr/5.4.0/../../../../avr/lib/avr5/memx-const\libm.a(fp_split3.o)
 .note.GNU-stack
                0x0000000000000000        0x0 c:/program files/microchip/xc8/v2.36/avr/bin/../lib/gcc/avr/5.4.0/../../../../avr/lib/avr5/memx-const\libm.a(fp_zero.o)
 .note.GNU-stack
                0x0000000000000000        0x0 c:/program files/microchip/xc8/v2.36/avr/bin/../lib/gcc/avr/5.4.0/../../../../avr/lib/avr5/memx-const\libm.a(gesf2.o)
 .note.GNU-stack
                0x0000000000000000        0x0 c:/program files/microchip/xc8/v2.36/avr/bin/../lib/gcc/avr/5.4.0/../../../../avr/lib/avr5/memx-const\libm.a(mulsf3.o)
 .note.GNU-stack
                0x0000000000000000        0x0 c:/program files/microchip/xc8/v2.36/avr/bin/../lib/gcc/avr/5.4.0/../../../../avr/lib/avr5/memx-const\libm.a(mulsf3x.o)
 .note.GNU-stack
                0x0000000000000000        0x0 c:/program files/microchip/xc8/v2.36/avr/bin/../lib/gcc/avr/5.4.0/../../../../avr/lib/avr5/memx-const\libm.a(fp_inf.o)
 .note.GNU-stack
                0x0000000000000000        0x0 c:/program files/microchip/xc8/v2.36/avr/bin/../lib/gcc/avr/5.4.0/../../../../avr/lib/avr5/memx-const\libm.a(fp_nan.o)
 .note.GNU-stack
                0x0000000000000000        0x0 c:/program files/microchip/xc8/v2.36/avr/bin/../lib/gcc/avr/5.4.0/../../../../avr/lib/avr5/memx-const\libm.a(fp_pscA.o)
 .note.GNU-stack
                0x0000000000000000        0x0 c:/program files/microchip/xc8/v2.36/avr/bin/../lib/gcc/avr/5.4.0/../../../../avr/lib/avr5/memx-const\libm.a(fp_pscB.o)
 .note.GNU-stack
                0x0000000000000000        0x0 c:/program files/microchip/xc8/v2.36/avr/bin/../lib/gcc/avr/5.4.0/../../../../avr/lib/avr5/memx-const\libm.a(fp_round.o)
 .note.GNU-stack
                0x0000000000000000        0x0 c:/program files/microchip/xc8/v2.36/avr/bin/../lib/gcc/avr/5.4.0/../../../../avr/lib/avr5/memx-const\libc.a(exit.o)
 .note.GNU-stack
                0x0000000000000000        0x0 c:/program files/microchip/xc8/v2.36/avr/bin/../lib/gcc/avr/5.4.0/../../../../avr/lib/avr5/memx-const\libc.a(memcpy.o)
 .note.GNU-stack
                0x0000000000000000        0x0 c:/program files/microchip/xc8/v2.36/avr/bin/../lib/gcc/avr/5.4.0/../../../../avr/lib/avr5/memx-const\libc.a(_Exit.o)

.note.gnu.build-id
 *(.note.gnu.build-id)

.debug
 *(.debug)

.line
 *(.line)

.debug_srcinfo
 *(.debug_srcinfo)

.debug_sfnames
 *(.debug_sfnames)

.debug_aranges  0x0000000000000000      0x640
 *(.debug_aranges)
 .debug_aranges
                0x0000000000000000       0x98 APP/APP.o
 .debug_aranges
                0x0000000000000098       0x68 HAL/IO/LCD/LCD_Program.o
 .debug_aranges
                0x0000000000000100       0x48 HAL/IO/LED/LED1/LED1_Interface.o
 .debug_aranges
                0x0000000000000148       0x28 HAL/IO/LM35_TMP_Sensor/LM35_TMP_Sensor_Interface.o
 .debug_aranges
                0x0000000000000170       0x38 HAL/IO/Motors/DC/DC_Interface.o
 .debug_aranges
                0x00000000000001a8       0x20 main.o
 .debug_aranges
                0x00000000000001c8       0x28 MCAL/ADC/ADC_Interface.o
 .debug_aranges
                0x00000000000001f0       0x68 MCAL/DIO/DIO_Interface.o
 .debug_aranges
                0x0000000000000258       0x30 MCAL/INTERRUPT/Interrupts_Interface.o
 .debug_aranges
                0x0000000000000288       0x60 MCAL/UART/UART_Interface.o
 .debug_aranges
                0x00000000000002e8       0x38 RTOS/SCR/heap_1.o
 .debug_aranges
                0x0000000000000320       0x40 RTOS/SCR/list.o
 .debug_aranges
                0x0000000000000360       0x50 RTOS/SCR/port.o
 .debug_aranges
                0x00000000000003b0       0xc8 RTOS/SCR/queue.o
 .debug_aranges
                0x0000000000000478      0x168 RTOS/SCR/tasks.o
 .debug_aranges
                0x00000000000005e0       0x20 C:/Program Files (x86)/Atmel/Studio/7.0/Packs/atmel/ATmega_DFP/1.7.374/xc8/avr/lib/avr5/memx-const\libatmega32.a(eerd_byte.o)
 .debug_aranges
                0x0000000000000600       0x20 C:/Program Files (x86)/Atmel/Studio/7.0/Packs/atmel/ATmega_DFP/1.7.374/xc8/avr/lib/avr5/memx-const\libatmega32.a(eeupd_byte.o)
 .debug_aranges
                0x0000000000000620       0x20 C:/Program Files (x86)/Atmel/Studio/7.0/Packs/atmel/ATmega_DFP/1.7.374/xc8/avr/lib/avr5/memx-const\libatmega32.a(eewr_byte.o)

.debug_pubnames
 *(.debug_pubnames)

.debug_info     0x0000000000000000     0xa153
 *(.debug_info .gnu.linkonce.wi.*)
 .debug_info    0x0000000000000000      0x4e6 C:/Program Files (x86)/Atmel/Studio/7.0/Packs/atmel/ATmega_DFP/1.7.374/xc8/avr/lib/avr5/memx-const/crtatmega32.o
 .debug_info    0x00000000000004e6     0x194d APP/APP.o
 .debug_info    0x0000000000001e33      0xb63 HAL/IO/LCD/LCD_Program.o
 .debug_info    0x0000000000002996      0x546 HAL/IO/LED/LED1/LED1_Interface.o
 .debug_info    0x0000000000002edc      0x44f HAL/IO/LM35_TMP_Sensor/LM35_TMP_Sensor_Interface.o
 .debug_info    0x000000000000332b      0x77c HAL/IO/Motors/DC/DC_Interface.o
 .debug_info    0x0000000000003aa7      0x2fe main.o
 .debug_info    0x0000000000003da5      0x45e MCAL/ADC/ADC_Interface.o
 .debug_info    0x0000000000004203      0x68a MCAL/DIO/DIO_Interface.o
 .debug_info    0x000000000000488d      0x405 MCAL/INTERRUPT/Interrupts_Interface.o
 .debug_info    0x0000000000004c92      0x80d MCAL/UART/UART_Interface.o
 .debug_info    0x000000000000549f      0x432 RTOS/SCR/heap_1.o
 .debug_info    0x00000000000058d1      0x5c3 RTOS/SCR/list.o
 .debug_info    0x0000000000005e94      0x539 RTOS/SCR/port.o
 .debug_info    0x00000000000063cd     0x182c RTOS/SCR/queue.o
 .debug_info    0x0000000000007bf9     0x235e RTOS/SCR/tasks.o
 .debug_info    0x0000000000009f57       0xa9 C:/Program Files (x86)/Atmel/Studio/7.0/Packs/atmel/ATmega_DFP/1.7.374/xc8/avr/lib/avr5/memx-const\libatmega32.a(eerd_byte.o)
 .debug_info    0x000000000000a000       0xaa C:/Program Files (x86)/Atmel/Studio/7.0/Packs/atmel/ATmega_DFP/1.7.374/xc8/avr/lib/avr5/memx-const\libatmega32.a(eeupd_byte.o)
 .debug_info    0x000000000000a0aa       0xa9 C:/Program Files (x86)/Atmel/Studio/7.0/Packs/atmel/ATmega_DFP/1.7.374/xc8/avr/lib/avr5/memx-const\libatmega32.a(eewr_byte.o)

.debug_abbrev   0x0000000000000000     0x189b
 *(.debug_abbrev)
 .debug_abbrev  0x0000000000000000      0x4a3 C:/Program Files (x86)/Atmel/Studio/7.0/Packs/atmel/ATmega_DFP/1.7.374/xc8/avr/lib/avr5/memx-const/crtatmega32.o
 .debug_abbrev  0x00000000000004a3      0x28a APP/APP.o
 .debug_abbrev  0x000000000000072d      0x19f HAL/IO/LCD/LCD_Program.o
 .debug_abbrev  0x00000000000008cc       0xc0 HAL/IO/LED/LED1/LED1_Interface.o
 .debug_abbrev  0x000000000000098c       0xc3 HAL/IO/LM35_TMP_Sensor/LM35_TMP_Sensor_Interface.o
 .debug_abbrev  0x0000000000000a4f       0xdd HAL/IO/Motors/DC/DC_Interface.o
 .debug_abbrev  0x0000000000000b2c       0x6c main.o
 .debug_abbrev  0x0000000000000b98       0xb6 MCAL/ADC/ADC_Interface.o
 .debug_abbrev  0x0000000000000c4e       0xdf MCAL/DIO/DIO_Interface.o
 .debug_abbrev  0x0000000000000d2d       0x85 MCAL/INTERRUPT/Interrupts_Interface.o
 .debug_abbrev  0x0000000000000db2      0x151 MCAL/UART/UART_Interface.o
 .debug_abbrev  0x0000000000000f03      0x11e RTOS/SCR/heap_1.o
 .debug_abbrev  0x0000000000001021      0x130 RTOS/SCR/list.o
 .debug_abbrev  0x0000000000001151      0x15f RTOS/SCR/port.o
 .debug_abbrev  0x00000000000012b0      0x2ac RTOS/SCR/queue.o
 .debug_abbrev  0x000000000000155c      0x303 RTOS/SCR/tasks.o
 .debug_abbrev  0x000000000000185f       0x14 C:/Program Files (x86)/Atmel/Studio/7.0/Packs/atmel/ATmega_DFP/1.7.374/xc8/avr/lib/avr5/memx-const\libatmega32.a(eerd_byte.o)
 .debug_abbrev  0x0000000000001873       0x14 C:/Program Files (x86)/Atmel/Studio/7.0/Packs/atmel/ATmega_DFP/1.7.374/xc8/avr/lib/avr5/memx-const\libatmega32.a(eeupd_byte.o)
 .debug_abbrev  0x0000000000001887       0x14 C:/Program Files (x86)/Atmel/Studio/7.0/Packs/atmel/ATmega_DFP/1.7.374/xc8/avr/lib/avr5/memx-const\libatmega32.a(eewr_byte.o)

.debug_line     0x0000000000000000     0x3c67
 *(.debug_line .debug_line.* .debug_line_end)
 .debug_line    0x0000000000000000      0x119 C:/Program Files (x86)/Atmel/Studio/7.0/Packs/atmel/ATmega_DFP/1.7.374/xc8/avr/lib/avr5/memx-const/crtatmega32.o
 .debug_line    0x0000000000000119      0x7c7 APP/APP.o
 .debug_line    0x00000000000008e0      0x35e HAL/IO/LCD/LCD_Program.o
 .debug_line    0x0000000000000c3e      0x141 HAL/IO/LED/LED1/LED1_Interface.o
 .debug_line    0x0000000000000d7f      0x148 HAL/IO/LM35_TMP_Sensor/LM35_TMP_Sensor_Interface.o
 .debug_line    0x0000000000000ec7      0x205 HAL/IO/Motors/DC/DC_Interface.o
 .debug_line    0x00000000000010cc       0x77 main.o
 .debug_line    0x0000000000001143      0x146 MCAL/ADC/ADC_Interface.o
 .debug_line    0x0000000000001289      0x434 MCAL/DIO/DIO_Interface.o
 .debug_line    0x00000000000016bd      0x191 MCAL/INTERRUPT/Interrupts_Interface.o
 .debug_line    0x000000000000184e      0x408 MCAL/UART/UART_Interface.o
 .debug_line    0x0000000000001c56      0x128 RTOS/SCR/heap_1.o
 .debug_line    0x0000000000001d7e      0x1c8 RTOS/SCR/list.o
 .debug_line    0x0000000000001f46      0x297 RTOS/SCR/port.o
 .debug_line    0x00000000000021dd      0x9bd RTOS/SCR/queue.o
 .debug_line    0x0000000000002b9a      0xefd RTOS/SCR/tasks.o
 .debug_line    0x0000000000003a97       0x82 C:/Program Files (x86)/Atmel/Studio/7.0/Packs/atmel/ATmega_DFP/1.7.374/xc8/avr/lib/avr5/memx-const\libatmega32.a(eerd_byte.o)
 .debug_line    0x0000000000003b19       0xb3 C:/Program Files (x86)/Atmel/Studio/7.0/Packs/atmel/ATmega_DFP/1.7.374/xc8/avr/lib/avr5/memx-const\libatmega32.a(eeupd_byte.o)
 .debug_line    0x0000000000003bcc       0x9b C:/Program Files (x86)/Atmel/Studio/7.0/Packs/atmel/ATmega_DFP/1.7.374/xc8/avr/lib/avr5/memx-const\libatmega32.a(eewr_byte.o)

.debug_frame    0x0000000000000000     0x10ac
 *(.debug_frame)
 .debug_frame   0x0000000000000000      0x230 APP/APP.o
 .debug_frame   0x0000000000000230      0x118 HAL/IO/LCD/LCD_Program.o
 .debug_frame   0x0000000000000348       0x74 HAL/IO/LED/LED1/LED1_Interface.o
 .debug_frame   0x00000000000003bc       0x34 HAL/IO/LM35_TMP_Sensor/LM35_TMP_Sensor_Interface.o
 .debug_frame   0x00000000000003f0       0x5c HAL/IO/Motors/DC/DC_Interface.o
 .debug_frame   0x000000000000044c       0x24 main.o
 .debug_frame   0x0000000000000470       0x34 MCAL/ADC/ADC_Interface.o
 .debug_frame   0x00000000000004a4       0xb4 MCAL/DIO/DIO_Interface.o
 .debug_frame   0x0000000000000558       0x44 MCAL/INTERRUPT/Interrupts_Interface.o
 .debug_frame   0x000000000000059c      0x108 MCAL/UART/UART_Interface.o
 .debug_frame   0x00000000000006a4       0x60 RTOS/SCR/heap_1.o
 .debug_frame   0x0000000000000704       0x88 RTOS/SCR/list.o
 .debug_frame   0x000000000000078c       0xcc RTOS/SCR/port.o
 .debug_frame   0x0000000000000858      0x2e8 RTOS/SCR/queue.o
 .debug_frame   0x0000000000000b40      0x56c RTOS/SCR/tasks.o

.debug_str      0x0000000000000000      0x8ff
 *(.debug_str)
 .debug_str     0x0000000000000000      0x196 C:/Program Files (x86)/Atmel/Studio/7.0/Packs/atmel/ATmega_DFP/1.7.374/xc8/avr/lib/avr5/memx-const/crtatmega32.o
 .debug_str     0x0000000000000196      0x1f2 APP/APP.o
 .debug_str     0x0000000000000388       0x3f HAL/IO/LCD/LCD_Program.o
 .debug_str     0x00000000000003c7       0x4c HAL/IO/LED/LED1/LED1_Interface.o
 .debug_str     0x0000000000000413       0x1d HAL/IO/LM35_TMP_Sensor/LM35_TMP_Sensor_Interface.o
 .debug_str     0x0000000000000430       0x2a HAL/IO/Motors/DC/DC_Interface.o
 .debug_str     0x000000000000045a       0x2c main.o
 .debug_str     0x0000000000000486        0x0 MCAL/ADC/ADC_Interface.o
 .debug_str     0x0000000000000486        0x5 MCAL/DIO/DIO_Interface.o
 .debug_str     0x000000000000048b        0x0 MCAL/INTERRUPT/Interrupts_Interface.o
 .debug_str     0x000000000000048b       0x25 MCAL/UART/UART_Interface.o
 .debug_str     0x00000000000004b0       0x1f RTOS/SCR/heap_1.o
 .debug_str     0x00000000000004cf       0x2b RTOS/SCR/list.o
 .debug_str     0x00000000000004fa       0x26 RTOS/SCR/port.o
 .debug_str     0x0000000000000520      0x1ec RTOS/SCR/queue.o
 .debug_str     0x000000000000070c      0x1f3 RTOS/SCR/tasks.o

.debug_loc      0x0000000000000000     0x5704
 *(.debug_loc)
 .debug_loc     0x0000000000000000      0x931 APP/APP.o
 .debug_loc     0x0000000000000931      0x4c7 HAL/IO/LCD/LCD_Program.o
 .debug_loc     0x0000000000000df8       0x21 HAL/IO/LED/LED1/LED1_Interface.o
 .debug_loc     0x0000000000000e19       0x28 HAL/IO/LM35_TMP_Sensor/LM35_TMP_Sensor_Interface.o
 .debug_loc     0x0000000000000e41      0x138 HAL/IO/Motors/DC/DC_Interface.o
 .debug_loc     0x0000000000000f79      0x12b MCAL/ADC/ADC_Interface.o
 .debug_loc     0x00000000000010a4      0x628 MCAL/DIO/DIO_Interface.o
 .debug_loc     0x00000000000016cc       0xd8 MCAL/INTERRUPT/Interrupts_Interface.o
 .debug_loc     0x00000000000017a4      0x583 MCAL/UART/UART_Interface.o
 .debug_loc     0x0000000000001d27       0xf1 RTOS/SCR/heap_1.o
 .debug_loc     0x0000000000001e18      0x145 RTOS/SCR/list.o
 .debug_loc     0x0000000000001f5d      0x36b RTOS/SCR/port.o
 .debug_loc     0x00000000000022c8     0x1885 RTOS/SCR/queue.o
 .debug_loc     0x0000000000003b4d     0x1bb7 RTOS/SCR/tasks.o

.debug_macinfo
 *(.debug_macinfo)

.debug_weaknames
 *(.debug_weaknames)

.debug_funcnames
 *(.debug_funcnames)

.debug_typenames
 *(.debug_typenames)

.debug_varnames
 *(.debug_varnames)

.debug_pubtypes
 *(.debug_pubtypes)

.debug_ranges   0x0000000000000000      0x558
 *(.debug_ranges)
 .debug_ranges  0x0000000000000000       0x88 APP/APP.o
 .debug_ranges  0x0000000000000088       0x58 HAL/IO/LCD/LCD_Program.o
 .debug_ranges  0x00000000000000e0       0x38 HAL/IO/LED/LED1/LED1_Interface.o
 .debug_ranges  0x0000000000000118       0x18 HAL/IO/LM35_TMP_Sensor/LM35_TMP_Sensor_Interface.o
 .debug_ranges  0x0000000000000130       0x28 HAL/IO/Motors/DC/DC_Interface.o
 .debug_ranges  0x0000000000000158       0x10 main.o
 .debug_ranges  0x0000000000000168       0x18 MCAL/ADC/ADC_Interface.o
 .debug_ranges  0x0000000000000180       0x58 MCAL/DIO/DIO_Interface.o
 .debug_ranges  0x00000000000001d8       0x20 MCAL/INTERRUPT/Interrupts_Interface.o
 .debug_ranges  0x00000000000001f8       0x50 MCAL/UART/UART_Interface.o
 .debug_ranges  0x0000000000000248       0x28 RTOS/SCR/heap_1.o
 .debug_ranges  0x0000000000000270       0x30 RTOS/SCR/list.o
 .debug_ranges  0x00000000000002a0       0x40 RTOS/SCR/port.o
 .debug_ranges  0x00000000000002e0      0x100 RTOS/SCR/queue.o
 .debug_ranges  0x00000000000003e0      0x178 RTOS/SCR/tasks.o

.debug_macro
 *(.debug_macro)
OUTPUT(MCU1_CODE.elf elf32-avr)
LOAD linker stubs
LOAD data_init

.note.gnu.avr.deviceinfo
                0x0000000000000000       0x3c
 .note.gnu.avr.deviceinfo
                0x0000000000000000       0x3c C:/Program Files (x86)/Atmel/Studio/7.0/Packs/atmel/ATmega_DFP/1.7.374/xc8/avr/lib/avr5/memx-const/crtatmega32.o

.bss.temperature
                0x00000000008006d3        0x2
 .bss.temperature
                0x00000000008006d3        0x2 APP/APP.o
                0x00000000008006d3                temperature

.bss.temp_counter
                0x00000000008006e7        0x1
 .bss.temp_counter
                0x00000000008006e7        0x1 APP/APP.o
                0x00000000008006e7                temp_counter

.bss.bot1_intur
                0x00000000008006e8        0x1
 .bss.bot1_intur
                0x00000000008006e8        0x1 APP/APP.o
                0x00000000008006e8                bot1_intur

.bss.reset      0x00000000008006e9        0x1
 .bss.reset     0x00000000008006e9        0x1 APP/APP.o
                0x00000000008006e9                reset

.bss.DC_fan1    0x00000000008006ea        0x1
 .bss.DC_fan1   0x00000000008006ea        0x1 APP/APP.o
                0x00000000008006ea                DC_fan1

.bss.emergency_counter
                0x00000000008006eb        0x1
 .bss.emergency_counter
                0x00000000008006eb        0x1 APP/APP.o
                0x00000000008006eb                emergency_counter

.bss.emergency_flag
                0x00000000008006ec        0x1
 .bss.emergency_flag
                0x00000000008006ec        0x1 APP/APP.o
                0x00000000008006ec                emergency_flag

.bss.buttonPressed
                0x00000000008006ed        0x1
 .bss.buttonPressed
                0x00000000008006ed        0x1 APP/APP.o
                0x00000000008006ed                buttonPressed

.bss.currentState
                0x00000000008006ee        0x1
 .bss.currentState
                0x00000000008006ee        0x1 APP/APP.o
                0x00000000008006ee                currentState

.bss.pucAlignedHeap.2045
                0x00000000008006d5        0x2
 .bss.pucAlignedHeap.2045
                0x00000000008006d5        0x2 RTOS/SCR/heap_1.o

.bss.xNextFreeByte
                0x00000000008006d7        0x2
 .bss.xNextFreeByte
                0x00000000008006d7        0x2 RTOS/SCR/heap_1.o

.bss.ucHeap     0x0000000000800070      0x5dc
 .bss.ucHeap    0x0000000000800070      0x5dc RTOS/SCR/heap_1.o

.bss.uxSchedulerSuspended
                0x00000000008006ef        0x1
 .bss.uxSchedulerSuspended
                0x00000000008006ef        0x1 RTOS/SCR/tasks.o

.bss.xIdleTaskHandle
                0x00000000008006d9        0x2
 .bss.xIdleTaskHandle
                0x00000000008006d9        0x2 RTOS/SCR/tasks.o

.bss.xNextTaskUnblockTime
                0x00000000008006db        0x2
 .bss.xNextTaskUnblockTime
                0x00000000008006db        0x2 RTOS/SCR/tasks.o

.bss.uxTaskNumber
                0x00000000008006f0        0x1
 .bss.uxTaskNumber
                0x00000000008006f0        0x1 RTOS/SCR/tasks.o

.bss.xNumOfOverflows
                0x00000000008006f1        0x1
 .bss.xNumOfOverflows
                0x00000000008006f1        0x1 RTOS/SCR/tasks.o

.bss.xYieldPending
                0x00000000008006f2        0x1
 .bss.xYieldPending
                0x00000000008006f2        0x1 RTOS/SCR/tasks.o

.bss.uxPendedTicks
                0x00000000008006f3        0x1
 .bss.uxPendedTicks
                0x00000000008006f3        0x1 RTOS/SCR/tasks.o

.bss.xSchedulerRunning
                0x00000000008006f4        0x1
 .bss.xSchedulerRunning
                0x00000000008006f4        0x1 RTOS/SCR/tasks.o

.bss.uxTopReadyPriority
                0x00000000008006f5        0x1
 .bss.uxTopReadyPriority
                0x00000000008006f5        0x1 RTOS/SCR/tasks.o

.bss.xTickCount
                0x00000000008006dd        0x2
 .bss.xTickCount
                0x00000000008006dd        0x2 RTOS/SCR/tasks.o

.bss.uxCurrentNumberOfTasks
                0x00000000008006f6        0x1
 .bss.uxCurrentNumberOfTasks
                0x00000000008006f6        0x1 RTOS/SCR/tasks.o

.bss.xSuspendedTaskList
                0x00000000008006a6        0x9
 .bss.xSuspendedTaskList
                0x00000000008006a6        0x9 RTOS/SCR/tasks.o

.bss.uxDeletedTasksWaitingCleanUp
                0x00000000008006f7        0x1
 .bss.uxDeletedTasksWaitingCleanUp
                0x00000000008006f7        0x1 RTOS/SCR/tasks.o

.bss.xTasksWaitingTermination
                0x00000000008006af        0x9
 .bss.xTasksWaitingTermination
                0x00000000008006af        0x9 RTOS/SCR/tasks.o

.bss.xPendingReadyList
                0x00000000008006b8        0x9
 .bss.xPendingReadyList
                0x00000000008006b8        0x9 RTOS/SCR/tasks.o

.bss.pxOverflowDelayedTaskList
                0x00000000008006df        0x2
 .bss.pxOverflowDelayedTaskList
                0x00000000008006df        0x2 RTOS/SCR/tasks.o

.bss.pxDelayedTaskList
                0x00000000008006e1        0x2
 .bss.pxDelayedTaskList
                0x00000000008006e1        0x2 RTOS/SCR/tasks.o

.bss.xDelayedTaskList2
                0x00000000008006c1        0x9
 .bss.xDelayedTaskList2
                0x00000000008006c1        0x9 RTOS/SCR/tasks.o

.bss.xDelayedTaskList1
                0x00000000008006ca        0x9
 .bss.xDelayedTaskList1
                0x00000000008006ca        0x9 RTOS/SCR/tasks.o

.bss.pxReadyTasksLists
                0x000000000080064c       0x5a
 .bss.pxReadyTasksLists
                0x000000000080064c       0x5a RTOS/SCR/tasks.o

.bss.pxCurrentTCB
                0x00000000008006e3        0x2
 .bss.pxCurrentTCB
                0x00000000008006e3        0x2 RTOS/SCR/tasks.o
                0x00000000008006e3                pxCurrentTCB

.progmemx.data  0x00000000000000d0       0x46
 .progmemx.data
                0x00000000000000d0       0x46 APP/APP.o

.progmemx.data  0x0000000000000116        0x5
 .progmemx.data
                0x0000000000000116        0x5 RTOS/SCR/tasks.o

.data.EEPROM_State_Add
                0x00000000008006e5        0x1 load address 0x000000000000011b
 .data.EEPROM_State_Add
                0x00000000008006e5        0x1 APP/APP.o
                0x00000000008006e5                EEPROM_State_Add

.text.emergency
                0x000000000000011c      0x180
 .text.emergency
                0x000000000000011c      0x180 APP/APP.o
                0x000000000000011c                emergency

.text.handle_State
                0x000000000000029c      0x142
 .text.handle_State
                0x000000000000029c      0x142 APP/APP.o
                0x000000000000029c                handle_State

.text.Free_RTOS_Init
                0x00000000000003de      0x120
 .text.Free_RTOS_Init
                0x00000000000003de      0x120 APP/APP.o
                0x00000000000003de                Free_RTOS_Init

.text.UART_Initialize_WithoutInterrupt
                0x00000000000004fe      0x120
 .text.UART_Initialize_WithoutInterrupt
                0x00000000000004fe      0x120 MCAL/UART/UART_Interface.o
                0x00000000000004fe                UART_Initialize_WithoutInterrupt

.text.xQueueGenericSend
                0x000000000000061e      0x11e
 .text.xQueueGenericSend
                0x000000000000061e      0x11e RTOS/SCR/queue.o
                0x000000000000061e                xQueueGenericSend

.text.xTaskIncrementTick
                0x000000000000073c      0x114
 .text.xTaskIncrementTick
                0x000000000000073c      0x114 RTOS/SCR/tasks.o
                0x000000000000073c                xTaskIncrementTick

.text.xQueueSemaphoreTake
                0x0000000000000850      0x108
 .text.xQueueSemaphoreTake
                0x0000000000000850      0x108 RTOS/SCR/queue.o
                0x0000000000000850                xQueueSemaphoreTake

.text.prvInitialiseNewTask
                0x0000000000000958       0xfa
 .text.prvInitialiseNewTask
                0x0000000000000958       0xfa RTOS/SCR/tasks.o

.text.tmp       0x0000000000000a52       0xe2
 .text.tmp      0x0000000000000a52       0xe2 APP/APP.o
                0x0000000000000a52                tmp

.text.DIO_SetPinDirection
                0x0000000000000b34       0xe2
 .text.DIO_SetPinDirection
                0x0000000000000b34       0xe2 MCAL/DIO/DIO_Interface.o
                0x0000000000000b34                DIO_SetPinDirection

.text.DIO_SetPinValue
                0x0000000000000c16       0xe2
 .text.DIO_SetPinValue
                0x0000000000000c16       0xe2 MCAL/DIO/DIO_Interface.o
                0x0000000000000c16                DIO_SetPinValue

.text.pxPortInitialiseStack
                0x0000000000000cf8       0xd8
 .text.pxPortInitialiseStack
                0x0000000000000cf8       0xd8 RTOS/SCR/port.o
                0x0000000000000cf8                pxPortInitialiseStack

.text.xTaskResumeAll
                0x0000000000000dd0       0xd4
 .text.xTaskResumeAll
                0x0000000000000dd0       0xd4 RTOS/SCR/tasks.o
                0x0000000000000dd0                xTaskResumeAll

.text           0x0000000000000ea4       0xd4
 .text          0x0000000000000ea4       0xd4 c:/program files/microchip/xc8/v2.36/avr/bin/../lib/gcc/avr/5.4.0/../../../../avr/lib/avr5/memx-const\libm.a(mulsf3x.o)
                0x0000000000000ea4                __mulsf3x
                0x0000000000000eca                __mulsf3_pse

.text.xTaskCreate
                0x0000000000000f78       0xd0
 .text.xTaskCreate
                0x0000000000000f78       0xd0 RTOS/SCR/tasks.o
                0x0000000000000f78                xTaskCreate

.text.LCD_voidWriteBitsToSend
                0x0000000000001048       0xb8
 .text.LCD_voidWriteBitsToSend
                0x0000000000001048       0xb8 HAL/IO/LCD/LCD_Program.o

.text.vPortYield
                0x0000000000001100       0xb2
 .text.vPortYield
                0x0000000000001100       0xb2 RTOS/SCR/port.o
                0x0000000000001100                vPortYield

.text.prvAddCurrentTaskToDelayedList
                0x00000000000011b2       0xb0
 .text.prvAddCurrentTaskToDelayedList
                0x00000000000011b2       0xb0 RTOS/SCR/tasks.o

.text.prvAddNewTaskToReadyList
                0x0000000000001262       0xac
 .text.prvAddNewTaskToReadyList
                0x0000000000001262       0xac RTOS/SCR/tasks.o

.text.fan1      0x000000000000130e       0xaa
 .text.fan1     0x000000000000130e       0xaa APP/APP.o
                0x000000000000130e                fan1

.text.vTaskSwitchContext
                0x00000000000013b8       0xa8
 .text.vTaskSwitchContext
                0x00000000000013b8       0xa8 RTOS/SCR/tasks.o
                0x00000000000013b8                vTaskSwitchContext

.text.vTaskSuspend
                0x0000000000001460       0xa4
 .text.vTaskSuspend
                0x0000000000001460       0xa4 RTOS/SCR/tasks.o
                0x0000000000001460                vTaskSuspend

.text.xTaskRemoveFromEventList
                0x0000000000001504       0x98
 .text.xTaskRemoveFromEventList
                0x0000000000001504       0x98 RTOS/SCR/tasks.o
                0x0000000000001504                xTaskRemoveFromEventList

.text.prvCopyDataToQueue
                0x000000000000159c       0x92
 .text.prvCopyDataToQueue
                0x000000000000159c       0x92 RTOS/SCR/queue.o

.text.DC_Start  0x000000000000162e       0x90
 .text.DC_Start
                0x000000000000162e       0x90 HAL/IO/Motors/DC/DC_Interface.o
                0x000000000000162e                DC_Start

.text.xQueueGenericReset
                0x00000000000016be       0x86
 .text.xQueueGenericReset
                0x00000000000016be       0x86 RTOS/SCR/queue.o
                0x00000000000016be                xQueueGenericReset

.text.check_State
                0x0000000000001744       0x84
 .text.check_State
                0x0000000000001744       0x84 APP/APP.o
                0x0000000000001744                check_State

.text.__vector_1
                0x00000000000017c8       0x82
 .text.__vector_1
                0x00000000000017c8       0x82 APP/APP.o
                0x00000000000017c8                __vector_1

.text.LCD_voidWriteNumber
                0x000000000000184a       0x7c
 .text.LCD_voidWriteNumber
                0x000000000000184a       0x7c HAL/IO/LCD/LCD_Program.o
                0x000000000000184a                LCD_voidWriteNumber

.text           0x00000000000018c6       0x7a
 .text          0x00000000000018c6       0x7a c:/program files/microchip/xc8/v2.36/avr/bin/../lib/gcc/avr/5.4.0/../../../../avr/lib/avr5/memx-const\libm.a(floatsisf.o)
                0x00000000000018c6                __floatunsisf
                0x00000000000018ca                __floatsisf

.text.vTaskResume
                0x0000000000001940       0x78
 .text.vTaskResume
                0x0000000000001940       0x78 RTOS/SCR/tasks.o
                0x0000000000001940                vTaskResume

.text.xTaskCheckForTimeOut
                0x00000000000019b8       0x78
 .text.xTaskCheckForTimeOut
                0x00000000000019b8       0x78 RTOS/SCR/tasks.o
                0x00000000000019b8                xTaskCheckForTimeOut

.text.ADC_Read  0x0000000000001a30       0x74
 .text.ADC_Read
                0x0000000000001a30       0x74 MCAL/ADC/ADC_Interface.o
                0x0000000000001a30                ADC_Read

.text.prvUnlockQueue
                0x0000000000001aa4       0x70
 .text.prvUnlockQueue
                0x0000000000001aa4       0x70 RTOS/SCR/queue.o

.text.prvInitialiseTaskLists
                0x0000000000001b14       0x6e
 .text.prvInitialiseTaskLists
                0x0000000000001b14       0x6e RTOS/SCR/tasks.o

.text.App_Init  0x0000000000001b82       0x6c
 .text.App_Init
                0x0000000000001b82       0x6c APP/APP.o
                0x0000000000001b82                App_Init

.text.pvPortMalloc
                0x0000000000001bee       0x6a
 .text.pvPortMalloc
                0x0000000000001bee       0x6a RTOS/SCR/heap_1.o
                0x0000000000001bee                pvPortMalloc

.text.LCD_voidInit
                0x0000000000001c58       0x68
 .text.LCD_voidInit
                0x0000000000001c58       0x68 HAL/IO/LCD/LCD_Program.o
                0x0000000000001c58                LCD_voidInit

.text.vListInsert
                0x0000000000001cc0       0x62
 .text.vListInsert
                0x0000000000001cc0       0x62 RTOS/SCR/list.o
                0x0000000000001cc0                vListInsert

.text.xPortStartScheduler
                0x0000000000001d22       0x5e
 .text.xPortStartScheduler
                0x0000000000001d22       0x5e RTOS/SCR/port.o
                0x0000000000001d22                xPortStartScheduler

.text.vTaskStartScheduler
                0x0000000000001d80       0x5e
 .text.vTaskStartScheduler
                0x0000000000001d80       0x5e RTOS/SCR/tasks.o
                0x0000000000001d80                vTaskStartScheduler

.text           0x0000000000001dde       0x5e
 .text          0x0000000000001dde       0x5e c:/program files/microchip/xc8/v2.36/avr/bin/../lib/gcc/avr/5.4.0/../../../../avr/lib/avr5/memx-const\libm.a(fixunssfsi.o)
                0x0000000000001dde                __fixunssfsi

.text.External_Interrupt0_Initalize
                0x0000000000001e3c       0x58
 .text.External_Interrupt0_Initalize
                0x0000000000001e3c       0x58 MCAL/INTERRUPT/Interrupts_Interface.o
                0x0000000000001e3c                External_Interrupt0_Initalize

.text.xQueueGenericCreate
                0x0000000000001e94       0x54
 .text.xQueueGenericCreate
                0x0000000000001e94       0x54 RTOS/SCR/queue.o
                0x0000000000001e94                xQueueGenericCreate

.text.DC_Initialize
                0x0000000000001ee8       0x52
 .text.DC_Initialize
                0x0000000000001ee8       0x52 HAL/IO/Motors/DC/DC_Interface.o
                0x0000000000001ee8                DC_Initialize

.text.DC_Stop   0x0000000000001f3a       0x4e
 .text.DC_Stop  0x0000000000001f3a       0x4e HAL/IO/Motors/DC/DC_Interface.o
                0x0000000000001f3a                DC_Stop

.text.uxListRemove
                0x0000000000001f88       0x4e
 .text.uxListRemove
                0x0000000000001f88       0x4e RTOS/SCR/list.o
                0x0000000000001f88                uxListRemove

.text.prvCheckTasksWaitingTermination
                0x0000000000001fd6       0x4c
 .text.prvCheckTasksWaitingTermination
                0x0000000000001fd6       0x4c RTOS/SCR/tasks.o

.text.UART_Transmit_State
                0x0000000000002022       0x4a
 .text.UART_Transmit_State
                0x0000000000002022       0x4a APP/APP.o
                0x0000000000002022                UART_Transmit_State

.text.__vector_7
                0x000000000000206c       0x48
 .text.__vector_7
                0x000000000000206c       0x48 RTOS/SCR/port.o
                0x000000000000206c                __vector_7

.text           0x00000000000020b4       0x48
 .text          0x00000000000020b4       0x48 c:/program files/microchip/xc8/v2.36/avr/bin/../lib/gcc/avr/5.4.0/../../../../avr/lib/avr5/memx-const\libm.a(fp_cmp.o)
                0x00000000000020b4                __fp_cmp

.text           0x00000000000020fc       0x44
 .text          0x00000000000020fc       0x44 c:/program files/microchip/xc8/v2.36/avr/bin/../lib/gcc/avr/5.4.0/../../../../avr/lib/avr5/memx-const\libm.a(fp_split3.o)
                0x00000000000020fc                __fp_split3
                0x000000000000210c                __fp_splitA

.text.libgcc.div
                0x0000000000002140       0x44
 .text.libgcc.div
                0x0000000000002140       0x44 c:/program files/microchip/xc8/v2.36/avr/bin/../lib/gcc/avr/5.4.0/avr5/memx-const\libgcc.a(_udivmodsi4.o)
                0x0000000000002140                __udivmodsi4

.text.vListInsertEnd
                0x0000000000002184       0x42
 .text.vListInsertEnd
                0x0000000000002184       0x42 RTOS/SCR/list.o
                0x0000000000002184                vListInsertEnd

.text.prvTaskIsTaskSuspended
                0x00000000000021c6       0x42
 .text.prvTaskIsTaskSuspended
                0x00000000000021c6       0x42 RTOS/SCR/tasks.o

.text.uart      0x0000000000002208       0x40
 .text.uart     0x0000000000002208       0x40 APP/APP.o
                0x0000000000002208                uart

.text.LCD_voidGoToXY
                0x0000000000002248       0x3e
 .text.LCD_voidGoToXY
                0x0000000000002248       0x3e HAL/IO/LCD/LCD_Program.o
                0x0000000000002248                LCD_voidGoToXY

.text.prvResetNextTaskUnblockTime
                0x0000000000002286       0x3e
 .text.prvResetNextTaskUnblockTime
                0x0000000000002286       0x3e RTOS/SCR/tasks.o

.text.prvIsQueueFull
                0x00000000000022c4       0x38
 .text.prvIsQueueFull
                0x00000000000022c4       0x38 RTOS/SCR/queue.o

.text.memcpy    0x00000000000022fc       0x32
 .text.memcpy   0x00000000000022fc       0x32 c:/program files/microchip/xc8/v2.36/avr/bin/../lib/gcc/avr/5.4.0/../../../../avr/lib/avr5/memx-const\libc.a(memcpy.o)
                0x00000000000022fc                memcpy

.text.Read_TEMP_SENSOR
                0x000000000000232e       0x30
 .text.Read_TEMP_SENSOR
                0x000000000000232e       0x30 HAL/IO/LM35_TMP_Sensor/LM35_TMP_Sensor_Interface.o
                0x000000000000232e                Read_TEMP_SENSOR

.text.libgcc.div
                0x000000000000235e       0x2e
 .text.libgcc.div
                0x000000000000235e       0x2e c:/program files/microchip/xc8/v2.36/avr/bin/../lib/gcc/avr/5.4.0/avr5/memx-const\libgcc.a(_divmodsi4.o)
                0x000000000000235e                __divmodsi4

.text.LCD_voidWriteString
                0x000000000000238c       0x2c
 .text.LCD_voidWriteString
                0x000000000000238c       0x2c HAL/IO/LCD/LCD_Program.o
                0x000000000000238c                LCD_voidWriteString

.text.vTaskDelay
                0x00000000000023b8       0x2c
 .text.vTaskDelay
                0x00000000000023b8       0x2c RTOS/SCR/tasks.o
                0x00000000000023b8                vTaskDelay

.text.libgcc.div
                0x00000000000023e4       0x28
 .text.libgcc.div
                0x00000000000023e4       0x28 c:/program files/microchip/xc8/v2.36/avr/bin/../lib/gcc/avr/5.4.0/avr5/memx-const\libgcc.a(_divmodhi4.o)
                0x00000000000023e4                _div
                0x00000000000023e4                __divmodhi4

.text.libgcc.div
                0x000000000000240c       0x28
 .text.libgcc.div
                0x000000000000240c       0x28 c:/program files/microchip/xc8/v2.36/avr/bin/../lib/gcc/avr/5.4.0/avr5/memx-const\libgcc.a(_udivmodhi4.o)
                0x000000000000240c                __udivmodhi4

.text.prvIsQueueEmpty
                0x0000000000002434       0x26
 .text.prvIsQueueEmpty
                0x0000000000002434       0x26 RTOS/SCR/queue.o

.text.prvInitialiseNewQueue
                0x000000000000245a       0x26
 .text.prvInitialiseNewQueue
                0x000000000000245a       0x26 RTOS/SCR/queue.o

.text.vTaskPlaceOnEventList
                0x0000000000002480       0x24
 .text.vTaskPlaceOnEventList
                0x0000000000002480       0x24 RTOS/SCR/tasks.o
                0x0000000000002480                vTaskPlaceOnEventList

.text           0x00000000000024a4       0x22
 .text          0x00000000000024a4       0x22 c:/program files/microchip/xc8/v2.36/avr/bin/../lib/gcc/avr/5.4.0/../../../../avr/lib/avr5/memx-const\libm.a(fp_round.o)
                0x00000000000024a4                __fp_round

.text.avrlibc   0x00000000000024c6       0x22
 .text.avrlibc  0x00000000000024c6       0x22 C:/Program Files (x86)/Atmel/Studio/7.0/Packs/atmel/ATmega_DFP/1.7.374/xc8/avr/lib/avr5/memx-const\libatmega32.a(eeupd_byte.o)
                0x00000000000024c6                eeprom_update_byte
                0x00000000000024c8                eeprom_update_r18

.text.eestate   0x00000000000024e8       0x1e
 .text.eestate  0x00000000000024e8       0x1e APP/APP.o
                0x00000000000024e8                eestate

.text.DC_Change_Speed
                0x0000000000002506       0x1e
 .text.DC_Change_Speed
                0x0000000000002506       0x1e HAL/IO/Motors/DC/DC_Interface.o
                0x0000000000002506                DC_Change_Speed

.text.libgcc.mul
                0x0000000000002524       0x1e
 .text.libgcc.mul
                0x0000000000002524       0x1e c:/program files/microchip/xc8/v2.36/avr/bin/../lib/gcc/avr/5.4.0/avr5/memx-const\libgcc.a(_umulhisi3.o)
                0x0000000000002524                __umulhisi3

.text.UART_Transmit_Word
                0x0000000000002542       0x1c
 .text.UART_Transmit_Word
                0x0000000000002542       0x1c MCAL/UART/UART_Interface.o
                0x0000000000002542                UART_Transmit_Word

.text.vListInitialise
                0x000000000000255e       0x1c
 .text.vListInitialise
                0x000000000000255e       0x1c RTOS/SCR/list.o
                0x000000000000255e                vListInitialise

.text.prvDeleteTCB
                0x000000000000257a       0x1a
 .text.prvDeleteTCB
                0x000000000000257a       0x1a RTOS/SCR/tasks.o

.text.avrlibc   0x0000000000002594       0x1a
 .text.avrlibc  0x0000000000002594       0x1a C:/Program Files (x86)/Atmel/Studio/7.0/Packs/atmel/ATmega_DFP/1.7.374/xc8/avr/lib/avr5/memx-const\libatmega32.a(eewr_byte.o)
                0x0000000000002594                eeprom_write_byte
                0x0000000000002596                eeprom_write_r18

.text.LCD_voidWriteData
                0x00000000000025ae       0x18
 .text.LCD_voidWriteData
                0x00000000000025ae       0x18 HAL/IO/LCD/LCD_Program.o
                0x00000000000025ae                LCD_voidWriteData

.text.LCD_voidWriteCommand
                0x00000000000025c6       0x18
 .text.LCD_voidWriteCommand
                0x00000000000025c6       0x18 HAL/IO/LCD/LCD_Program.o
                0x00000000000025c6                LCD_voidWriteCommand

.text.Initialize_E2PROM_State
                0x00000000000025de       0x16
 .text.Initialize_E2PROM_State
                0x00000000000025de       0x16 APP/APP.o
                0x00000000000025de                Initialize_E2PROM_State

.text.vTaskInternalSetTimeOutState
                0x00000000000025f4       0x16
 .text.vTaskInternalSetTimeOutState
                0x00000000000025f4       0x16 RTOS/SCR/tasks.o
                0x00000000000025f4                vTaskInternalSetTimeOutState

.text.exit      0x000000000000260a       0x16
 .text.exit     0x000000000000260a       0x16 c:/program files/microchip/xc8/v2.36/avr/bin/../lib/gcc/avr/5.4.0/../../../../avr/lib/avr5/memx-const\libc.a(exit.o)
                0x000000000000260a                exit

.text.main      0x0000000000002620       0x12
 .text.main     0x0000000000002620       0x12 main.o
                0x0000000000002620                main

.text.prvSetupTimerInterrupt
                0x0000000000002632       0x12
 .text.prvSetupTimerInterrupt
                0x0000000000002632       0x12 RTOS/SCR/port.o

.text.avrlibc   0x0000000000002644       0x12
 .text.avrlibc  0x0000000000002644       0x12 C:/Program Files (x86)/Atmel/Studio/7.0/Packs/atmel/ATmega_DFP/1.7.374/xc8/avr/lib/avr5/memx-const\libatmega32.a(eerd_byte.o)
                0x0000000000002644                eeprom_read_byte

.text.libgcc.div
                0x0000000000002656       0x10
 .text.libgcc.div
                0x0000000000002656       0x10 c:/program files/microchip/xc8/v2.36/avr/bin/../lib/gcc/avr/5.4.0/avr5/memx-const\libgcc.a(_negsi2.o)
                0x0000000000002656                __negsi2

.text.libgcc    0x0000000000002666       0x10
 .text.libgcc   0x0000000000002666       0x10 c:/program files/microchip/xc8/v2.36/avr/bin/../lib/gcc/avr/5.4.0/avr5/memx-const\libgcc.a(_xload_2.o)
                0x0000000000002666                __xload_2

.text.ADC_Initialize
                0x0000000000002676        0xe
 .text.ADC_Initialize
                0x0000000000002676        0xe MCAL/ADC/ADC_Interface.o
                0x0000000000002676                ADC_Initialize

.text           0x0000000000002684        0xe
 .text          0x0000000000002684        0xe c:/program files/microchip/xc8/v2.36/avr/bin/../lib/gcc/avr/5.4.0/../../../../avr/lib/avr5/memx-const\libm.a(fp_zero.o)
                0x0000000000002684                __fp_zero
                0x0000000000002686                __fp_szero

.text           0x0000000000002692        0xe
 .text          0x0000000000002692        0xe c:/program files/microchip/xc8/v2.36/avr/bin/../lib/gcc/avr/5.4.0/../../../../avr/lib/avr5/memx-const\libm.a(fp_pscA.o)
                0x0000000000002692                __fp_pscA

.text           0x00000000000026a0        0xe
 .text          0x00000000000026a0        0xe c:/program files/microchip/xc8/v2.36/avr/bin/../lib/gcc/avr/5.4.0/../../../../avr/lib/avr5/memx-const\libm.a(fp_pscB.o)
                0x00000000000026a0                __fp_pscB

.text.Read_E2PROM_State
                0x00000000000026ae        0xc
 .text.Read_E2PROM_State
                0x00000000000026ae        0xc APP/APP.o
                0x00000000000026ae                Read_E2PROM_State

.text.LED1_Initialize
                0x00000000000026ba        0xc
 .text.LED1_Initialize
                0x00000000000026ba        0xc HAL/IO/LED/LED1/LED1_Interface.o
                0x00000000000026ba                LED1_Initialize

.text.LED1_ON   0x00000000000026c6        0xc
 .text.LED1_ON  0x00000000000026c6        0xc HAL/IO/LED/LED1/LED1_Interface.o
                0x00000000000026c6                LED1_ON

.text.LED1_OFF  0x00000000000026d2        0xc
 .text.LED1_OFF
                0x00000000000026d2        0xc HAL/IO/LED/LED1/LED1_Interface.o
                0x00000000000026d2                LED1_OFF

.text.Initialize_TEMP_SENSOR
                0x00000000000026de        0xc
 .text.Initialize_TEMP_SENSOR
                0x00000000000026de        0xc HAL/IO/LM35_TMP_Sensor/LM35_TMP_Sensor_Interface.o
                0x00000000000026de                Initialize_TEMP_SENSOR

.text.vTaskEndScheduler
                0x00000000000026ea        0xc
 .text.vTaskEndScheduler
                0x00000000000026ea        0xc RTOS/SCR/tasks.o
                0x00000000000026ea                vTaskEndScheduler

.text.vTaskSuspendAll
                0x00000000000026f6        0xc
 .text.vTaskSuspendAll
                0x00000000000026f6        0xc RTOS/SCR/tasks.o
                0x00000000000026f6                vTaskSuspendAll

.text           0x0000000000002702        0xc
 .text          0x0000000000002702        0xc c:/program files/microchip/xc8/v2.36/avr/bin/../lib/gcc/avr/5.4.0/../../../../avr/lib/avr5/memx-const\libm.a(fp_inf.o)
                0x0000000000002702                __fp_inf

.text.libgcc    0x000000000000270e        0xc
 .text.libgcc   0x000000000000270e        0xc c:/program files/microchip/xc8/v2.36/avr/bin/../lib/gcc/avr/5.4.0/avr5/memx-const\libgcc.a(_tablejump2.o)
                0x000000000000270e                __tablejump2__

.text.UART_Transmit_Character
                0x000000000000271a        0xa
 .text.UART_Transmit_Character
                0x000000000000271a        0xa MCAL/UART/UART_Interface.o
                0x000000000000271a                UART_Transmit_Character

.text.prvIdleTask
                0x0000000000002724        0xa
 .text.prvIdleTask
                0x0000000000002724        0xa RTOS/SCR/tasks.o

.text           0x000000000000272e        0xa
 .text          0x000000000000272e        0xa c:/program files/microchip/xc8/v2.36/avr/bin/../lib/gcc/avr/5.4.0/../../../../avr/lib/avr5/memx-const\libm.a(cmpsf2.o)
                0x000000000000272e                __nesf2
                0x000000000000272e                __eqsf2
                0x000000000000272e                __cmpsf2
                0x000000000000272e                __ltsf2
                0x000000000000272e                __lesf2

.text           0x0000000000002738        0xa
 .text          0x0000000000002738        0xa c:/program files/microchip/xc8/v2.36/avr/bin/../lib/gcc/avr/5.4.0/../../../../avr/lib/avr5/memx-const\libm.a(gesf2.o)
                0x0000000000002738                __gesf2
                0x0000000000002738                __gtsf2

.text.vListInitialiseItem
                0x0000000000002742        0x8
 .text.vListInitialiseItem
                0x0000000000002742        0x8 RTOS/SCR/list.o
                0x0000000000002742                vListInitialiseItem

.text.vTaskMissedYield
                0x000000000000274a        0x8
 .text.vTaskMissedYield
                0x000000000000274a        0x8 RTOS/SCR/tasks.o
                0x000000000000274a                vTaskMissedYield

.text           0x0000000000002752        0x8
 .text          0x0000000000002752        0x8 c:/program files/microchip/xc8/v2.36/avr/bin/../lib/gcc/avr/5.4.0/../../../../avr/lib/avr5/memx-const\libm.a(mulsf3.o)
                0x0000000000002752                __mulsf3

.text           0x000000000000275a        0x6
 .text          0x000000000000275a        0x6 c:/program files/microchip/xc8/v2.36/avr/bin/../lib/gcc/avr/5.4.0/../../../../avr/lib/avr5/memx-const\libm.a(fp_nan.o)
                0x000000000000275a                __fp_nan

.text           0x0000000000002760        0x4
 .text          0x0000000000002760        0x4 C:/Program Files (x86)/Atmel/Studio/7.0/Packs/atmel/ATmega_DFP/1.7.374/xc8/avr/lib/avr5/memx-const/crtatmega32.o
                0x0000000000002760                __vector_12
                0x0000000000002760                __bad_interrupt
                0x0000000000002760                __vector_6
                0x0000000000002760                __vector_3
                0x0000000000002760                __vector_11
                0x0000000000002760                __vector_13
                0x0000000000002760                __vector_17
                0x0000000000002760                __vector_19
                0x0000000000002760                __vector_5
                0x0000000000002760                __vector_4
                0x0000000000002760                __vector_9
                0x0000000000002760                __vector_2
                0x0000000000002760                __vector_15
                0x0000000000002760                __vector_8
                0x0000000000002760                __vector_14
                0x0000000000002760                __vector_10
                0x0000000000002760                __vector_16
                0x0000000000002760                __vector_18
                0x0000000000002760                __vector_20

.text._Exit     0x0000000000002764        0x4
 .text._Exit    0x0000000000002764        0x4 c:/program files/microchip/xc8/v2.36/avr/bin/../lib/gcc/avr/5.4.0/../../../../avr/lib/avr5/memx-const\libc.a(_Exit.o)
                0x0000000000002764                _Exit

.text.vPortFree
                0x0000000000002768        0x2
 .text.vPortFree
                0x0000000000002768        0x2 RTOS/SCR/heap_1.o
                0x0000000000002768                vPortFree

.text.vPortEndScheduler
                0x000000000000276a        0x2
 .text.vPortEndScheduler
                0x000000000000276a        0x2 RTOS/SCR/port.o
                0x000000000000276a                vPortEndScheduler

.text.__dummy_fini
                0x000000000000276c        0x2
 .text.__dummy_fini
                0x000000000000276c        0x2 c:/program files/microchip/xc8/v2.36/avr/bin/../lib/gcc/avr/5.4.0/../../../../avr/lib/avr5/memx-const\libc.a(exit.o)
                0x000000000000276c                _fini

.text.__dummy_funcs_on_exit
                0x000000000000276e        0x2
 .text.__dummy_funcs_on_exit
                0x000000000000276e        0x2 c:/program files/microchip/xc8/v2.36/avr/bin/../lib/gcc/avr/5.4.0/../../../../avr/lib/avr5/memx-const\libc.a(exit.o)
                0x000000000000276e                __funcs_on_exit

.text.__dummy_simulator_exit
                0x0000000000002770        0x2
 .text.__dummy_simulator_exit
                0x0000000000002770        0x2 c:/program files/microchip/xc8/v2.36/avr/bin/../lib/gcc/avr/5.4.0/../../../../avr/lib/avr5/memx-const\libc.a(exit.o)
                0x0000000000002770                __simulator_exit

.data.Speed_Scale
                0x00000000008006e6        0x1 load address 0x0000000000002772
 .data.Speed_Scale
                0x00000000008006e6        0x1 APP/APP.o
                0x00000000008006e6                Speed_Scale
