Archive member included to satisfy reference by file (symbol)

c:/program files/microchip/xc8/v2.36/avr/bin/../lib/gcc/avr/5.4.0/../../../../avr/lib/avr5/memx-const\libm.a(cmpsf2.o)
                              APP/APP.o (__ltsf2)
c:/program files/microchip/xc8/v2.36/avr/bin/../lib/gcc/avr/5.4.0/../../../../avr/lib/avr5/memx-const\libm.a(fixunssfsi.o)
                              HAL/IO/LM35_TMP_Sensor/LM35_TMP_Sensor_Interface.o (__fixunssfsi)
c:/program files/microchip/xc8/v2.36/avr/bin/../lib/gcc/avr/5.4.0/../../../../avr/lib/avr5/memx-const\libm.a(floatsisf.o)
                              APP/APP.o (__floatunsisf)
c:/program files/microchip/xc8/v2.36/avr/bin/../lib/gcc/avr/5.4.0/../../../../avr/lib/avr5/memx-const\libm.a(fp_cmp.o)
                              c:/program files/microchip/xc8/v2.36/avr/bin/../lib/gcc/avr/5.4.0/../../../../avr/lib/avr5/memx-const\libm.a(cmpsf2.o) (__fp_cmp)
c:/program files/microchip/xc8/v2.36/avr/bin/../lib/gcc/avr/5.4.0/../../../../avr/lib/avr5/memx-const\libm.a(fp_split3.o)
                              c:/program files/microchip/xc8/v2.36/avr/bin/../lib/gcc/avr/5.4.0/../../../../avr/lib/avr5/memx-const\libm.a(fixunssfsi.o) (__fp_splitA)
c:/program files/microchip/xc8/v2.36/avr/bin/../lib/gcc/avr/5.4.0/../../../../avr/lib/avr5/memx-const\libm.a(fp_zero.o)
                              c:/program files/microchip/xc8/v2.36/avr/bin/../lib/gcc/avr/5.4.0/../../../../avr/lib/avr5/memx-const\libm.a(fixunssfsi.o) (__fp_zero)
c:/program files/microchip/xc8/v2.36/avr/bin/../lib/gcc/avr/5.4.0/../../../../avr/lib/avr5/memx-const\libm.a(gesf2.o)
                              APP/APP.o (__gesf2)
c:/program files/microchip/xc8/v2.36/avr/bin/../lib/gcc/avr/5.4.0/../../../../avr/lib/avr5/memx-const\libm.a(mulsf3.o)
                              HAL/IO/LM35_TMP_Sensor/LM35_TMP_Sensor_Interface.o (__mulsf3)
c:/program files/microchip/xc8/v2.36/avr/bin/../lib/gcc/avr/5.4.0/../../../../avr/lib/avr5/memx-const\libm.a(mulsf3x.o)
                              c:/program files/microchip/xc8/v2.36/avr/bin/../lib/gcc/avr/5.4.0/../../../../avr/lib/avr5/memx-const\libm.a(mulsf3.o) (__mulsf3x)
c:/program files/microchip/xc8/v2.36/avr/bin/../lib/gcc/avr/5.4.0/../../../../avr/lib/avr5/memx-const\libm.a(fp_inf.o)
                              c:/program files/microchip/xc8/v2.36/avr/bin/../lib/gcc/avr/5.4.0/../../../../avr/lib/avr5/memx-const\libm.a(mulsf3x.o) (__fp_inf)
c:/program files/microchip/xc8/v2.36/avr/bin/../lib/gcc/avr/5.4.0/../../../../avr/lib/avr5/memx-const\libm.a(fp_nan.o)
                              c:/program files/microchip/xc8/v2.36/avr/bin/../lib/gcc/avr/5.4.0/../../../../avr/lib/avr5/memx-const\libm.a(mulsf3x.o) (__fp_nan)
c:/program files/microchip/xc8/v2.36/avr/bin/../lib/gcc/avr/5.4.0/../../../../avr/lib/avr5/memx-const\libm.a(fp_pscA.o)
                              c:/program files/microchip/xc8/v2.36/avr/bin/../lib/gcc/avr/5.4.0/../../../../avr/lib/avr5/memx-const\libm.a(mulsf3x.o) (__fp_pscA)
c:/program files/microchip/xc8/v2.36/avr/bin/../lib/gcc/avr/5.4.0/../../../../avr/lib/avr5/memx-const\libm.a(fp_pscB.o)
                              c:/program files/microchip/xc8/v2.36/avr/bin/../lib/gcc/avr/5.4.0/../../../../avr/lib/avr5/memx-const\libm.a(mulsf3x.o) (__fp_pscB)
c:/program files/microchip/xc8/v2.36/avr/bin/../lib/gcc/avr/5.4.0/../../../../avr/lib/avr5/memx-const\libm.a(fp_round.o)
                              c:/program files/microchip/xc8/v2.36/avr/bin/../lib/gcc/avr/5.4.0/../../../../avr/lib/avr5/memx-const\libm.a(mulsf3.o) (__fp_round)
c:/program files/microchip/xc8/v2.36/avr/bin/../lib/gcc/avr/5.4.0/avr5/memx-const\libgcc.a(_divmodhi4.o)
                              MCAL/Timer0/Timer0_Interface.o (__divmodhi4)
c:/program files/microchip/xc8/v2.36/avr/bin/../lib/gcc/avr/5.4.0/avr5/memx-const\libgcc.a(_udivmodsi4.o)
                              HAL/IO/LCD/LCD_Program.o (__udivmodsi4)
c:/program files/microchip/xc8/v2.36/avr/bin/../lib/gcc/avr/5.4.0/avr5/memx-const\libgcc.a(_divmodsi4.o)
                              MCAL/UART/UART_Interface.o (__divmodsi4)
c:/program files/microchip/xc8/v2.36/avr/bin/../lib/gcc/avr/5.4.0/avr5/memx-const\libgcc.a(_negsi2.o)
                              c:/program files/microchip/xc8/v2.36/avr/bin/../lib/gcc/avr/5.4.0/avr5/memx-const\libgcc.a(_divmodsi4.o) (__negsi2)
c:/program files/microchip/xc8/v2.36/avr/bin/../lib/gcc/avr/5.4.0/avr5/memx-const\libgcc.a(_tablejump2.o)
                              MCAL/ADC/ADC_Interface.o (__tablejump2__)
c:/program files/microchip/xc8/v2.36/avr/bin/../lib/gcc/avr/5.4.0/avr5/memx-const\libgcc.a(_copy_data.o)
                              APP/APP.o (__do_copy_data)
c:/program files/microchip/xc8/v2.36/avr/bin/../lib/gcc/avr/5.4.0/avr5/memx-const\libgcc.a(_xload_2.o)
                              RTOS/SCR/croutine.o (__xload_2)
c:/program files/microchip/xc8/v2.36/avr/bin/../lib/gcc/avr/5.4.0/avr5/memx-const\libgcc.a(_udivmodhi4.o)
[...]
Memory Configuration

Name             Origin             Length             Attributes
text             0x0000000000000000 0x0000000000008000 xr
data             0x0000000000800060 0x0000000000000800 rw !x
eeprom           0x0000000000810000 0x0000000000000400 rw !x
fuse             0x0000000000820000 0x0000000000000002 rw !x
lock             0x0000000000830000 0x0000000000000400 rw !x
signature        0x0000000000840000 0x0000000000000400 rw !x
user_signatures  0x0000000000850000 0x0000000000000400 rw !x
*default*        0x0000000000000000 0xffffffffffffffff

Linker script and memory map

LOAD C:/Program Files (x86)/Atmel/Studio/7.0/Packs/atmel/ATmega_DFP/1.7.374/xc8/avr/lib/avr5/memx-const/crtatmega32.o
LOAD APP/APP.o
LOAD HAL/EEPROM/EEPROM_Interface.o
LOAD HAL/IO/LCD/LCD_Program.o
LOAD HAL/IO/LED/LED1/LED1_Interface.o
LOAD HAL/IO/LED/LED2/LED2_Interface.o
LOAD HAL/IO/LED/LED3/LED3_Interface.o
LOAD HAL/IO/LED/LED4/LED4_Interface.o
LOAD HAL/IO/LM35_TMP_Sensor/LM35_TMP_Sensor_Interface.o
LOAD HAL/IO/Motors/DC/DC_Interface.o
LOAD main.o
LOAD MCAL/ADC/ADC_Interface.o
LOAD MCAL/DIO/DIO_Interface.o
LOAD MCAL/INTERRUPT/Interrupts_Interface.o
LOAD MCAL/Timer0/Timer0_Interface.o
LOAD MCAL/UART/UART_Interface.o
LOAD MCAL/WatchDog/WatchDog_Interface.o
LOAD RTOS/SCR/croutine.o
LOAD RTOS/SCR/event_groups.o
LOAD RTOS/SCR/heap_1.o
LOAD RTOS/SCR/integer.o
LOAD RTOS/SCR/list.o
LOAD RTOS/SCR/PollQ.o
LOAD RTOS/SCR/port.o
LOAD RTOS/SCR/queue.o
LOAD RTOS/SCR/tasks.o
START GROUP
LOAD c:/program files/microchip/xc8/v2.36/avr/bin/../lib/gcc/avr/5.4.0/../../../../avr/lib/avr5/memx-const\libm.a
END GROUP
START GROUP
LOAD c:/program files/microchip/xc8/v2.36/avr/bin/../lib/gcc/avr/5.4.0/avr5/memx-const\libgcc.a
LOAD c:/program files/microchip/xc8/v2.36/avr/bin/../lib/gcc/avr/5.4.0/../../../../avr/lib/avr5/memx-const\libm.a
LOAD c:/program files/microchip/xc8/v2.36/avr/bin/../lib/gcc/avr/5.4.0/../../../../avr/lib/avr5/memx-const\libc.a
LOAD C:/Program Files (x86)/Atmel/Studio/7.0/Packs/atmel/ATmega_DFP/1.7.374/xc8/avr/lib/avr5/memx-const\libatmega32.a
END GROUP
                0x0000000000000000                __TEXT_REGION_ORIGIN__ = DEFINED (__TEXT_REGION_ORIGIN__)?__TEXT_REGION_ORIGIN__:0x0
                [0x0000000000800060]                __DATA_REGION_ORIGIN__ = DEFINED (__DATA_REGION_ORIGIN__)?__DATA_REGION_ORIGIN__:0x800060
                [0x0000000000008000]                __TEXT_REGION_LENGTH__ = DEFINED (__TEXT_REGION_LENGTH__)?__TEXT_REGION_LENGTH__:0x20000
                [0x0000000000000800]                __DATA_REGION_LENGTH__ = DEFINED (__DATA_REGION_LENGTH__)?__DATA_REGION_LENGTH__:0xffa0
                [0x0000000000000400]                __EEPROM_REGION_LENGTH__ = DEFINED (__EEPROM_REGION_LENGTH__)?__EEPROM_REGION_LENGTH__:0x10000
                [0x0000000000000002]                __FUSE_REGION_LENGTH__ = DEFINED (__FUSE_REGION_LENGTH__)?__FUSE_REGION_LENGTH__:0x400
                0x0000000000000400                __LOCK_REGION_LENGTH__ = DEFINED (__LOCK_REGION_LENGTH__)?__LOCK_REGION_LENGTH__:0x400
                0x0000000000000400                __SIGNATURE_REGION_LENGTH__ = DEFINED (__SIGNATURE_REGION_LENGTH__)?__SIGNATURE_REGION_LENGTH__:0x400
                0x0000000000000400                __USER_SIGNATURE_REGION_LENGTH__ = DEFINED (__USER_SIGNATURE_REGION_LENGTH__)?__USER_SIGNATURE_REGION_LENGTH__:0x400

.hash
 *(.hash)

.dynsym
 *(.dynsym)

.dynstr
 *(.dynstr)

.gnu.version
 *(.gnu.version)

.gnu.version_d
 *(.gnu.version_d)

.gnu.version_r
 *(.gnu.version_r)

.rel.init
 *(.rel.init)

.rela.init
 *(.rela.init)

.rel.text
 *(.rel.text)
 *(.rel.text.*)
 *(.rel.gnu.linkonce.t*)

.rela.text
 *(.rela.text)
 *(.rela.text.*)
 *(.rela.gnu.linkonce.t*)

.rel.fini
 *(.rel.fini)

.rela.fini
 *(.rela.fini)

.rel.rodata
 *(.rel.rodata)
 *(.rel.rodata.*)
 *(.rel.gnu.linkonce.r*)

.rela.rodata
 *(.rela.rodata)
 *(.rela.rodata.*)
 *(.rela.gnu.linkonce.r*)

.rel.data
 *(.rel.data)
 *(.rel.data.*)
 *(.rel.gnu.linkonce.d*)

.rela.data
 *(.rela.data)
 *(.rela.data.*)
 *(.rela.gnu.linkonce.d*)

.rel.ctors
 *(.rel.ctors)

.rela.ctors
 *(.rela.ctors)

.rel.dtors
 *(.rel.dtors)

.rela.dtors
 *(.rela.dtors)

.rel.got
 *(.rel.got)

.rela.got
 *(.rela.got)

.rel.bss
 *(.rel.bss)

.rela.bss
 *(.rela.bss)

.rel.plt
 *(.rel.plt)

.rela.plt
 *(.rela.plt)

.text           0x0000000000000000       0xd6
 *(.vectors)
 .vectors       0x0000000000000000       0x54 C:/Program Files (x86)/Atmel/Studio/7.0/Packs/atmel/ATmega_DFP/1.7.374/xc8/avr/lib/avr5/memx-const/crtatmega32.o
                0x0000000000000000                __vector_default
                0x0000000000000000                __vectors
 *(.vectors)
 *(.progmem.gcc*)
 .progmem.gcc_sw_table.ADC_Read
                0x0000000000000054       0x10 MCAL/ADC/ADC_Interface.o
 *(.dinit)
 .dinit         0x0000000000000064       0x1d data_init
                0x0000000000000082                . = ALIGN (0x2)
 *fill*         0x0000000000000081        0x1 
                0x0000000000000082                __trampolines_start = .
 *(.trampolines)
 .trampolines   0x0000000000000082        0x0 linker stubs
 *(.trampolines*)
                0x0000000000000082                __trampolines_end = .
 *libprintf_flt.a:*(.progmem.data)
 *libc.a:*(.progmem.data)
                0x0000000000000082                . = ALIGN (0x2)
 *(.jumptables)
 *(.jumptables*)
 *(.lowtext)
 *(.lowtext*)
                0x0000000000000082                __ctors_start = .
 *(.ctors)
                0x0000000000000082                __ctors_end = .
                0x0000000000000082                __dtors_start = .
 *(.dtors)
                0x0000000000000082                __dtors_end = .
 SORT(*)(.ctors)
 SORT(*)(.dtors)
 *(.init0)
 .init0         0x0000000000000082        0x0 C:/Program Files (x86)/Atmel/Studio/7.0/Packs/atmel/ATmega_DFP/1.7.374/xc8/avr/lib/avr5/memx-const/crtatmega32.o
                0x0000000000000082                __init
 *(.init0)
 *(.init1)
 *(.init1)
 *(.init2)
 .init2         0x0000000000000082        0xc C:/Program Files (x86)/Atmel/Studio/7.0/Packs/atmel/ATmega_DFP/1.7.374/xc8/avr/lib/avr5/memx-const/crtatmega32.o
 *(.init2)
 *(.init3)
 *(.init3)
 *(.init4)
 .init4         0x000000000000008e       0x3c c:/program files/microchip/xc8/v2.36/avr/bin/../lib/gcc/avr/5.4.0/avr5/memx-const\libgcc.a(_copy_data.o)
                0x000000000000008e                __do_copy_data
                0x00000000000000bc                __do_clear_bss
 *(.init4)
 *(.init5)
 *(.init5)
 *(.init6)
 *(.init6)
 *(.init7)
 *(.init7)
 *(.init8)
 *(.init8)
 *(.init9)
 .init9         0x00000000000000ca        0x8 C:/Program Files (x86)/Atmel/Studio/7.0/Packs/atmel/ATmega_DFP/1.7.374/xc8/avr/lib/avr5/memx-const/crtatmega32.o
 *(.init9)
                0x00000000000000d2                . = ALIGN (0x2)
 *(.fini9)
 .fini9         0x00000000000000d2        0x0 c:/program files/microchip/xc8/v2.36/avr/bin/../lib/gcc/avr/5.4.0/avr5/memx-const\libgcc.a(_exit.o)
                0x00000000000000d2                _exit
 *(.fini9)
 *(.fini8)
 *(.fini8)
 *(.fini7)
 *(.fini7)
 *(.fini6)
 *(.fini6)
 *(.fini5)
 *(.fini5)
 *(.fini4)
 *(.fini4)
 *(.fini3)
 *(.fini3)
 *(.fini2)
 *(.fini2)
 *(.fini1)
 *(.fini1)
 *(.fini0)
 .fini0         0x00000000000000d2        0x4 c:/program files/microchip/xc8/v2.36/avr/bin/../lib/gcc/avr/5.4.0/avr5/memx-const\libgcc.a(_exit.o)
 *(.fini0)
                0x00000000000000d6                _etext = .

.data           0x0000000000800060        0x0 load address 0x00000000000000d6
                [!provide]                        PROVIDE (__data_start, .)
 *(.gnu.linkonce.d*)
 *(.gnu.linkonce.r*)
                0x0000000000800060                . = ALIGN (0x2)
 *fill*         0x0000000000800060        0x0 
                0x0000000000800060                _edata = .
                [!provide]                        PROVIDE (__data_end, .)

.bss            0x0000000000800060       0x1a
                [!provide]                        PROVIDE (__bss_start, .)
 *(COMMON)
 COMMON         0x0000000000800060       0x1a main.o
                0x0000000000800060                LED_Semaphore
                0x0000000000800062                xHanleLED3
                0x0000000000800064                xMutex
                0x0000000000800066                LCD_Semaphore
                0x0000000000800068                xHanlepot1
                0x000000000080006a                xHanleLED1
                0x000000000080006c                xHanleLED2
                0x000000000080006e                xHanleLCD
                0x0000000000800070                xHanleS7
                0x0000000000800072                xHanleTMP
                0x0000000000800074                xHanlebot1
                0x0000000000800076                xHanleLED4
                0x0000000000800078                S7_Semaphore
                [!provide]                        PROVIDE (__bss_end, .)
                0x00000000000000d6                __data_load_start = LOADADDR (.data)
                0x00000000000000d6                __data_load_end = (__data_load_start + SIZEOF (.data))

.noinit         0x000000000080007a        0x0
                [!provide]                        PROVIDE (__noinit_start, .)
 *(.noinit*)
                [!provide]                        PROVIDE (__noinit_end, .)
                0x000000000080007a                _end = .

.eeprom         0x0000000000810000        0x0
 *(.eeprom*)
                0x0000000000810000                __eeprom_end = .

.fuse
 *(.fuse)
 *(.lfuse)
 *(.hfuse)
 *(.efuse)

.lock
 *(.lock*)

.signature
 *(.signature*)

.user_signatures
 *(.user_signatures*)

.stab
 *(.stab)

.stabstr
 *(.stabstr)

.stab.excl
 *(.stab.excl)

.stab.exclstr
 *(.stab.exclstr)

.stab.index
 *(.stab.index)

.stab.indexstr
 *(.stab.indexstr)

.comment        0x0000000000000000       0x2f
 *(.comment)
 .comment       0x0000000000000000       0x2f APP/APP.o
                                         0x30 (size before relaxing)
 .comment       0x000000000000002f       0x30 HAL/IO/LM35_TMP_Sensor/LM35_TMP_Sensor_Interface.o
 .comment       0x000000000000002f       0x30 HAL/IO/Motors/DC/DC_Interface.o
 .comment       0x000000000000002f       0x30 main.o
 .comment       0x000000000000002f       0x30 MCAL/ADC/ADC_Interface.o
 .comment       0x000000000000002f       0x30 MCAL/DIO/DIO_Interface.o
 .comment       0x000000000000002f       0x30 MCAL/INTERRUPT/Interrupts_Interface.o
 .comment       0x000000000000002f       0x30 MCAL/Timer0/Timer0_Interface.o
 .comment       0x000000000000002f       0x30 MCAL/UART/UART_Interface.o
 .comment       0x000000000000002f       0x30 MCAL/WatchDog/WatchDog_Interface.o
 .comment       0x000000000000002f       0x30 RTOS/SCR/heap_1.o
 .comment       0x000000000000002f       0x30 RTOS/SCR/list.o
 .comment       0x000000000000002f       0x30 RTOS/SCR/port.o
 .comment       0x000000000000002f       0x30 RTOS/SCR/queue.o
 .comment       0x000000000000002f       0x30 RTOS/SCR/tasks.o
 .comment       0x000000000000002f       0x30 c:/program files/microchip/xc8/v2.36/avr/bin/../lib/gcc/avr/5.4.0/../../../../avr/lib/avr5/memx-const\libc.a(exit.o)
 .comment       0x000000000000002f       0x30 c:/program files/microchip/xc8/v2.36/avr/bin/../lib/gcc/avr/5.4.0/../../../../avr/lib/avr5/memx-const\libc.a(_Exit.o)

.stack.descriptors.hdr
                0x0000000000000000      0x142
 .stack.descriptors.hdr
                0x0000000000000000        0xe c:/program files/microchip/xc8/v2.36/avr/bin/../lib/gcc/avr/5.4.0/../../../../avr/lib/avr5/memx-const\libm.a(cmpsf2.o)
 .stack.descriptors.hdr
                0x000000000000000e        0xe c:/program files/microchip/xc8/v2.36/avr/bin/../lib/gcc/avr/5.4.0/../../../../avr/lib/avr5/memx-const\libm.a(fixunssfsi.o)
 .stack.descriptors.hdr
                0x000000000000001c        0xe c:/program files/microchip/xc8/v2.36/avr/bin/../lib/gcc/avr/5.4.0/../../../../avr/lib/avr5/memx-const\libm.a(floatsisf.o)
 .stack.descriptors.hdr
                0x000000000000002a        0xe c:/program files/microchip/xc8/v2.36/avr/bin/../lib/gcc/avr/5.4.0/../../../../avr/lib/avr5/memx-const\libm.a(fp_cmp.o)
 .stack.descriptors.hdr
                0x0000000000000038        0xe c:/program files/microchip/xc8/v2.36/avr/bin/../lib/gcc/avr/5.4.0/../../../../avr/lib/avr5/memx-const\libm.a(fp_split3.o)
 .stack.descriptors.hdr
                0x0000000000000046        0xe c:/program files/microchip/xc8/v2.36/avr/bin/../lib/gcc/avr/5.4.0/../../../../avr/lib/avr5/memx-const\libm.a(fp_zero.o)
 .stack.descriptors.hdr
                0x0000000000000054        0xe c:/program files/microchip/xc8/v2.36/avr/bin/../lib/gcc/avr/5.4.0/../../../../avr/lib/avr5/memx-const\libm.a(gesf2.o)
 .stack.descriptors.hdr
                0x0000000000000062        0xe c:/program files/microchip/xc8/v2.36/avr/bin/../lib/gcc/avr/5.4.0/../../../../avr/lib/avr5/memx-const\libm.a(mulsf3.o)
 .stack.descriptors.hdr
                0x0000000000000070        0xe c:/program files/microchip/xc8/v2.36/avr/bin/../lib/gcc/avr/5.4.0/../../../../avr/lib/avr5/memx-const\libm.a(mulsf3x.o)
 .stack.descriptors.hdr
                0x000000000000007e        0xe c:/program files/microchip/xc8/v2.36/avr/bin/../lib/gcc/avr/5.4.0/../../../../avr/lib/avr5/memx-const\libm.a(fp_inf.o)
 .stack.descriptors.hdr
                0x000000000000008c        0xe c:/program files/microchip/xc8/v2.36/avr/bin/../lib/gcc/avr/5.4.0/../../../../avr/lib/avr5/memx-const\libm.a(fp_nan.o)
 .stack.descriptors.hdr
                0x000000000000009a        0xe c:/program files/microchip/xc8/v2.36/avr/bin/../lib/gcc/avr/5.4.0/../../../../avr/lib/avr5/memx-const\libm.a(fp_pscA.o)
 .stack.descriptors.hdr
                0x00000000000000a8        0xe c:/program files/microchip/xc8/v2.36/avr/bin/../lib/gcc/avr/5.4.0/../../../../avr/lib/avr5/memx-const\libm.a(fp_pscB.o)
 .stack.descriptors.hdr
                0x00000000000000b6        0xe c:/program files/microchip/xc8/v2.36/avr/bin/../lib/gcc/avr/5.4.0/../../../../avr/lib/avr5/memx-const\libm.a(fp_round.o)
 .stack.descriptors.hdr
                0x00000000000000c4        0xe c:/program files/microchip/xc8/v2.36/avr/bin/../lib/gcc/avr/5.4.0/avr5/memx-const\libgcc.a(_udivmodsi4.o)
 .stack.descriptors.hdr
                0x00000000000000d2        0xe c:/program files/microchip/xc8/v2.36/avr/bin/../lib/gcc/avr/5.4.0/avr5/memx-const\libgcc.a(_divmodsi4.o)
 .stack.descriptors.hdr
                0x00000000000000e0        0xe c:/program files/microchip/xc8/v2.36/avr/bin/../lib/gcc/avr/5.4.0/avr5/memx-const\libgcc.a(_negsi2.o)
 .stack.descriptors.hdr
                0x00000000000000ee        0xe c:/program files/microchip/xc8/v2.36/avr/bin/../lib/gcc/avr/5.4.0/avr5/memx-const\libgcc.a(_tablejump2.o)
 .stack.descriptors.hdr
                0x00000000000000fc        0xe c:/program files/microchip/xc8/v2.36/avr/bin/../lib/gcc/avr/5.4.0/avr5/memx-const\libgcc.a(_xload_2.o)
 .stack.descriptors.hdr
                0x000000000000010a        0xe C:/Program Files (x86)/Atmel/Studio/7.0/Packs/atmel/ATmega_DFP/1.7.374/xc8/avr/lib/avr5/memx-const\libatmega32.a(eerd_byte.o)
 .stack.descriptors.hdr
                0x0000000000000118        0xe C:/Program Files (x86)/Atmel/Studio/7.0/Packs/atmel/ATmega_DFP/1.7.374/xc8/avr/lib/avr5/memx-const\libatmega32.a(eeupd_byte.o)
 .stack.descriptors.hdr
                0x0000000000000126        0xe C:/Program Files (x86)/Atmel/Studio/7.0/Packs/atmel/ATmega_DFP/1.7.374/xc8/avr/lib/avr5/memx-const\libatmega32.a(eewr_byte.o)
 .stack.descriptors.hdr
                0x0000000000000134        0xe c:/program files/microchip/xc8/v2.36/avr/bin/../lib/gcc/avr/5.4.0/avr5/memx-const\libgcc.a(_exit.o)

.note.GNU-stack
                0x0000000000000000        0x0
 .note.GNU-stack
                0x0000000000000000        0x0 c:/program files/microchip/xc8/v2.36/avr/bin/../lib/gcc/avr/5.4.0/../../../../avr/lib/avr5/memx-const\libm.a(cmpsf2.o)
 .note.GNU-stack
                0x0000000000000000        0x0 c:/program files/microchip/xc8/v2.36/avr/bin/../lib/gcc/avr/5.4.0/../../../../avr/lib/avr5/memx-const\libm.a(fixunssfsi.o)
 .note.GNU-stack
                0x0000000000000000        0x0 c:/program files/microchip/xc8/v2.36/avr/bin/../lib/gcc/avr/5.4.0/../../../../avr/lib/avr5/memx-const\libm.a(floatsisf.o)
 .note.GNU-stack
                0x0000000000000000        0x0 c:/program files/microchip/xc8/v2.36/avr/bin/../lib/gcc/avr/5.4.0/../../../../avr/lib/avr5/memx-const\libm.a(fp_cmp.o)
 .note.GNU-stack
                0x0000000000000000        0x0 c:/program files/microchip/xc8/v2.36/avr/bin/../lib/gcc/avr/5.4.0/../../../../avr/lib/avr5/memx-const\libm.a(fp_split3.o)
 .note.GNU-stack
                0x0000000000000000        0x0 c:/program files/microchip/xc8/v2.36/avr/bin/../lib/gcc/avr/5.4.0/../../../../avr/lib/avr5/memx-const\libm.a(fp_zero.o)
 .note.GNU-stack
                0x0000000000000000        0x0 c:/program files/microchip/xc8/v2.36/avr/bin/../lib/gcc/avr/5.4.0/../../../../avr/lib/avr5/memx-const\libm.a(gesf2.o)
 .note.GNU-stack
                0x0000000000000000        0x0 c:/program files/microchip/xc8/v2.36/avr/bin/../lib/gcc/avr/5.4.0/../../../../avr/lib/avr5/memx-const\libm.a(mulsf3.o)
 .note.GNU-stack
                0x0000000000000000        0x0 c:/program files/microchip/xc8/v2.36/avr/bin/../lib/gcc/avr/5.4.0/../../../../avr/lib/avr5/memx-const\libm.a(mulsf3x.o)
 .note.GNU-stack
                0x0000000000000000        0x0 c:/program files/microchip/xc8/v2.36/avr/bin/../lib/gcc/avr/5.4.0/../../../../avr/lib/avr5/memx-const\libm.a(fp_inf.o)
 .note.GNU-stack
                0x0000000000000000        0x0 c:/program files/microchip/xc8/v2.36/avr/bin/../lib/gcc/avr/5.4.0/../../../../avr/lib/avr5/memx-const\libm.a(fp_nan.o)
 .note.GNU-stack
                0x0000000000000000        0x0 c:/program files/microchip/xc8/v2.36/avr/bin/../lib/gcc/avr/5.4.0/../../../../avr/lib/avr5/memx-const\libm.a(fp_pscA.o)
 .note.GNU-stack
                0x0000000000000000        0x0 c:/program files/microchip/xc8/v2.36/avr/bin/../lib/gcc/avr/5.4.0/../../../../avr/lib/avr5/memx-const\libm.a(fp_pscB.o)
 .note.GNU-stack
                0x0000000000000000        0x0 c:/program files/microchip/xc8/v2.36/avr/bin/../lib/gcc/avr/5.4.0/../../../../avr/lib/avr5/memx-const\libm.a(fp_round.o)
 .note.GNU-stack
                0x0000000000000000        0x0 c:/program files/microchip/xc8/v2.36/avr/bin/../lib/gcc/avr/5.4.0/../../../../avr/lib/avr5/memx-const\libc.a(exit.o)
 .note.GNU-stack
                0x0000000000000000        0x0 c:/program files/microchip/xc8/v2.36/avr/bin/../lib/gcc/avr/5.4.0/../../../../avr/lib/avr5/memx-const\libc.a(_Exit.o)

.note.gnu.build-id
 *(.note.gnu.build-id)

.debug
 *(.debug)

.line
 *(.line)

.debug_srcinfo
 *(.debug_srcinfo)

.debug_sfnames
 *(.debug_sfnames)

.debug_aranges  0x0000000000000000      0x630
 *(.debug_aranges)
 .debug_aranges
                0x0000000000000000       0x58 APP/APP.o
 .debug_aranges
                0x0000000000000058       0x28 HAL/IO/LM35_TMP_Sensor/LM35_TMP_Sensor_Interface.o
 .debug_aranges
                0x0000000000000080       0x38 HAL/IO/Motors/DC/DC_Interface.o
 .debug_aranges
                0x00000000000000b8       0x30 main.o
 .debug_aranges
                0x00000000000000e8       0x28 MCAL/ADC/ADC_Interface.o
 .debug_aranges
                0x0000000000000110       0x68 MCAL/DIO/DIO_Interface.o
 .debug_aranges
                0x0000000000000178       0x30 MCAL/INTERRUPT/Interrupts_Interface.o
 .debug_aranges
                0x00000000000001a8       0xd8 MCAL/Timer0/Timer0_Interface.o
 .debug_aranges
                0x0000000000000280       0x60 MCAL/UART/UART_Interface.o
 .debug_aranges
                0x00000000000002e0       0x28 MCAL/WatchDog/WatchDog_Interface.o
 .debug_aranges
                0x0000000000000308       0x38 RTOS/SCR/heap_1.o
 .debug_aranges
                0x0000000000000340       0x40 RTOS/SCR/list.o
 .debug_aranges
                0x0000000000000380       0x50 RTOS/SCR/port.o
 .debug_aranges
                0x00000000000003d0       0xd8 RTOS/SCR/queue.o
 .debug_aranges
                0x00000000000004a8      0x128 RTOS/SCR/tasks.o
 .debug_aranges
                0x00000000000005d0       0x20 C:/Program Files (x86)/Atmel/Studio/7.0/Packs/atmel/ATmega_DFP/1.7.374/xc8/avr/lib/avr5/memx-const\libatmega32.a(eerd_byte.o)
 .debug_aranges
                0x00000000000005f0       0x20 C:/Program Files (x86)/Atmel/Studio/7.0/Packs/atmel/ATmega_DFP/1.7.374/xc8/avr/lib/avr5/memx-const\libatmega32.a(eeupd_byte.o)
 .debug_aranges
                0x0000000000000610       0x20 C:/Program Files (x86)/Atmel/Studio/7.0/Packs/atmel/ATmega_DFP/1.7.374/xc8/avr/lib/avr5/memx-const\libatmega32.a(eewr_byte.o)

.debug_pubnames
 *(.debug_pubnames)

.debug_info     0x0000000000000000     0x8f00
 *(.debug_info .gnu.linkonce.wi.*)
 .debug_info    0x0000000000000000      0x4e6 C:/Program Files (x86)/Atmel/Studio/7.0/Packs/atmel/ATmega_DFP/1.7.374/xc8/avr/lib/avr5/memx-const/crtatmega32.o
 .debug_info    0x00000000000004e6      0xa6a APP/APP.o
 .debug_info    0x0000000000000f50      0x44f HAL/IO/LM35_TMP_Sensor/LM35_TMP_Sensor_Interface.o
 .debug_info    0x000000000000139f      0x77c HAL/IO/Motors/DC/DC_Interface.o
 .debug_info    0x0000000000001b1b      0xb69 main.o
 .debug_info    0x0000000000002684      0x45e MCAL/ADC/ADC_Interface.o
 .debug_info    0x0000000000002ae2      0x68a MCAL/DIO/DIO_Interface.o
 .debug_info    0x000000000000316c      0x405 MCAL/INTERRUPT/Interrupts_Interface.o
 .debug_info    0x0000000000003571      0xa96 MCAL/Timer0/Timer0_Interface.o
 .debug_info    0x0000000000004007      0x80d MCAL/UART/UART_Interface.o
 .debug_info    0x0000000000004814      0x2d2 MCAL/WatchDog/WatchDog_Interface.o
 .debug_info    0x0000000000004ae6      0x429 RTOS/SCR/heap_1.o
 .debug_info    0x0000000000004f0f      0x5a3 RTOS/SCR/list.o
 .debug_info    0x00000000000054b2      0x530 RTOS/SCR/port.o
 .debug_info    0x00000000000059e2     0x1760 RTOS/SCR/queue.o
 .debug_info    0x0000000000007142     0x1bc2 RTOS/SCR/tasks.o
 .debug_info    0x0000000000008d04       0xa9 C:/Program Files (x86)/Atmel/Studio/7.0/Packs/atmel/ATmega_DFP/1.7.374/xc8/avr/lib/avr5/memx-const\libatmega32.a(eerd_byte.o)
 .debug_info    0x0000000000008dad       0xaa C:/Program Files (x86)/Atmel/Studio/7.0/Packs/atmel/ATmega_DFP/1.7.374/xc8/avr/lib/avr5/memx-const\libatmega32.a(eeupd_byte.o)
 .debug_info    0x0000000000008e57       0xa9 C:/Program Files (x86)/Atmel/Studio/7.0/Packs/atmel/ATmega_DFP/1.7.374/xc8/avr/lib/avr5/memx-const\libatmega32.a(eewr_byte.o)

.debug_abbrev   0x0000000000000000     0x17db
 *(.debug_abbrev)
 .debug_abbrev  0x0000000000000000      0x4a3 C:/Program Files (x86)/Atmel/Studio/7.0/Packs/atmel/ATmega_DFP/1.7.374/xc8/avr/lib/avr5/memx-const/crtatmega32.o
 .debug_abbrev  0x00000000000004a3      0x181 APP/APP.o
 .debug_abbrev  0x0000000000000624       0xc3 HAL/IO/LM35_TMP_Sensor/LM35_TMP_Sensor_Interface.o
 .debug_abbrev  0x00000000000006e7       0xdd HAL/IO/Motors/DC/DC_Interface.o
 .debug_abbrev  0x00000000000007c4      0x1a0 main.o
 .debug_abbrev  0x0000000000000964       0xb6 MCAL/ADC/ADC_Interface.o
 .debug_abbrev  0x0000000000000a1a       0xdf MCAL/DIO/DIO_Interface.o
 .debug_abbrev  0x0000000000000af9       0x85 MCAL/INTERRUPT/Interrupts_Interface.o
 .debug_abbrev  0x0000000000000b7e      0x1cb MCAL/Timer0/Timer0_Interface.o
 .debug_abbrev  0x0000000000000d49      0x151 MCAL/UART/UART_Interface.o
 .debug_abbrev  0x0000000000000e9a       0x44 MCAL/WatchDog/WatchDog_Interface.o
 .debug_abbrev  0x0000000000000ede      0x11e RTOS/SCR/heap_1.o
 .debug_abbrev  0x0000000000000ffc      0x129 RTOS/SCR/list.o
 .debug_abbrev  0x0000000000001125      0x145 RTOS/SCR/port.o
 .debug_abbrev  0x000000000000126a      0x270 RTOS/SCR/queue.o
 .debug_abbrev  0x00000000000014da      0x2c5 RTOS/SCR/tasks.o
 .debug_abbrev  0x000000000000179f       0x14 C:/Program Files (x86)/Atmel/Studio/7.0/Packs/atmel/ATmega_DFP/1.7.374/xc8/avr/lib/avr5/memx-const\libatmega32.a(eerd_byte.o)
 .debug_abbrev  0x00000000000017b3       0x14 C:/Program Files (x86)/Atmel/Studio/7.0/Packs/atmel/ATmega_DFP/1.7.374/xc8/avr/lib/avr5/memx-const\libatmega32.a(eeupd_byte.o)
 .debug_abbrev  0x00000000000017c7       0x14 C:/Program Files (x86)/Atmel/Studio/7.0/Packs/atmel/ATmega_DFP/1.7.374/xc8/avr/lib/avr5/memx-const\libatmega32.a(eewr_byte.o)

.debug_line     0x0000000000000000     0x3ca3
 *(.debug_line .debug_line.* .debug_line_end)
 .debug_line    0x0000000000000000      0x119 C:/Program Files (x86)/Atmel/Studio/7.0/Packs/atmel/ATmega_DFP/1.7.374/xc8/avr/lib/avr5/memx-const/crtatmega32.o
 .debug_line    0x0000000000000119      0x3aa APP/APP.o
 .debug_line    0x00000000000004c3      0x148 HAL/IO/LM35_TMP_Sensor/LM35_TMP_Sensor_Interface.o
 .debug_line    0x000000000000060b      0x205 HAL/IO/Motors/DC/DC_Interface.o
 .debug_line    0x0000000000000810      0x3aa main.o
 .debug_line    0x0000000000000bba      0x146 MCAL/ADC/ADC_Interface.o
 .debug_line    0x0000000000000d00      0x434 MCAL/DIO/DIO_Interface.o
 .debug_line    0x0000000000001134      0x191 MCAL/INTERRUPT/Interrupts_Interface.o
 .debug_line    0x00000000000012c5      0x86e MCAL/Timer0/Timer0_Interface.o
 .debug_line    0x0000000000001b33      0x408 MCAL/UART/UART_Interface.o
 .debug_line    0x0000000000001f3b       0xc3 MCAL/WatchDog/WatchDog_Interface.o
 .debug_line    0x0000000000001ffe      0x128 RTOS/SCR/heap_1.o
 .debug_line    0x0000000000002126      0x1c4 RTOS/SCR/list.o
 .debug_line    0x00000000000022ea      0x296 RTOS/SCR/port.o
 .debug_line    0x0000000000002580      0xa1b RTOS/SCR/queue.o
 .debug_line    0x0000000000002f9b      0xb38 RTOS/SCR/tasks.o
 .debug_line    0x0000000000003ad3       0x82 C:/Program Files (x86)/Atmel/Studio/7.0/Packs/atmel/ATmega_DFP/1.7.374/xc8/avr/lib/avr5/memx-const\libatmega32.a(eerd_byte.o)
 .debug_line    0x0000000000003b55       0xb3 C:/Program Files (x86)/Atmel/Studio/7.0/Packs/atmel/ATmega_DFP/1.7.374/xc8/avr/lib/avr5/memx-const\libatmega32.a(eeupd_byte.o)
 .debug_line    0x0000000000003c08       0x9b C:/Program Files (x86)/Atmel/Studio/7.0/Packs/atmel/ATmega_DFP/1.7.374/xc8/avr/lib/avr5/memx-const\libatmega32.a(eewr_byte.o)

.debug_frame    0x0000000000000000      0xf54
 *(.debug_frame)
 .debug_frame   0x0000000000000000      0x140 APP/APP.o
 .debug_frame   0x0000000000000140       0x34 HAL/IO/LM35_TMP_Sensor/LM35_TMP_Sensor_Interface.o
 .debug_frame   0x0000000000000174       0x5c HAL/IO/Motors/DC/DC_Interface.o
 .debug_frame   0x00000000000001d0       0xbc main.o
 .debug_frame   0x000000000000028c       0x34 MCAL/ADC/ADC_Interface.o
 .debug_frame   0x00000000000002c0       0xb4 MCAL/DIO/DIO_Interface.o
 .debug_frame   0x0000000000000374       0x44 MCAL/INTERRUPT/Interrupts_Interface.o
 .debug_frame   0x00000000000003b8      0x1ec MCAL/Timer0/Timer0_Interface.o
 .debug_frame   0x00000000000005a4      0x108 MCAL/UART/UART_Interface.o
 .debug_frame   0x00000000000006ac       0x34 MCAL/WatchDog/WatchDog_Interface.o
 .debug_frame   0x00000000000006e0       0x60 RTOS/SCR/heap_1.o
 .debug_frame   0x0000000000000740       0x88 RTOS/SCR/list.o
 .debug_frame   0x00000000000007c8       0x84 RTOS/SCR/port.o
 .debug_frame   0x000000000000084c      0x2f8 RTOS/SCR/queue.o
 .debug_frame   0x0000000000000b44      0x410 RTOS/SCR/tasks.o

.debug_str      0x0000000000000000      0x848
 *(.debug_str)
 .debug_str     0x0000000000000000      0x196 C:/Program Files (x86)/Atmel/Studio/7.0/Packs/atmel/ATmega_DFP/1.7.374/xc8/avr/lib/avr5/memx-const/crtatmega32.o
 .debug_str     0x0000000000000196       0xbe APP/APP.o
 .debug_str     0x0000000000000254       0x1d HAL/IO/LM35_TMP_Sensor/LM35_TMP_Sensor_Interface.o
 .debug_str     0x0000000000000271       0x2a HAL/IO/Motors/DC/DC_Interface.o
 .debug_str     0x000000000000029b      0x124 main.o
 .debug_str     0x00000000000003bf        0x0 MCAL/ADC/ADC_Interface.o
 .debug_str     0x00000000000003bf        0x5 MCAL/DIO/DIO_Interface.o
 .debug_str     0x00000000000003c4        0x0 MCAL/INTERRUPT/Interrupts_Interface.o
 .debug_str     0x00000000000003c4       0x31 MCAL/Timer0/Timer0_Interface.o
 .debug_str     0x00000000000003f5       0x25 MCAL/UART/UART_Interface.o
 .debug_str     0x000000000000041a        0x0 MCAL/WatchDog/WatchDog_Interface.o
 .debug_str     0x000000000000041a       0x1f RTOS/SCR/heap_1.o
 .debug_str     0x0000000000000439       0x2b RTOS/SCR/list.o
 .debug_str     0x0000000000000464       0x26 RTOS/SCR/port.o
 .debug_str     0x000000000000048a      0x228 RTOS/SCR/queue.o
 .debug_str     0x00000000000006b2      0x196 RTOS/SCR/tasks.o

.debug_loc      0x0000000000000000     0x5382
 *(.debug_loc)
 .debug_loc     0x0000000000000000      0x72b APP/APP.o
 .debug_loc     0x000000000000072b       0x28 HAL/IO/LM35_TMP_Sensor/LM35_TMP_Sensor_Interface.o
 .debug_loc     0x0000000000000753      0x156 HAL/IO/Motors/DC/DC_Interface.o
 .debug_loc     0x00000000000008a9      0x22b main.o
 .debug_loc     0x0000000000000ad4      0x12b MCAL/ADC/ADC_Interface.o
 .debug_loc     0x0000000000000bff      0x628 MCAL/DIO/DIO_Interface.o
 .debug_loc     0x0000000000001227       0xd8 MCAL/INTERRUPT/Interrupts_Interface.o
 .debug_loc     0x00000000000012ff      0x871 MCAL/Timer0/Timer0_Interface.o
 .debug_loc     0x0000000000001b70      0x583 MCAL/UART/UART_Interface.o
 .debug_loc     0x00000000000020f3       0xf1 RTOS/SCR/heap_1.o
 .debug_loc     0x00000000000021e4      0x145 RTOS/SCR/list.o
 .debug_loc     0x0000000000002329      0x2a0 RTOS/SCR/port.o
 .debug_loc     0x00000000000025c9     0x1b14 RTOS/SCR/queue.o
 .debug_loc     0x00000000000040dd     0x12a5 RTOS/SCR/tasks.o

.debug_macinfo
 *(.debug_macinfo)

.debug_weaknames
 *(.debug_weaknames)

.debug_funcnames
 *(.debug_funcnames)

.debug_typenames
 *(.debug_typenames)

.debug_varnames
 *(.debug_varnames)

.debug_pubtypes
 *(.debug_pubtypes)

.debug_ranges   0x0000000000000000      0x518
 *(.debug_ranges)
 .debug_ranges  0x0000000000000000       0x48 APP/APP.o
 .debug_ranges  0x0000000000000048       0x18 HAL/IO/LM35_TMP_Sensor/LM35_TMP_Sensor_Interface.o
 .debug_ranges  0x0000000000000060       0x28 HAL/IO/Motors/DC/DC_Interface.o
 .debug_ranges  0x0000000000000088       0x20 main.o
 .debug_ranges  0x00000000000000a8       0x18 MCAL/ADC/ADC_Interface.o
 .debug_ranges  0x00000000000000c0       0x58 MCAL/DIO/DIO_Interface.o
 .debug_ranges  0x0000000000000118       0x20 MCAL/INTERRUPT/Interrupts_Interface.o
 .debug_ranges  0x0000000000000138       0xc8 MCAL/Timer0/Timer0_Interface.o
 .debug_ranges  0x0000000000000200       0x50 MCAL/UART/UART_Interface.o
 .debug_ranges  0x0000000000000250       0x18 MCAL/WatchDog/WatchDog_Interface.o
 .debug_ranges  0x0000000000000268       0x28 RTOS/SCR/heap_1.o
 .debug_ranges  0x0000000000000290       0x30 RTOS/SCR/list.o
 .debug_ranges  0x00000000000002c0       0x40 RTOS/SCR/port.o
 .debug_ranges  0x0000000000000300       0xc8 RTOS/SCR/queue.o
 .debug_ranges  0x00000000000003c8      0x150 RTOS/SCR/tasks.o

.debug_macro
 *(.debug_macro)
OUTPUT(MCU1_CODE.elf elf32-avr)
LOAD linker stubs
LOAD data_init

.note.gnu.avr.deviceinfo
                0x0000000000000000       0x3c
 .note.gnu.avr.deviceinfo
                0x0000000000000000       0x3c C:/Program Files (x86)/Atmel/Studio/7.0/Packs/atmel/ATmega_DFP/1.7.374/xc8/avr/lib/avr5/memx-const/crtatmega32.o

.bss.temperature
                0x0000000000800687        0x2
 .bss.temperature
                0x0000000000800687        0x2 main.o
                0x0000000000800687                temperature

.bss.temp_counter
                0x0000000000800699        0x1
 .bss.temp_counter
                0x0000000000800699        0x1 main.o
                0x0000000000800699                temp_counter

.bss.bot1_intur
                0x000000000080069a        0x1
 .bss.bot1_intur
                0x000000000080069a        0x1 main.o
                0x000000000080069a                bot1_intur

.bss.reset      0x000000000080069b        0x1
 .bss.reset     0x000000000080069b        0x1 main.o
                0x000000000080069b                reset

.bss.overflow_count
                0x000000000080069c        0x1
 .bss.overflow_count
                0x000000000080069c        0x1 main.o
                0x000000000080069c                overflow_count

.bss.buttonPressed
                0x000000000080069d        0x1
 .bss.buttonPressed
                0x000000000080069d        0x1 main.o
                0x000000000080069d                buttonPressed

.bss.currentState
                0x000000000080069e        0x1
 .bss.currentState
                0x000000000080069e        0x1 main.o
                0x000000000080069e                currentState

.bss.Overflow_Cycle
                0x0000000000800683        0x4
 .bss.Overflow_Cycle
                0x0000000000800683        0x4 MCAL/Timer0/Timer0_Interface.o
                0x0000000000800683                Overflow_Cycle

.bss.pucAlignedHeap.1961
                0x0000000000800689        0x2
 .bss.pucAlignedHeap.1961
                0x0000000000800689        0x2 RTOS/SCR/heap_1.o

.bss.xNextFreeByte
                0x000000000080068b        0x2
 .bss.xNextFreeByte
                0x000000000080068b        0x2 RTOS/SCR/heap_1.o

.bss.ucHeap     0x000000000080007a      0x5dc
 .bss.ucHeap    0x000000000080007a      0x5dc RTOS/SCR/heap_1.o

.bss.uxSchedulerSuspended
                0x000000000080069f        0x1
 .bss.uxSchedulerSuspended
                0x000000000080069f        0x1 RTOS/SCR/tasks.o

.bss.xNumOfOverflows
                0x00000000008006a0        0x1
 .bss.xNumOfOverflows
                0x00000000008006a0        0x1 RTOS/SCR/tasks.o

.bss.xYieldPending
                0x00000000008006a1        0x1
 .bss.xYieldPending
                0x00000000008006a1        0x1 RTOS/SCR/tasks.o

.bss.uxPendedTicks
                0x00000000008006a2        0x1
 .bss.uxPendedTicks
                0x00000000008006a2        0x1 RTOS/SCR/tasks.o

.bss.uxTopReadyPriority
                0x00000000008006a3        0x1
 .bss.uxTopReadyPriority
                0x00000000008006a3        0x1 RTOS/SCR/tasks.o

.bss.xTickCount
                0x000000000080068f        0x2
 .bss.xTickCount
                0x000000000080068f        0x2 RTOS/SCR/tasks.o

.bss.uxCurrentNumberOfTasks
                0x00000000008006a4        0x1
 .bss.uxCurrentNumberOfTasks
                0x00000000008006a4        0x1 RTOS/SCR/tasks.o

.bss.xPendingReadyList
                0x000000000080067a        0x9
 .bss.xPendingReadyList
                0x000000000080067a        0x9 RTOS/SCR/tasks.o

.bss.pxOverflowDelayedTaskList
                0x0000000000800691        0x2
 .bss.pxOverflowDelayedTaskList
                0x0000000000800691        0x2 RTOS/SCR/tasks.o

.bss.pxDelayedTaskList
                0x0000000000800693        0x2
 .bss.pxDelayedTaskList
                0x0000000000800693        0x2 RTOS/SCR/tasks.o

.bss.pxReadyTasksLists
                0x0000000000800656       0x24
 .bss.pxReadyTasksLists
                0x0000000000800656       0x24 RTOS/SCR/tasks.o

.bss.pxCurrentTCB
                0x0000000000800695        0x2
 .bss.pxCurrentTCB
                0x0000000000800695        0x2 RTOS/SCR/tasks.o
                0x0000000000800695                pxCurrentTCB

.text.xTaskIncrementTick
                0x00000000000000d6      0x178
 .text.xTaskIncrementTick
                0x00000000000000d6      0x178 RTOS/SCR/tasks.o
                0x00000000000000d6                xTaskIncrementTick

.text.UART_Initialize_WithoutInterrupt
                0x000000000000024e      0x120
 .text.UART_Initialize_WithoutInterrupt
                0x000000000000024e      0x120 MCAL/UART/UART_Interface.o
                0x000000000000024e                UART_Initialize_WithoutInterrupt

.text.handle_State
                0x000000000000036e      0x114
 .text.handle_State
                0x000000000000036e      0x114 APP/APP.o
                0x000000000000036e                handle_State

.text.Timer0_OVF_WithInterrupt_Start
                0x0000000000000482       0xf8
 .text.Timer0_OVF_WithInterrupt_Start
                0x0000000000000482       0xf8 MCAL/Timer0/Timer0_Interface.o
                0x0000000000000482                Timer0_OVF_WithInterrupt_Start

.text.main      0x000000000000057a       0xe6
 .text.main     0x000000000000057a       0xe6 main.o
                0x000000000000057a                main

.text.DIO_SetPinDirection
                0x0000000000000660       0xe2
 .text.DIO_SetPinDirection
                0x0000000000000660       0xe2 MCAL/DIO/DIO_Interface.o
                0x0000000000000660                DIO_SetPinDirection

.text.DIO_SetPinValue
                0x0000000000000742       0xe2
 .text.DIO_SetPinValue
                0x0000000000000742       0xe2 MCAL/DIO/DIO_Interface.o
                0x0000000000000742                DIO_SetPinValue

.text.xTaskResumeAll
                0x0000000000000824       0xe2
 .text.xTaskResumeAll
                0x0000000000000824       0xe2 RTOS/SCR/tasks.o
                0x0000000000000824                xTaskResumeAll

.text           0x0000000000000906       0xd4
 .text          0x0000000000000906       0xd4 c:/program files/microchip/xc8/v2.36/avr/bin/../lib/gcc/avr/5.4.0/../../../../avr/lib/avr5/memx-const\libm.a(mulsf3x.o)
                0x0000000000000906                __mulsf3x
                0x000000000000092c                __mulsf3_pse

.text.vPortYieldFromTick
                0x00000000000009da       0xb8
 .text.vPortYieldFromTick
                0x00000000000009da       0xb8 RTOS/SCR/port.o
                0x00000000000009da                vPortYieldFromTick

.text.vTaskSwitchContext
                0x0000000000000a92       0xb8
 .text.vTaskSwitchContext
                0x0000000000000a92       0xb8 RTOS/SCR/tasks.o
                0x0000000000000a92                vTaskSwitchContext

.text.vPortYield
                0x0000000000000b4a       0xb2
 .text.vPortYield
                0x0000000000000b4a       0xb2 RTOS/SCR/port.o
                0x0000000000000b4a                vPortYield

.text.check_State
                0x0000000000000bfc       0xae
 .text.check_State
                0x0000000000000bfc       0xae APP/APP.o
                0x0000000000000bfc                check_State

.text.xTaskRemoveFromEventList
                0x0000000000000caa       0x98
 .text.xTaskRemoveFromEventList
                0x0000000000000caa       0x98 RTOS/SCR/tasks.o
                0x0000000000000caa                xTaskRemoveFromEventList

.text.DC_Start  0x0000000000000d42       0x90
 .text.DC_Start
                0x0000000000000d42       0x90 HAL/IO/Motors/DC/DC_Interface.o
                0x0000000000000d42                DC_Start

.text.xQueueGenericReset
                0x0000000000000dd2       0x8e
 .text.xQueueGenericReset
                0x0000000000000dd2       0x8e RTOS/SCR/queue.o
                0x0000000000000dd2                xQueueGenericReset

.text           0x0000000000000e60       0x7a
 .text          0x0000000000000e60       0x7a c:/program files/microchip/xc8/v2.36/avr/bin/../lib/gcc/avr/5.4.0/../../../../avr/lib/avr5/memx-const\libm.a(floatsisf.o)
                0x0000000000000e60                __floatunsisf
                0x0000000000000e64                __floatsisf

.text.ADC_Read  0x0000000000000eda       0x74
 .text.ADC_Read
                0x0000000000000eda       0x74 MCAL/ADC/ADC_Interface.o
                0x0000000000000eda                ADC_Read

.text.__vector_11
                0x0000000000000f4e       0x6c
 .text.__vector_11
                0x0000000000000f4e       0x6c main.o
                0x0000000000000f4e                __vector_11

.text.pvPortMalloc
                0x0000000000000fba       0x6a
 .text.pvPortMalloc
                0x0000000000000fba       0x6a RTOS/SCR/heap_1.o
                0x0000000000000fba                pvPortMalloc

.text           0x0000000000001024       0x5e
 .text          0x0000000000001024       0x5e c:/program files/microchip/xc8/v2.36/avr/bin/../lib/gcc/avr/5.4.0/../../../../avr/lib/avr5/memx-const\libm.a(fixunssfsi.o)
                0x0000000000001024                __fixunssfsi

.text.xQueueGenericCreate
                0x0000000000001082       0x5c
 .text.xQueueGenericCreate
                0x0000000000001082       0x5c RTOS/SCR/queue.o
                0x0000000000001082                xQueueGenericCreate

.text.External_Interrupt0_Initalize
                0x00000000000010de       0x58
 .text.External_Interrupt0_Initalize
                0x00000000000010de       0x58 MCAL/INTERRUPT/Interrupts_Interface.o
                0x00000000000010de                External_Interrupt0_Initalize

.text.DC_Initialize
                0x0000000000001136       0x52
 .text.DC_Initialize
                0x0000000000001136       0x52 HAL/IO/Motors/DC/DC_Interface.o
                0x0000000000001136                DC_Initialize

.text.DC_Stop   0x0000000000001188       0x4e
 .text.DC_Stop  0x0000000000001188       0x4e HAL/IO/Motors/DC/DC_Interface.o
                0x0000000000001188                DC_Stop

.text.uxListRemove
                0x00000000000011d6       0x4c
 .text.uxListRemove
                0x00000000000011d6       0x4c RTOS/SCR/list.o
                0x00000000000011d6                uxListRemove

.text.UART_Transmit_State
                0x0000000000001222       0x4a
 .text.UART_Transmit_State
                0x0000000000001222       0x4a APP/APP.o
                0x0000000000001222                UART_Transmit_State

.text           0x000000000000126c       0x48
 .text          0x000000000000126c       0x48 c:/program files/microchip/xc8/v2.36/avr/bin/../lib/gcc/avr/5.4.0/../../../../avr/lib/avr5/memx-const\libm.a(fp_cmp.o)
                0x000000000000126c                __fp_cmp

.text.handle_event
                0x00000000000012b4       0x46
 .text.handle_event
                0x00000000000012b4       0x46 APP/APP.o
                0x00000000000012b4                handle_event

.text           0x00000000000012fa       0x44
 .text          0x00000000000012fa       0x44 c:/program files/microchip/xc8/v2.36/avr/bin/../lib/gcc/avr/5.4.0/../../../../avr/lib/avr5/memx-const\libm.a(fp_split3.o)
                0x00000000000012fa                __fp_split3
                0x000000000000130a                __fp_splitA

.text.libgcc.div
                0x000000000000133e       0x44
 .text.libgcc.div
                0x000000000000133e       0x44 c:/program files/microchip/xc8/v2.36/avr/bin/../lib/gcc/avr/5.4.0/avr5/memx-const\libgcc.a(_udivmodsi4.o)
                0x000000000000133e                __udivmodsi4

.text.__vector_1
                0x0000000000001382       0x42
 .text.__vector_1
                0x0000000000001382       0x42 main.o
                0x0000000000001382                __vector_1

.text.vListInsertEnd
                0x00000000000013c4       0x42
 .text.vListInsertEnd
                0x00000000000013c4       0x42 RTOS/SCR/list.o
                0x00000000000013c4                vListInsertEnd

.text.prvResetNextTaskUnblockTime
                0x0000000000001406       0x3e
 .text.prvResetNextTaskUnblockTime
                0x0000000000001406       0x3e RTOS/SCR/tasks.o

.text.Read_TEMP_SENSOR
                0x0000000000001444       0x30
 .text.Read_TEMP_SENSOR
                0x0000000000001444       0x30 HAL/IO/LM35_TMP_Sensor/LM35_TMP_Sensor_Interface.o
                0x0000000000001444                Read_TEMP_SENSOR

.text.libgcc.div
                0x0000000000001474       0x2e
 .text.libgcc.div
                0x0000000000001474       0x2e c:/program files/microchip/xc8/v2.36/avr/bin/../lib/gcc/avr/5.4.0/avr5/memx-const\libgcc.a(_divmodsi4.o)
                0x0000000000001474                __divmodsi4

.text.DC_Change_Speed
                0x00000000000014a2       0x26
 .text.DC_Change_Speed
                0x00000000000014a2       0x26 HAL/IO/Motors/DC/DC_Interface.o
                0x00000000000014a2                DC_Change_Speed

.text.Timer0_OVF_WithInterrupt_Initialize
                0x00000000000014c8       0x26
 .text.Timer0_OVF_WithInterrupt_Initialize
                0x00000000000014c8       0x26 MCAL/Timer0/Timer0_Interface.o
                0x00000000000014c8                Timer0_OVF_WithInterrupt_Initialize

.text.Timer0_OVF_WithInterrupt_Stop
                0x00000000000014ee       0x24
 .text.Timer0_OVF_WithInterrupt_Stop
                0x00000000000014ee       0x24 MCAL/Timer0/Timer0_Interface.o
                0x00000000000014ee                Timer0_OVF_WithInterrupt_Stop

.text           0x0000000000001512       0x22
 .text          0x0000000000001512       0x22 c:/program files/microchip/xc8/v2.36/avr/bin/../lib/gcc/avr/5.4.0/../../../../avr/lib/avr5/memx-const\libm.a(fp_round.o)
                0x0000000000001512                __fp_round

.text.avrlibc   0x0000000000001534       0x22
 .text.avrlibc  0x0000000000001534       0x22 C:/Program Files (x86)/Atmel/Studio/7.0/Packs/atmel/ATmega_DFP/1.7.374/xc8/avr/lib/avr5/memx-const\libatmega32.a(eeupd_byte.o)
                0x0000000000001534                eeprom_update_byte
                0x0000000000001536                eeprom_update_r18

.text.UART_Transmit_Word
                0x0000000000001556       0x1c
 .text.UART_Transmit_Word
                0x0000000000001556       0x1c MCAL/UART/UART_Interface.o
                0x0000000000001556                UART_Transmit_Word

.text.vListInitialise
                0x0000000000001572       0x1c
 .text.vListInitialise
                0x0000000000001572       0x1c RTOS/SCR/list.o
                0x0000000000001572                vListInitialise

.text.avrlibc   0x000000000000158e       0x1a
 .text.avrlibc  0x000000000000158e       0x1a C:/Program Files (x86)/Atmel/Studio/7.0/Packs/atmel/ATmega_DFP/1.7.374/xc8/avr/lib/avr5/memx-const\libatmega32.a(eewr_byte.o)
                0x000000000000158e                eeprom_write_byte
                0x0000000000001590                eeprom_write_r18

.text.Initialize_E2PROM_State
                0x00000000000015a8       0x16
 .text.Initialize_E2PROM_State
                0x00000000000015a8       0x16 APP/APP.o
                0x00000000000015a8                Initialize_E2PROM_State

.text.exit      0x00000000000015be       0x16
 .text.exit     0x00000000000015be       0x16 c:/program files/microchip/xc8/v2.36/avr/bin/../lib/gcc/avr/5.4.0/../../../../avr/lib/avr5/memx-const\libc.a(exit.o)
                0x00000000000015be                exit

.text.avrlibc   0x00000000000015d4       0x12
 .text.avrlibc  0x00000000000015d4       0x12 C:/Program Files (x86)/Atmel/Studio/7.0/Packs/atmel/ATmega_DFP/1.7.374/xc8/avr/lib/avr5/memx-const\libatmega32.a(eerd_byte.o)
                0x00000000000015d4                eeprom_read_byte

.text.libgcc.div
                0x00000000000015e6       0x10
 .text.libgcc.div
                0x00000000000015e6       0x10 c:/program files/microchip/xc8/v2.36/avr/bin/../lib/gcc/avr/5.4.0/avr5/memx-const\libgcc.a(_negsi2.o)
                0x00000000000015e6                __negsi2

.text.libgcc    0x00000000000015f6       0x10
 .text.libgcc   0x00000000000015f6       0x10 c:/program files/microchip/xc8/v2.36/avr/bin/../lib/gcc/avr/5.4.0/avr5/memx-const\libgcc.a(_xload_2.o)
                0x00000000000015f6                __xload_2

.text.ADC_Initialize
                0x0000000000001606        0xe
 .text.ADC_Initialize
                0x0000000000001606        0xe MCAL/ADC/ADC_Interface.o
                0x0000000000001606                ADC_Initialize

.text           0x0000000000001614        0xe
 .text          0x0000000000001614        0xe c:/program files/microchip/xc8/v2.36/avr/bin/../lib/gcc/avr/5.4.0/../../../../avr/lib/avr5/memx-const\libm.a(fp_zero.o)
                0x0000000000001614                __fp_zero
                0x0000000000001616                __fp_szero

.text           0x0000000000001622        0xe
 .text          0x0000000000001622        0xe c:/program files/microchip/xc8/v2.36/avr/bin/../lib/gcc/avr/5.4.0/../../../../avr/lib/avr5/memx-const\libm.a(fp_pscA.o)
                0x0000000000001622                __fp_pscA

.text           0x0000000000001630        0xe
 .text          0x0000000000001630        0xe c:/program files/microchip/xc8/v2.36/avr/bin/../lib/gcc/avr/5.4.0/../../../../avr/lib/avr5/memx-const\libm.a(fp_pscB.o)
                0x0000000000001630                __fp_pscB

.text.Read_E2PROM_State
                0x000000000000163e        0xc
 .text.Read_E2PROM_State
                0x000000000000163e        0xc APP/APP.o
                0x000000000000163e                Read_E2PROM_State

.text.Initialize_TEMP_SENSOR
                0x000000000000164a        0xc
 .text.Initialize_TEMP_SENSOR
                0x000000000000164a        0xc HAL/IO/LM35_TMP_Sensor/LM35_TMP_Sensor_Interface.o
                0x000000000000164a                Initialize_TEMP_SENSOR

.text.WDT_ON    0x0000000000001656        0xc
 .text.WDT_ON   0x0000000000001656        0xc MCAL/WatchDog/WatchDog_Interface.o
                0x0000000000001656                WDT_ON

.text.vTaskSuspendAll
                0x0000000000001662        0xc
 .text.vTaskSuspendAll
                0x0000000000001662        0xc RTOS/SCR/tasks.o
                0x0000000000001662                vTaskSuspendAll

.text           0x000000000000166e        0xc
 .text          0x000000000000166e        0xc c:/program files/microchip/xc8/v2.36/avr/bin/../lib/gcc/avr/5.4.0/../../../../avr/lib/avr5/memx-const\libm.a(fp_inf.o)
                0x000000000000166e                __fp_inf

.text.libgcc    0x000000000000167a        0xc
 .text.libgcc   0x000000000000167a        0xc c:/program files/microchip/xc8/v2.36/avr/bin/../lib/gcc/avr/5.4.0/avr5/memx-const\libgcc.a(_tablejump2.o)
                0x000000000000167a                __tablejump2__

.text.UART_Transmit_Character
                0x0000000000001686        0xa
 .text.UART_Transmit_Character
                0x0000000000001686        0xa MCAL/UART/UART_Interface.o
                0x0000000000001686                UART_Transmit_Character

.text           0x0000000000001690        0xa
 .text          0x0000000000001690        0xa c:/program files/microchip/xc8/v2.36/avr/bin/../lib/gcc/avr/5.4.0/../../../../avr/lib/avr5/memx-const\libm.a(cmpsf2.o)
                0x0000000000001690                __nesf2
                0x0000000000001690                __eqsf2
                0x0000000000001690                __cmpsf2
                0x0000000000001690                __ltsf2
                0x0000000000001690                __lesf2

.text           0x000000000000169a        0xa
 .text          0x000000000000169a        0xa c:/program files/microchip/xc8/v2.36/avr/bin/../lib/gcc/avr/5.4.0/../../../../avr/lib/avr5/memx-const\libm.a(gesf2.o)
                0x000000000000169a                __gesf2
                0x000000000000169a                __gtsf2

.text           0x00000000000016a4        0x8
 .text          0x00000000000016a4        0x8 c:/program files/microchip/xc8/v2.36/avr/bin/../lib/gcc/avr/5.4.0/../../../../avr/lib/avr5/memx-const\libm.a(mulsf3.o)
                0x00000000000016a4                __mulsf3

.text.__vector_7
                0x00000000000016ac        0x6
 .text.__vector_7
                0x00000000000016ac        0x6 RTOS/SCR/port.o
                0x00000000000016ac                __vector_7

.text           0x00000000000016b2        0x6
 .text          0x00000000000016b2        0x6 c:/program files/microchip/xc8/v2.36/avr/bin/../lib/gcc/avr/5.4.0/../../../../avr/lib/avr5/memx-const\libm.a(fp_nan.o)
                0x00000000000016b2                __fp_nan

.text           0x00000000000016b8        0x4
 .text          0x00000000000016b8        0x4 C:/Program Files (x86)/Atmel/Studio/7.0/Packs/atmel/ATmega_DFP/1.7.374/xc8/avr/lib/avr5/memx-const/crtatmega32.o
                0x00000000000016b8                __vector_12
                0x00000000000016b8                __bad_interrupt
                0x00000000000016b8                __vector_6
                0x00000000000016b8                __vector_3
                0x00000000000016b8                __vector_13
                0x00000000000016b8                __vector_17
                0x00000000000016b8                __vector_19
                0x00000000000016b8                __vector_5
                0x00000000000016b8                __vector_4
                0x00000000000016b8                __vector_9
                0x00000000000016b8                __vector_2
                0x00000000000016b8                __vector_15
                0x00000000000016b8                __vector_8
                0x00000000000016b8                __vector_14
                0x00000000000016b8                __vector_10
                0x00000000000016b8                __vector_16
                0x00000000000016b8                __vector_18
                0x00000000000016b8                __vector_20

.text._Exit     0x00000000000016bc        0x4
 .text._Exit    0x00000000000016bc        0x4 c:/program files/microchip/xc8/v2.36/avr/bin/../lib/gcc/avr/5.4.0/../../../../avr/lib/avr5/memx-const\libc.a(_Exit.o)
                0x00000000000016bc                _Exit

.text.vPortFree
                0x00000000000016c0        0x2
 .text.vPortFree
                0x00000000000016c0        0x2 RTOS/SCR/heap_1.o
                0x00000000000016c0                vPortFree

.text.__dummy_fini
                0x00000000000016c2        0x2
 .text.__dummy_fini
                0x00000000000016c2        0x2 c:/program files/microchip/xc8/v2.36/avr/bin/../lib/gcc/avr/5.4.0/../../../../avr/lib/avr5/memx-const\libc.a(exit.o)
                0x00000000000016c2                _fini

.text.__dummy_funcs_on_exit
                0x00000000000016c4        0x2
 .text.__dummy_funcs_on_exit
                0x00000000000016c4        0x2 c:/program files/microchip/xc8/v2.36/avr/bin/../lib/gcc/avr/5.4.0/../../../../avr/lib/avr5/memx-const\libc.a(exit.o)
                0x00000000000016c4                __funcs_on_exit

.text.__dummy_simulator_exit
                0x00000000000016c6        0x2
 .text.__dummy_simulator_exit
                0x00000000000016c6        0x2 c:/program files/microchip/xc8/v2.36/avr/bin/../lib/gcc/avr/5.4.0/../../../../avr/lib/avr5/memx-const\libc.a(exit.o)
                0x00000000000016c6                __simulator_exit

.data.xNextTaskUnblockTime
                0x000000000080068d        0x2 load address 0x00000000000016c8
 .data.xNextTaskUnblockTime
                0x000000000080068d        0x2 RTOS/SCR/tasks.o

.data.EEPROM_State_Add
                0x0000000000800697        0x1 load address 0x00000000000016ca
 .data.EEPROM_State_Add
                0x0000000000800697        0x1 APP/APP.o
                0x0000000000800697                EEPROM_State_Add

.data.Speed_Scale
                0x0000000000800698        0x1 load address 0x00000000000016cb
 .data.Speed_Scale
                0x0000000000800698        0x1 main.o
                0x0000000000800698                Speed_Scale
