Archive member included to satisfy reference by file (symbol)

c:/program files/microchip/xc8/v2.36/avr/bin/../lib/gcc/avr/5.4.0/../../../../avr/lib/avr5/memx-const\libm.a(cmpsf2.o)
                              APP/APP.o (__lesf2)
c:/program files/microchip/xc8/v2.36/avr/bin/../lib/gcc/avr/5.4.0/../../../../avr/lib/avr5/memx-const\libm.a(fixunssfsi.o)
                              HAL/IO/LM35_TMP_Sensor/LM35_TMP_Sensor_Interface.o (__fixunssfsi)
c:/program files/microchip/xc8/v2.36/avr/bin/../lib/gcc/avr/5.4.0/../../../../avr/lib/avr5/memx-const\libm.a(floatsisf.o)
                              APP/APP.o (__floatunsisf)
c:/program files/microchip/xc8/v2.36/avr/bin/../lib/gcc/avr/5.4.0/../../../../avr/lib/avr5/memx-const\libm.a(fp_cmp.o)
                              c:/program files/microchip/xc8/v2.36/avr/bin/../lib/gcc/avr/5.4.0/../../../../avr/lib/avr5/memx-const\libm.a(cmpsf2.o) (__fp_cmp)
c:/program files/microchip/xc8/v2.36/avr/bin/../lib/gcc/avr/5.4.0/../../../../avr/lib/avr5/memx-const\libm.a(fp_split3.o)
                              c:/program files/microchip/xc8/v2.36/avr/bin/../lib/gcc/avr/5.4.0/../../../../avr/lib/avr5/memx-const\libm.a(fixunssfsi.o) (__fp_splitA)
c:/program files/microchip/xc8/v2.36/avr/bin/../lib/gcc/avr/5.4.0/../../../../avr/lib/avr5/memx-const\libm.a(fp_zero.o)
                              c:/program files/microchip/xc8/v2.36/avr/bin/../lib/gcc/avr/5.4.0/../../../../avr/lib/avr5/memx-const\libm.a(fixunssfsi.o) (__fp_zero)
c:/program files/microchip/xc8/v2.36/avr/bin/../lib/gcc/avr/5.4.0/../../../../avr/lib/avr5/memx-const\libm.a(gesf2.o)
                              APP/APP.o (__gtsf2)
c:/program files/microchip/xc8/v2.36/avr/bin/../lib/gcc/avr/5.4.0/../../../../avr/lib/avr5/memx-const\libm.a(mulsf3.o)
                              HAL/IO/LM35_TMP_Sensor/LM35_TMP_Sensor_Interface.o (__mulsf3)
c:/program files/microchip/xc8/v2.36/avr/bin/../lib/gcc/avr/5.4.0/../../../../avr/lib/avr5/memx-const\libm.a(mulsf3x.o)
                              c:/program files/microchip/xc8/v2.36/avr/bin/../lib/gcc/avr/5.4.0/../../../../avr/lib/avr5/memx-const\libm.a(mulsf3.o) (__mulsf3x)
c:/program files/microchip/xc8/v2.36/avr/bin/../lib/gcc/avr/5.4.0/../../../../avr/lib/avr5/memx-const\libm.a(fp_inf.o)
                              c:/program files/microchip/xc8/v2.36/avr/bin/../lib/gcc/avr/5.4.0/../../../../avr/lib/avr5/memx-const\libm.a(mulsf3x.o) (__fp_inf)
c:/program files/microchip/xc8/v2.36/avr/bin/../lib/gcc/avr/5.4.0/../../../../avr/lib/avr5/memx-const\libm.a(fp_nan.o)
                              c:/program files/microchip/xc8/v2.36/avr/bin/../lib/gcc/avr/5.4.0/../../../../avr/lib/avr5/memx-const\libm.a(mulsf3x.o) (__fp_nan)
c:/program files/microchip/xc8/v2.36/avr/bin/../lib/gcc/avr/5.4.0/../../../../avr/lib/avr5/memx-const\libm.a(fp_pscA.o)
                              c:/program files/microchip/xc8/v2.36/avr/bin/../lib/gcc/avr/5.4.0/../../../../avr/lib/avr5/memx-const\libm.a(mulsf3x.o) (__fp_pscA)
c:/program files/microchip/xc8/v2.36/avr/bin/../lib/gcc/avr/5.4.0/../../../../avr/lib/avr5/memx-const\libm.a(fp_pscB.o)
                              c:/program files/microchip/xc8/v2.36/avr/bin/../lib/gcc/avr/5.4.0/../../../../avr/lib/avr5/memx-const\libm.a(mulsf3x.o) (__fp_pscB)
c:/program files/microchip/xc8/v2.36/avr/bin/../lib/gcc/avr/5.4.0/../../../../avr/lib/avr5/memx-const\libm.a(fp_round.o)
                              c:/program files/microchip/xc8/v2.36/avr/bin/../lib/gcc/avr/5.4.0/../../../../avr/lib/avr5/memx-const\libm.a(mulsf3.o) (__fp_round)
c:/program files/microchip/xc8/v2.36/avr/bin/../lib/gcc/avr/5.4.0/avr5/memx-const\libgcc.a(_udivmodhi4.o)
                              APP/APP.o (__udivmodhi4)
c:/program files/microchip/xc8/v2.36/avr/bin/../lib/gcc/avr/5.4.0/avr5/memx-const\libgcc.a(_divmodhi4.o)
                              MCAL/Timer0/Timer0_Interface.o (__divmodhi4)
c:/program files/microchip/xc8/v2.36/avr/bin/../lib/gcc/avr/5.4.0/avr5/memx-const\libgcc.a(_udivmodsi4.o)
                              HAL/IO/LCD/LCD_Program.o (__udivmodsi4)
c:/program files/microchip/xc8/v2.36/avr/bin/../lib/gcc/avr/5.4.0/avr5/memx-const\libgcc.a(_divmodsi4.o)
                              MCAL/UART/UART_Interface.o (__divmodsi4)
c:/program files/microchip/xc8/v2.36/avr/bin/../lib/gcc/avr/5.4.0/avr5/memx-const\libgcc.a(_negsi2.o)
                              c:/program files/microchip/xc8/v2.36/avr/bin/../lib/gcc/avr/5.4.0/avr5/memx-const\libgcc.a(_divmodsi4.o) (__negsi2)
c:/program files/microchip/xc8/v2.36/avr/bin/../lib/gcc/avr/5.4.0/avr5/memx-const\libgcc.a(_tablejump2.o)
                              MCAL/ADC/ADC_Interface.o (__tablejump2__)
c:/program files/microchip/xc8/v2.36/avr/bin/../lib/gcc/avr/5.4.0/avr5/memx-const\libgcc.a(_copy_data.o)
                              HAL/IO/LED/LED1/LED1_Interface.o (__do_copy_data)
c:/program files/microchip/xc8/v2.36/avr/bin/../lib/gcc/avr/5.4.0/avr5/memx-const\libgcc.a(_xload_2.o)
[...]
Memory Configuration

Name             Origin             Length             Attributes
text             0x0000000000000000 0x0000000000008000 xr
data             0x0000000000800060 0x0000000000000800 rw !x
eeprom           0x0000000000810000 0x0000000000000400 rw !x
fuse             0x0000000000820000 0x0000000000000002 rw !x
lock             0x0000000000830000 0x0000000000000400 rw !x
signature        0x0000000000840000 0x0000000000000400 rw !x
user_signatures  0x0000000000850000 0x0000000000000400 rw !x
*default*        0x0000000000000000 0xffffffffffffffff

Linker script and memory map

LOAD C:/Program Files (x86)/Atmel/Studio/7.0/Packs/atmel/ATmega_DFP/1.7.374/xc8/avr/lib/avr5/memx-const/crtatmega32.o
LOAD APP/APP.o
LOAD HAL/EEPROM/EEPROM_Interface.o
LOAD HAL/IO/Buzzer/BUZZER_Interface.o
LOAD HAL/IO/LCD/LCD_Program.o
LOAD HAL/IO/LED/LED1/LED1_Interface.o
LOAD HAL/IO/LED/LED2/LED2_Interface.o
LOAD HAL/IO/LED/LED3/LED3_Interface.o
LOAD HAL/IO/LED/LED4/LED4_Interface.o
LOAD HAL/IO/LED/LED5/LED5_Interface.o
LOAD HAL/IO/LM35_TMP_Sensor/LM35_TMP_Sensor_Interface.o
LOAD HAL/IO/Motors/DC/DC_Interface.o
LOAD HAL/IO/Motors/SERVO/Servo_Interface.o
LOAD main.o
LOAD MCAL/ADC/ADC_Interface.o
LOAD MCAL/DIO/DIO_Interface.o
LOAD MCAL/INTERRUPT/Interrupts_Interface.o
LOAD MCAL/Timer0/Timer0_Interface.o
LOAD MCAL/TWI/TWI.o
LOAD MCAL/UART/UART_Interface.o
LOAD RTOS/SCR/croutine.o
LOAD RTOS/SCR/event_groups.o
LOAD RTOS/SCR/heap_1.o
LOAD RTOS/SCR/integer.o
LOAD RTOS/SCR/list.o
LOAD RTOS/SCR/PollQ.o
LOAD RTOS/SCR/port.o
LOAD RTOS/SCR/queue.o
LOAD RTOS/SCR/tasks.o
START GROUP
LOAD c:/program files/microchip/xc8/v2.36/avr/bin/../lib/gcc/avr/5.4.0/../../../../avr/lib/avr5/memx-const\libm.a
END GROUP
START GROUP
LOAD c:/program files/microchip/xc8/v2.36/avr/bin/../lib/gcc/avr/5.4.0/avr5/memx-const\libgcc.a
LOAD c:/program files/microchip/xc8/v2.36/avr/bin/../lib/gcc/avr/5.4.0/../../../../avr/lib/avr5/memx-const\libm.a
LOAD c:/program files/microchip/xc8/v2.36/avr/bin/../lib/gcc/avr/5.4.0/../../../../avr/lib/avr5/memx-const\libc.a
LOAD C:/Program Files (x86)/Atmel/Studio/7.0/Packs/atmel/ATmega_DFP/1.7.374/xc8/avr/lib/avr5/memx-const\libatmega32.a
END GROUP
                0x0000000000000000                __TEXT_REGION_ORIGIN__ = DEFINED (__TEXT_REGION_ORIGIN__)?__TEXT_REGION_ORIGIN__:0x0
                [0x0000000000800060]                __DATA_REGION_ORIGIN__ = DEFINED (__DATA_REGION_ORIGIN__)?__DATA_REGION_ORIGIN__:0x800060
                [0x0000000000008000]                __TEXT_REGION_LENGTH__ = DEFINED (__TEXT_REGION_LENGTH__)?__TEXT_REGION_LENGTH__:0x20000
                [0x0000000000000800]                __DATA_REGION_LENGTH__ = DEFINED (__DATA_REGION_LENGTH__)?__DATA_REGION_LENGTH__:0xffa0
                [0x0000000000000400]                __EEPROM_REGION_LENGTH__ = DEFINED (__EEPROM_REGION_LENGTH__)?__EEPROM_REGION_LENGTH__:0x10000
                [0x0000000000000002]                __FUSE_REGION_LENGTH__ = DEFINED (__FUSE_REGION_LENGTH__)?__FUSE_REGION_LENGTH__:0x400
                0x0000000000000400                __LOCK_REGION_LENGTH__ = DEFINED (__LOCK_REGION_LENGTH__)?__LOCK_REGION_LENGTH__:0x400
                0x0000000000000400                __SIGNATURE_REGION_LENGTH__ = DEFINED (__SIGNATURE_REGION_LENGTH__)?__SIGNATURE_REGION_LENGTH__:0x400
                0x0000000000000400                __USER_SIGNATURE_REGION_LENGTH__ = DEFINED (__USER_SIGNATURE_REGION_LENGTH__)?__USER_SIGNATURE_REGION_LENGTH__:0x400

.hash
 *(.hash)

.dynsym
 *(.dynsym)

.dynstr
 *(.dynstr)

.gnu.version
 *(.gnu.version)

.gnu.version_d
 *(.gnu.version_d)

.gnu.version_r
 *(.gnu.version_r)

.rel.init
 *(.rel.init)

.rela.init
 *(.rela.init)

.rel.text
 *(.rel.text)
 *(.rel.text.*)
 *(.rel.gnu.linkonce.t*)

.rela.text
 *(.rela.text)
 *(.rela.text.*)
 *(.rela.gnu.linkonce.t*)

.rel.fini
 *(.rel.fini)

.rela.fini
 *(.rela.fini)

.rel.rodata
 *(.rel.rodata)
 *(.rel.rodata.*)
 *(.rel.gnu.linkonce.r*)

.rela.rodata
 *(.rela.rodata)
 *(.rela.rodata.*)
 *(.rela.gnu.linkonce.r*)

.rel.data
 *(.rel.data)
 *(.rel.data.*)
 *(.rel.gnu.linkonce.d*)

.rela.data
 *(.rela.data)
 *(.rela.data.*)
 *(.rela.gnu.linkonce.d*)

.rel.ctors
 *(.rel.ctors)

.rela.ctors
 *(.rela.ctors)

.rel.dtors
 *(.rel.dtors)

.rela.dtors
 *(.rela.dtors)

.rel.got
 *(.rel.got)

.rela.got
 *(.rela.got)

.rel.bss
 *(.rel.bss)

.rela.bss
 *(.rela.bss)

.rel.plt
 *(.rel.plt)

.rela.plt
 *(.rela.plt)

.text           0x0000000000000000       0xca
 *(.vectors)
 .vectors       0x0000000000000000       0x54 C:/Program Files (x86)/Atmel/Studio/7.0/Packs/atmel/ATmega_DFP/1.7.374/xc8/avr/lib/avr5/memx-const/crtatmega32.o
                0x0000000000000000                __vector_default
                0x0000000000000000                __vectors
 *(.vectors)
 *(.progmem.gcc*)
 .progmem.gcc_sw_table.ADC_Read
                0x0000000000000054       0x10 MCAL/ADC/ADC_Interface.o
 *(.dinit)
 .dinit         0x0000000000000064       0x11 data_init
                0x0000000000000076                . = ALIGN (0x2)
 *fill*         0x0000000000000075        0x1 
                0x0000000000000076                __trampolines_start = .
 *(.trampolines)
 .trampolines   0x0000000000000076        0x0 linker stubs
 *(.trampolines*)
                0x0000000000000076                __trampolines_end = .
 *libprintf_flt.a:*(.progmem.data)
 *libc.a:*(.progmem.data)
                0x0000000000000076                . = ALIGN (0x2)
 *(.jumptables)
 *(.jumptables*)
 *(.lowtext)
 *(.lowtext*)
                0x0000000000000076                __ctors_start = .
 *(.ctors)
                0x0000000000000076                __ctors_end = .
                0x0000000000000076                __dtors_start = .
 *(.dtors)
                0x0000000000000076                __dtors_end = .
 SORT(*)(.ctors)
 SORT(*)(.dtors)
 *(.init0)
 .init0         0x0000000000000076        0x0 C:/Program Files (x86)/Atmel/Studio/7.0/Packs/atmel/ATmega_DFP/1.7.374/xc8/avr/lib/avr5/memx-const/crtatmega32.o
                0x0000000000000076                __init
 *(.init0)
 *(.init1)
 *(.init1)
 *(.init2)
 .init2         0x0000000000000076        0xc C:/Program Files (x86)/Atmel/Studio/7.0/Packs/atmel/ATmega_DFP/1.7.374/xc8/avr/lib/avr5/memx-const/crtatmega32.o
 *(.init2)
 *(.init3)
 *(.init3)
 *(.init4)
 .init4         0x0000000000000082       0x3c c:/program files/microchip/xc8/v2.36/avr/bin/../lib/gcc/avr/5.4.0/avr5/memx-const\libgcc.a(_copy_data.o)
                0x0000000000000082                __do_copy_data
                0x00000000000000b0                __do_clear_bss
 *(.init4)
 *(.init5)
 *(.init5)
 *(.init6)
 *(.init6)
 *(.init7)
 *(.init7)
 *(.init8)
 *(.init8)
 *(.init9)
 .init9         0x00000000000000be        0x8 C:/Program Files (x86)/Atmel/Studio/7.0/Packs/atmel/ATmega_DFP/1.7.374/xc8/avr/lib/avr5/memx-const/crtatmega32.o
 *(.init9)
                0x00000000000000c6                . = ALIGN (0x2)
 *(.fini9)
 .fini9         0x00000000000000c6        0x0 c:/program files/microchip/xc8/v2.36/avr/bin/../lib/gcc/avr/5.4.0/avr5/memx-const\libgcc.a(_exit.o)
                0x00000000000000c6                _exit
 *(.fini9)
 *(.fini8)
 *(.fini8)
 *(.fini7)
 *(.fini7)
 *(.fini6)
 *(.fini6)
 *(.fini5)
 *(.fini5)
 *(.fini4)
 *(.fini4)
 *(.fini3)
 *(.fini3)
 *(.fini2)
 *(.fini2)
 *(.fini1)
 *(.fini1)
 *(.fini0)
 .fini0         0x00000000000000c6        0x4 c:/program files/microchip/xc8/v2.36/avr/bin/../lib/gcc/avr/5.4.0/avr5/memx-const\libgcc.a(_exit.o)
 *(.fini0)
                0x00000000000000ca                _etext = .

.data           0x0000000000800060        0x0 load address 0x00000000000000ca
                [!provide]                        PROVIDE (__data_start, .)
 *(.gnu.linkonce.d*)
 *(.gnu.linkonce.r*)
                0x0000000000800060                . = ALIGN (0x2)
                0x0000000000800060                _edata = .
                [!provide]                        PROVIDE (__data_end, .)

.bss            0x0000000000800060        0x0
                [!provide]                        PROVIDE (__bss_start, .)
 *(COMMON)
                [!provide]                        PROVIDE (__bss_end, .)
                0x00000000000000ca                __data_load_start = LOADADDR (.data)
                0x00000000000000ca                __data_load_end = (__data_load_start + SIZEOF (.data))

.noinit         0x0000000000800060        0x0
                [!provide]                        PROVIDE (__noinit_start, .)
 *(.noinit*)
                [!provide]                        PROVIDE (__noinit_end, .)
                0x0000000000800060                _end = .

.eeprom         0x0000000000810000        0x0
 *(.eeprom*)
                0x0000000000810000                __eeprom_end = .

.fuse
 *(.fuse)
 *(.lfuse)
 *(.hfuse)
 *(.efuse)

.lock
 *(.lock*)

.signature
 *(.signature*)

.user_signatures
 *(.user_signatures*)

.stab
 *(.stab)

.stabstr
 *(.stabstr)

.stab.excl
 *(.stab.excl)

.stab.exclstr
 *(.stab.exclstr)

.stab.index
 *(.stab.index)

.stab.indexstr
 *(.stab.indexstr)

.comment        0x0000000000000000       0x2f
 *(.comment)
 .comment       0x0000000000000000       0x2f APP/APP.o
                                         0x30 (size before relaxing)
 .comment       0x000000000000002f       0x30 HAL/IO/Buzzer/BUZZER_Interface.o
 .comment       0x000000000000002f       0x30 HAL/IO/LED/LED1/LED1_Interface.o
 .comment       0x000000000000002f       0x30 HAL/IO/LED/LED2/LED2_Interface.o
 .comment       0x000000000000002f       0x30 HAL/IO/LED/LED3/LED3_Interface.o
 .comment       0x000000000000002f       0x30 HAL/IO/Motors/DC/DC_Interface.o
 .comment       0x000000000000002f       0x30 HAL/IO/Motors/SERVO/Servo_Interface.o
 .comment       0x000000000000002f       0x30 main.o
 .comment       0x000000000000002f       0x30 MCAL/ADC/ADC_Interface.o
 .comment       0x000000000000002f       0x30 MCAL/DIO/DIO_Interface.o
 .comment       0x000000000000002f       0x30 MCAL/UART/UART_Interface.o
 .comment       0x000000000000002f       0x30 RTOS/SCR/list.o
 .comment       0x000000000000002f       0x30 RTOS/SCR/port.o
 .comment       0x000000000000002f       0x30 RTOS/SCR/tasks.o
 .comment       0x000000000000002f       0x30 c:/program files/microchip/xc8/v2.36/avr/bin/../lib/gcc/avr/5.4.0/../../../../avr/lib/avr5/memx-const\libc.a(exit.o)
 .comment       0x000000000000002f       0x30 c:/program files/microchip/xc8/v2.36/avr/bin/../lib/gcc/avr/5.4.0/../../../../avr/lib/avr5/memx-const\libc.a(_Exit.o)

.stack.descriptors.hdr
                0x0000000000000000       0x7e
 .stack.descriptors.hdr
                0x0000000000000000        0xe c:/program files/microchip/xc8/v2.36/avr/bin/../lib/gcc/avr/5.4.0/../../../../avr/lib/avr5/memx-const\libm.a(cmpsf2.o)
 .stack.descriptors.hdr
                0x000000000000000e        0xe c:/program files/microchip/xc8/v2.36/avr/bin/../lib/gcc/avr/5.4.0/../../../../avr/lib/avr5/memx-const\libm.a(floatsisf.o)
 .stack.descriptors.hdr
                0x000000000000001c        0xe c:/program files/microchip/xc8/v2.36/avr/bin/../lib/gcc/avr/5.4.0/../../../../avr/lib/avr5/memx-const\libm.a(fp_cmp.o)
 .stack.descriptors.hdr
                0x000000000000002a        0xe c:/program files/microchip/xc8/v2.36/avr/bin/../lib/gcc/avr/5.4.0/../../../../avr/lib/avr5/memx-const\libm.a(gesf2.o)
 .stack.descriptors.hdr
                0x0000000000000038        0xe c:/program files/microchip/xc8/v2.36/avr/bin/../lib/gcc/avr/5.4.0/avr5/memx-const\libgcc.a(_udivmodsi4.o)
 .stack.descriptors.hdr
                0x0000000000000046        0xe c:/program files/microchip/xc8/v2.36/avr/bin/../lib/gcc/avr/5.4.0/avr5/memx-const\libgcc.a(_divmodsi4.o)
 .stack.descriptors.hdr
                0x0000000000000054        0xe c:/program files/microchip/xc8/v2.36/avr/bin/../lib/gcc/avr/5.4.0/avr5/memx-const\libgcc.a(_negsi2.o)
 .stack.descriptors.hdr
                0x0000000000000062        0xe c:/program files/microchip/xc8/v2.36/avr/bin/../lib/gcc/avr/5.4.0/avr5/memx-const\libgcc.a(_tablejump2.o)
 .stack.descriptors.hdr
                0x0000000000000070        0xe c:/program files/microchip/xc8/v2.36/avr/bin/../lib/gcc/avr/5.4.0/avr5/memx-const\libgcc.a(_exit.o)

.note.GNU-stack
                0x0000000000000000        0x0
 .note.GNU-stack
                0x0000000000000000        0x0 c:/program files/microchip/xc8/v2.36/avr/bin/../lib/gcc/avr/5.4.0/../../../../avr/lib/avr5/memx-const\libm.a(cmpsf2.o)
 .note.GNU-stack
                0x0000000000000000        0x0 c:/program files/microchip/xc8/v2.36/avr/bin/../lib/gcc/avr/5.4.0/../../../../avr/lib/avr5/memx-const\libm.a(floatsisf.o)
 .note.GNU-stack
                0x0000000000000000        0x0 c:/program files/microchip/xc8/v2.36/avr/bin/../lib/gcc/avr/5.4.0/../../../../avr/lib/avr5/memx-const\libm.a(fp_cmp.o)
 .note.GNU-stack
                0x0000000000000000        0x0 c:/program files/microchip/xc8/v2.36/avr/bin/../lib/gcc/avr/5.4.0/../../../../avr/lib/avr5/memx-const\libm.a(gesf2.o)
 .note.GNU-stack
                0x0000000000000000        0x0 c:/program files/microchip/xc8/v2.36/avr/bin/../lib/gcc/avr/5.4.0/../../../../avr/lib/avr5/memx-const\libc.a(exit.o)
 .note.GNU-stack
                0x0000000000000000        0x0 c:/program files/microchip/xc8/v2.36/avr/bin/../lib/gcc/avr/5.4.0/../../../../avr/lib/avr5/memx-const\libc.a(_Exit.o)

.note.gnu.build-id
 *(.note.gnu.build-id)

.debug
 *(.debug)

.line
 *(.line)

.debug_srcinfo
 *(.debug_srcinfo)

.debug_sfnames
 *(.debug_sfnames)

.debug_aranges  0x0000000000000000      0x448
 *(.debug_aranges)
 .debug_aranges
                0x0000000000000000       0x30 APP/APP.o
 .debug_aranges
                0x0000000000000030       0x38 HAL/IO/Buzzer/BUZZER_Interface.o
 .debug_aranges
                0x0000000000000068       0x48 HAL/IO/LED/LED1/LED1_Interface.o
 .debug_aranges
                0x00000000000000b0       0x38 HAL/IO/LED/LED2/LED2_Interface.o
 .debug_aranges
                0x00000000000000e8       0x38 HAL/IO/LED/LED3/LED3_Interface.o
 .debug_aranges
                0x0000000000000120       0x38 HAL/IO/Motors/DC/DC_Interface.o
 .debug_aranges
                0x0000000000000158       0x28 HAL/IO/Motors/SERVO/Servo_Interface.o
 .debug_aranges
                0x0000000000000180       0x20 main.o
 .debug_aranges
                0x00000000000001a0       0x28 MCAL/ADC/ADC_Interface.o
 .debug_aranges
                0x00000000000001c8       0x68 MCAL/DIO/DIO_Interface.o
 .debug_aranges
                0x0000000000000230       0x60 MCAL/UART/UART_Interface.o
 .debug_aranges
                0x0000000000000290       0x40 RTOS/SCR/list.o
 .debug_aranges
                0x00000000000002d0       0x50 RTOS/SCR/port.o
 .debug_aranges
                0x0000000000000320      0x128 RTOS/SCR/tasks.o

.debug_pubnames
 *(.debug_pubnames)

.debug_info     0x0000000000000000     0x6a8b
 *(.debug_info .gnu.linkonce.wi.*)
 .debug_info    0x0000000000000000      0x4e6 C:/Program Files (x86)/Atmel/Studio/7.0/Packs/atmel/ATmega_DFP/1.7.374/xc8/avr/lib/avr5/memx-const/crtatmega32.o
 .debug_info    0x00000000000004e6      0x908 APP/APP.o
 .debug_info    0x0000000000000dee      0x494 HAL/IO/Buzzer/BUZZER_Interface.o
 .debug_info    0x0000000000001282      0x54c HAL/IO/LED/LED1/LED1_Interface.o
 .debug_info    0x00000000000017ce      0x48c HAL/IO/LED/LED2/LED2_Interface.o
 .debug_info    0x0000000000001c5a      0x48c HAL/IO/LED/LED3/LED3_Interface.o
 .debug_info    0x00000000000020e6      0x795 HAL/IO/Motors/DC/DC_Interface.o
 .debug_info    0x000000000000287b      0x3e7 HAL/IO/Motors/SERVO/Servo_Interface.o
 .debug_info    0x0000000000002c62      0x47b main.o
 .debug_info    0x00000000000030dd      0x464 MCAL/ADC/ADC_Interface.o
 .debug_info    0x0000000000003541      0x690 MCAL/DIO/DIO_Interface.o
 .debug_info    0x0000000000003bd1      0x813 MCAL/UART/UART_Interface.o
 .debug_info    0x00000000000043e4      0x5a9 RTOS/SCR/list.o
 .debug_info    0x000000000000498d      0x536 RTOS/SCR/port.o
 .debug_info    0x0000000000004ec3     0x1bc8 RTOS/SCR/tasks.o

.debug_abbrev   0x0000000000000000     0x1247
 *(.debug_abbrev)
 .debug_abbrev  0x0000000000000000      0x4a3 C:/Program Files (x86)/Atmel/Studio/7.0/Packs/atmel/ATmega_DFP/1.7.374/xc8/avr/lib/avr5/memx-const/crtatmega32.o
 .debug_abbrev  0x00000000000004a3      0x12f APP/APP.o
 .debug_abbrev  0x00000000000005d2       0x7c HAL/IO/Buzzer/BUZZER_Interface.o
 .debug_abbrev  0x000000000000064e       0xc0 HAL/IO/LED/LED1/LED1_Interface.o
 .debug_abbrev  0x000000000000070e       0x7c HAL/IO/LED/LED2/LED2_Interface.o
 .debug_abbrev  0x000000000000078a       0x7c HAL/IO/LED/LED3/LED3_Interface.o
 .debug_abbrev  0x0000000000000806       0xce HAL/IO/Motors/DC/DC_Interface.o
 .debug_abbrev  0x00000000000008d4       0xa7 HAL/IO/Motors/SERVO/Servo_Interface.o
 .debug_abbrev  0x000000000000097b       0xb3 main.o
 .debug_abbrev  0x0000000000000a2e       0xb6 MCAL/ADC/ADC_Interface.o
 .debug_abbrev  0x0000000000000ae4       0xdf MCAL/DIO/DIO_Interface.o
 .debug_abbrev  0x0000000000000bc3      0x151 MCAL/UART/UART_Interface.o
 .debug_abbrev  0x0000000000000d14      0x129 RTOS/SCR/list.o
 .debug_abbrev  0x0000000000000e3d      0x145 RTOS/SCR/port.o
 .debug_abbrev  0x0000000000000f82      0x2c5 RTOS/SCR/tasks.o

.debug_line     0x0000000000000000     0x25bc
 *(.debug_line .debug_line.* .debug_line_end)
 .debug_line    0x0000000000000000      0x119 C:/Program Files (x86)/Atmel/Studio/7.0/Packs/atmel/ATmega_DFP/1.7.374/xc8/avr/lib/avr5/memx-const/crtatmega32.o
 .debug_line    0x0000000000000119      0x37b APP/APP.o
 .debug_line    0x0000000000000494       0xcd HAL/IO/Buzzer/BUZZER_Interface.o
 .debug_line    0x0000000000000561      0x141 HAL/IO/LED/LED1/LED1_Interface.o
 .debug_line    0x00000000000006a2       0xcd HAL/IO/LED/LED2/LED2_Interface.o
 .debug_line    0x000000000000076f       0xcd HAL/IO/LED/LED3/LED3_Interface.o
 .debug_line    0x000000000000083c      0x20b HAL/IO/Motors/DC/DC_Interface.o
 .debug_line    0x0000000000000a47      0x112 HAL/IO/Motors/SERVO/Servo_Interface.o
 .debug_line    0x0000000000000b59      0x14f main.o
 .debug_line    0x0000000000000ca8      0x146 MCAL/ADC/ADC_Interface.o
 .debug_line    0x0000000000000dee      0x434 MCAL/DIO/DIO_Interface.o
 .debug_line    0x0000000000001222      0x408 MCAL/UART/UART_Interface.o
 .debug_line    0x000000000000162a      0x1c4 RTOS/SCR/list.o
 .debug_line    0x00000000000017ee      0x296 RTOS/SCR/port.o
 .debug_line    0x0000000000001a84      0xb38 RTOS/SCR/tasks.o

.debug_frame    0x0000000000000000      0x9b4
 *(.debug_frame)
 .debug_frame   0x0000000000000000       0x7c APP/APP.o
 .debug_frame   0x000000000000007c       0x54 HAL/IO/Buzzer/BUZZER_Interface.o
 .debug_frame   0x00000000000000d0       0x74 HAL/IO/LED/LED1/LED1_Interface.o
 .debug_frame   0x0000000000000144       0x54 HAL/IO/LED/LED2/LED2_Interface.o
 .debug_frame   0x0000000000000198       0x54 HAL/IO/LED/LED3/LED3_Interface.o
 .debug_frame   0x00000000000001ec       0x64 HAL/IO/Motors/DC/DC_Interface.o
 .debug_frame   0x0000000000000250       0x34 HAL/IO/Motors/SERVO/Servo_Interface.o
 .debug_frame   0x0000000000000284       0x24 main.o
 .debug_frame   0x00000000000002a8       0x34 MCAL/ADC/ADC_Interface.o
 .debug_frame   0x00000000000002dc       0xb4 MCAL/DIO/DIO_Interface.o
 .debug_frame   0x0000000000000390      0x108 MCAL/UART/UART_Interface.o
 .debug_frame   0x0000000000000498       0x88 RTOS/SCR/list.o
 .debug_frame   0x0000000000000520       0x84 RTOS/SCR/port.o
 .debug_frame   0x00000000000005a4      0x410 RTOS/SCR/tasks.o

.debug_str      0x0000000000000000      0x60e
 *(.debug_str)
 .debug_str     0x0000000000000000      0x196 C:/Program Files (x86)/Atmel/Studio/7.0/Packs/atmel/ATmega_DFP/1.7.374/xc8/avr/lib/avr5/memx-const/crtatmega32.o
 .debug_str     0x0000000000000196       0xf9 APP/APP.o
 .debug_str     0x000000000000028f       0x37 HAL/IO/Buzzer/BUZZER_Interface.o
 .debug_str     0x00000000000002c6       0x4c HAL/IO/LED/LED1/LED1_Interface.o
 .debug_str     0x0000000000000312       0x37 HAL/IO/LED/LED2/LED2_Interface.o
 .debug_str     0x0000000000000349       0x37 HAL/IO/LED/LED3/LED3_Interface.o
 .debug_str     0x0000000000000380       0x2a HAL/IO/Motors/DC/DC_Interface.o
 .debug_str     0x00000000000003aa       0x14 HAL/IO/Motors/SERVO/Servo_Interface.o
 .debug_str     0x00000000000003be       0x3f main.o
 .debug_str     0x00000000000003fd        0x0 MCAL/ADC/ADC_Interface.o
 .debug_str     0x00000000000003fd        0x5 MCAL/DIO/DIO_Interface.o
 .debug_str     0x0000000000000402       0x25 MCAL/UART/UART_Interface.o
 .debug_str     0x0000000000000427       0x2b RTOS/SCR/list.o
 .debug_str     0x0000000000000452       0x26 RTOS/SCR/port.o
 .debug_str     0x0000000000000478      0x196 RTOS/SCR/tasks.o

.debug_loc      0x0000000000000000     0x272c
 *(.debug_loc)
 .debug_loc     0x0000000000000000      0x1d6 APP/APP.o
 .debug_loc     0x00000000000001d6       0x21 HAL/IO/LED/LED1/LED1_Interface.o
 .debug_loc     0x00000000000001f7      0x1b4 HAL/IO/Motors/DC/DC_Interface.o
 .debug_loc     0x00000000000003ab       0x21 HAL/IO/Motors/SERVO/Servo_Interface.o
 .debug_loc     0x00000000000003cc      0x12b MCAL/ADC/ADC_Interface.o
 .debug_loc     0x00000000000004f7      0x628 MCAL/DIO/DIO_Interface.o
 .debug_loc     0x0000000000000b1f      0x583 MCAL/UART/UART_Interface.o
 .debug_loc     0x00000000000010a2      0x145 RTOS/SCR/list.o
 .debug_loc     0x00000000000011e7      0x2a0 RTOS/SCR/port.o
 .debug_loc     0x0000000000001487     0x12a5 RTOS/SCR/tasks.o

.debug_macinfo
 *(.debug_macinfo)

.debug_weaknames
 *(.debug_weaknames)

.debug_funcnames
 *(.debug_funcnames)

.debug_typenames
 *(.debug_typenames)

.debug_varnames
 *(.debug_varnames)

.debug_pubtypes
 *(.debug_pubtypes)

.debug_ranges   0x0000000000000000      0x3a0
 *(.debug_ranges)
 .debug_ranges  0x0000000000000000       0x20 APP/APP.o
 .debug_ranges  0x0000000000000020       0x28 HAL/IO/Buzzer/BUZZER_Interface.o
 .debug_ranges  0x0000000000000048       0x38 HAL/IO/LED/LED1/LED1_Interface.o
 .debug_ranges  0x0000000000000080       0x28 HAL/IO/LED/LED2/LED2_Interface.o
 .debug_ranges  0x00000000000000a8       0x28 HAL/IO/LED/LED3/LED3_Interface.o
 .debug_ranges  0x00000000000000d0       0x28 HAL/IO/Motors/DC/DC_Interface.o
 .debug_ranges  0x00000000000000f8       0x18 HAL/IO/Motors/SERVO/Servo_Interface.o
 .debug_ranges  0x0000000000000110       0x10 main.o
 .debug_ranges  0x0000000000000120       0x18 MCAL/ADC/ADC_Interface.o
 .debug_ranges  0x0000000000000138       0x58 MCAL/DIO/DIO_Interface.o
 .debug_ranges  0x0000000000000190       0x50 MCAL/UART/UART_Interface.o
 .debug_ranges  0x00000000000001e0       0x30 RTOS/SCR/list.o
 .debug_ranges  0x0000000000000210       0x40 RTOS/SCR/port.o
 .debug_ranges  0x0000000000000250      0x150 RTOS/SCR/tasks.o

.debug_macro
 *(.debug_macro)
OUTPUT(MCU2_CODE.elf elf32-avr)
LOAD linker stubs
LOAD data_init

.note.gnu.avr.deviceinfo
                0x0000000000000000       0x3c
 .note.gnu.avr.deviceinfo
                0x0000000000000000       0x3c C:/Program Files (x86)/Atmel/Studio/7.0/Packs/atmel/ATmega_DFP/1.7.374/xc8/avr/lib/avr5/memx-const/crtatmega32.o

.bss.speed      0x0000000000800084        0x2
 .bss.speed     0x0000000000800084        0x2 APP/APP.o
                0x0000000000800084                speed

.bss.currentState
                0x0000000000800092        0x1
 .bss.currentState
                0x0000000000800092        0x1 APP/APP.o
                0x0000000000800092                currentState

.bss.UART_Rdata
                0x0000000000800086        0x2
 .bss.UART_Rdata
                0x0000000000800086        0x2 APP/APP.o
                0x0000000000800086                UART_Rdata

.bss.DC_mach1   0x0000000000800093        0x1
 .bss.DC_mach1  0x0000000000800093        0x1 APP/APP.o
                0x0000000000800093                DC_mach1

.bss.uxSchedulerSuspended
                0x0000000000800094        0x1
 .bss.uxSchedulerSuspended
                0x0000000000800094        0x1 RTOS/SCR/tasks.o

.bss.xNumOfOverflows
                0x0000000000800095        0x1
 .bss.xNumOfOverflows
                0x0000000000800095        0x1 RTOS/SCR/tasks.o

.bss.xYieldPending
                0x0000000000800096        0x1
 .bss.xYieldPending
                0x0000000000800096        0x1 RTOS/SCR/tasks.o

.bss.uxPendedTicks
                0x0000000000800097        0x1
 .bss.uxPendedTicks
                0x0000000000800097        0x1 RTOS/SCR/tasks.o

.bss.uxTopReadyPriority
                0x0000000000800098        0x1
 .bss.uxTopReadyPriority
                0x0000000000800098        0x1 RTOS/SCR/tasks.o

.bss.xTickCount
                0x000000000080008a        0x2
 .bss.xTickCount
                0x000000000080008a        0x2 RTOS/SCR/tasks.o

.bss.pxOverflowDelayedTaskList
                0x000000000080008c        0x2
 .bss.pxOverflowDelayedTaskList
                0x000000000080008c        0x2 RTOS/SCR/tasks.o

.bss.pxDelayedTaskList
                0x000000000080008e        0x2
 .bss.pxDelayedTaskList
                0x000000000080008e        0x2 RTOS/SCR/tasks.o

.bss.pxReadyTasksLists
                0x0000000000800060       0x24
 .bss.pxReadyTasksLists
                0x0000000000800060       0x24 RTOS/SCR/tasks.o

.bss.pxCurrentTCB
                0x0000000000800090        0x2
 .bss.pxCurrentTCB
                0x0000000000800090        0x2 RTOS/SCR/tasks.o
                0x0000000000800090                pxCurrentTCB

.text.xTaskIncrementTick
                0x00000000000000ca      0x178
 .text.xTaskIncrementTick
                0x00000000000000ca      0x178 RTOS/SCR/tasks.o
                0x00000000000000ca                xTaskIncrementTick

.text.handle_Mes
                0x0000000000000242      0x134
 .text.handle_Mes
                0x0000000000000242      0x134 APP/APP.o
                0x0000000000000242                handle_Mes

.text.UART_Initialize_WithoutInterrupt
                0x0000000000000376      0x120
 .text.UART_Initialize_WithoutInterrupt
                0x0000000000000376      0x120 MCAL/UART/UART_Interface.o
                0x0000000000000376                UART_Initialize_WithoutInterrupt

.text.DIO_SetPinDirection
                0x0000000000000496       0xe2
 .text.DIO_SetPinDirection
                0x0000000000000496       0xe2 MCAL/DIO/DIO_Interface.o
                0x0000000000000496                DIO_SetPinDirection

.text.DIO_SetPinValue
                0x0000000000000578       0xe2
 .text.DIO_SetPinValue
                0x0000000000000578       0xe2 MCAL/DIO/DIO_Interface.o
                0x0000000000000578                DIO_SetPinValue

.text.vPortYieldFromTick
                0x000000000000065a       0xb8
 .text.vPortYieldFromTick
                0x000000000000065a       0xb8 RTOS/SCR/port.o
                0x000000000000065a                vPortYieldFromTick

.text.vTaskSwitchContext
                0x0000000000000712       0xb8
 .text.vTaskSwitchContext
                0x0000000000000712       0xb8 RTOS/SCR/tasks.o
                0x0000000000000712                vTaskSwitchContext

.text.DC_Start  0x00000000000007ca       0xae
 .text.DC_Start
                0x00000000000007ca       0xae HAL/IO/Motors/DC/DC_Interface.o
                0x00000000000007ca                DC_Start

.text           0x0000000000000878       0x7a
 .text          0x0000000000000878       0x7a c:/program files/microchip/xc8/v2.36/avr/bin/../lib/gcc/avr/5.4.0/../../../../avr/lib/avr5/memx-const\libm.a(floatsisf.o)
                0x0000000000000878                __floatunsisf
                0x000000000000087c                __floatsisf

.text.ADC_Read  0x00000000000008f2       0x74
 .text.ADC_Read
                0x00000000000008f2       0x74 MCAL/ADC/ADC_Interface.o
                0x00000000000008f2                ADC_Read

.text.main      0x0000000000000966       0x5e
 .text.main     0x0000000000000966       0x5e main.o
                0x0000000000000966                main

.text.App_Init  0x00000000000009c4       0x56
 .text.App_Init
                0x00000000000009c4       0x56 APP/APP.o
                0x00000000000009c4                App_Init

.text.DC_Initialize
                0x0000000000000a1a       0x50
 .text.DC_Initialize
                0x0000000000000a1a       0x50 HAL/IO/Motors/DC/DC_Interface.o
                0x0000000000000a1a                DC_Initialize

.text.DC_Stop   0x0000000000000a6a       0x4c
 .text.DC_Stop  0x0000000000000a6a       0x4c HAL/IO/Motors/DC/DC_Interface.o
                0x0000000000000a6a                DC_Stop

.text.uxListRemove
                0x0000000000000ab6       0x4c
 .text.uxListRemove
                0x0000000000000ab6       0x4c RTOS/SCR/list.o
                0x0000000000000ab6                uxListRemove

.text.UART_Receive_Word
                0x0000000000000b02       0x4a
 .text.UART_Receive_Word
                0x0000000000000b02       0x4a MCAL/UART/UART_Interface.o
                0x0000000000000b02                UART_Receive_Word

.text           0x0000000000000b4c       0x48
 .text          0x0000000000000b4c       0x48 c:/program files/microchip/xc8/v2.36/avr/bin/../lib/gcc/avr/5.4.0/../../../../avr/lib/avr5/memx-const\libm.a(fp_cmp.o)
                0x0000000000000b4c                __fp_cmp

.text.libgcc.div
                0x0000000000000b94       0x44
 .text.libgcc.div
                0x0000000000000b94       0x44 c:/program files/microchip/xc8/v2.36/avr/bin/../lib/gcc/avr/5.4.0/avr5/memx-const\libgcc.a(_udivmodsi4.o)
                0x0000000000000b94                __udivmodsi4

.text.vListInsertEnd
                0x0000000000000bd8       0x42
 .text.vListInsertEnd
                0x0000000000000bd8       0x42 RTOS/SCR/list.o
                0x0000000000000bd8                vListInsertEnd

.text.prvResetNextTaskUnblockTime
                0x0000000000000c1a       0x3e
 .text.prvResetNextTaskUnblockTime
                0x0000000000000c1a       0x3e RTOS/SCR/tasks.o

.text.DC_Change_Speed
                0x0000000000000c58       0x2e
 .text.DC_Change_Speed
                0x0000000000000c58       0x2e HAL/IO/Motors/DC/DC_Interface.o
                0x0000000000000c58                DC_Change_Speed

.text.libgcc.div
                0x0000000000000c86       0x2e
 .text.libgcc.div
                0x0000000000000c86       0x2e c:/program files/microchip/xc8/v2.36/avr/bin/../lib/gcc/avr/5.4.0/avr5/memx-const\libgcc.a(_divmodsi4.o)
                0x0000000000000c86                __divmodsi4

.text.ServoMotor_Initialize
                0x0000000000000cb4       0x22
 .text.ServoMotor_Initialize
                0x0000000000000cb4       0x22 HAL/IO/Motors/SERVO/Servo_Interface.o
                0x0000000000000cb4                ServoMotor_Initialize

.text.exit      0x0000000000000cd6       0x16
 .text.exit     0x0000000000000cd6       0x16 c:/program files/microchip/xc8/v2.36/avr/bin/../lib/gcc/avr/5.4.0/../../../../avr/lib/avr5/memx-const\libc.a(exit.o)
                0x0000000000000cd6                exit

.text.ServoMotor_Rotate
                0x0000000000000cec       0x12
 .text.ServoMotor_Rotate
                0x0000000000000cec       0x12 HAL/IO/Motors/SERVO/Servo_Interface.o
                0x0000000000000cec                ServoMotor_Rotate

.text.libgcc.div
                0x0000000000000cfe       0x10
 .text.libgcc.div
                0x0000000000000cfe       0x10 c:/program files/microchip/xc8/v2.36/avr/bin/../lib/gcc/avr/5.4.0/avr5/memx-const\libgcc.a(_negsi2.o)
                0x0000000000000cfe                __negsi2

.text.ADC_Initialize
                0x0000000000000d0e        0xe
 .text.ADC_Initialize
                0x0000000000000d0e        0xe MCAL/ADC/ADC_Interface.o
                0x0000000000000d0e                ADC_Initialize

.text.UART_Receive_Character
                0x0000000000000d1c        0xe
 .text.UART_Receive_Character
                0x0000000000000d1c        0xe MCAL/UART/UART_Interface.o
                0x0000000000000d1c                UART_Receive_Character

.text.BUZZER_Initialize
                0x0000000000000d2a        0xc
 .text.BUZZER_Initialize
                0x0000000000000d2a        0xc HAL/IO/Buzzer/BUZZER_Interface.o
                0x0000000000000d2a                BUZZER_Initialize

.text.BUZZER_ON
                0x0000000000000d36        0xc
 .text.BUZZER_ON
                0x0000000000000d36        0xc HAL/IO/Buzzer/BUZZER_Interface.o
                0x0000000000000d36                BUZZER_ON

.text.BUZZER_OFF
                0x0000000000000d42        0xc
 .text.BUZZER_OFF
                0x0000000000000d42        0xc HAL/IO/Buzzer/BUZZER_Interface.o
                0x0000000000000d42                BUZZER_OFF

.text.LED1_Initialize
                0x0000000000000d4e        0xc
 .text.LED1_Initialize
                0x0000000000000d4e        0xc HAL/IO/LED/LED1/LED1_Interface.o
                0x0000000000000d4e                LED1_Initialize

.text.LED1_ON   0x0000000000000d5a        0xc
 .text.LED1_ON  0x0000000000000d5a        0xc HAL/IO/LED/LED1/LED1_Interface.o
                0x0000000000000d5a                LED1_ON

.text.LED1_OFF  0x0000000000000d66        0xc
 .text.LED1_OFF
                0x0000000000000d66        0xc HAL/IO/LED/LED1/LED1_Interface.o
                0x0000000000000d66                LED1_OFF

.text.LED2_Initialize
                0x0000000000000d72        0xc
 .text.LED2_Initialize
                0x0000000000000d72        0xc HAL/IO/LED/LED2/LED2_Interface.o
                0x0000000000000d72                LED2_Initialize

.text.LED2_ON   0x0000000000000d7e        0xc
 .text.LED2_ON  0x0000000000000d7e        0xc HAL/IO/LED/LED2/LED2_Interface.o
                0x0000000000000d7e                LED2_ON

.text.LED2_OFF  0x0000000000000d8a        0xc
 .text.LED2_OFF
                0x0000000000000d8a        0xc HAL/IO/LED/LED2/LED2_Interface.o
                0x0000000000000d8a                LED2_OFF

.text.LED3_Initialize
                0x0000000000000d96        0xc
 .text.LED3_Initialize
                0x0000000000000d96        0xc HAL/IO/LED/LED3/LED3_Interface.o
                0x0000000000000d96                LED3_Initialize

.text.LED3_ON   0x0000000000000da2        0xc
 .text.LED3_ON  0x0000000000000da2        0xc HAL/IO/LED/LED3/LED3_Interface.o
                0x0000000000000da2                LED3_ON

.text.LED3_OFF  0x0000000000000dae        0xc
 .text.LED3_OFF
                0x0000000000000dae        0xc HAL/IO/LED/LED3/LED3_Interface.o
                0x0000000000000dae                LED3_OFF

.text.libgcc    0x0000000000000dba        0xc
 .text.libgcc   0x0000000000000dba        0xc c:/program files/microchip/xc8/v2.36/avr/bin/../lib/gcc/avr/5.4.0/avr5/memx-const\libgcc.a(_tablejump2.o)
                0x0000000000000dba                __tablejump2__

.text.Reassemble_uint16
                0x0000000000000dc6        0xa
 .text.Reassemble_uint16
                0x0000000000000dc6        0xa MCAL/UART/UART_Interface.o
                0x0000000000000dc6                Reassemble_uint16

.text           0x0000000000000dd0        0xa
 .text          0x0000000000000dd0        0xa c:/program files/microchip/xc8/v2.36/avr/bin/../lib/gcc/avr/5.4.0/../../../../avr/lib/avr5/memx-const\libm.a(cmpsf2.o)
                0x0000000000000dd0                __nesf2
                0x0000000000000dd0                __eqsf2
                0x0000000000000dd0                __cmpsf2
                0x0000000000000dd0                __ltsf2
                0x0000000000000dd0                __lesf2

.text           0x0000000000000dda        0xa
 .text          0x0000000000000dda        0xa c:/program files/microchip/xc8/v2.36/avr/bin/../lib/gcc/avr/5.4.0/../../../../avr/lib/avr5/memx-const\libm.a(gesf2.o)
                0x0000000000000dda                __gesf2
                0x0000000000000dda                __gtsf2

.text.__vector_7
                0x0000000000000de4        0x6
 .text.__vector_7
                0x0000000000000de4        0x6 RTOS/SCR/port.o
                0x0000000000000de4                __vector_7

.text           0x0000000000000dea        0x4
 .text          0x0000000000000dea        0x4 C:/Program Files (x86)/Atmel/Studio/7.0/Packs/atmel/ATmega_DFP/1.7.374/xc8/avr/lib/avr5/memx-const/crtatmega32.o
                0x0000000000000dea                __vector_1
                0x0000000000000dea                __vector_12
                0x0000000000000dea                __bad_interrupt
                0x0000000000000dea                __vector_6
                0x0000000000000dea                __vector_3
                0x0000000000000dea                __vector_11
                0x0000000000000dea                __vector_13
                0x0000000000000dea                __vector_17
                0x0000000000000dea                __vector_19
                0x0000000000000dea                __vector_5
                0x0000000000000dea                __vector_4
                0x0000000000000dea                __vector_9
                0x0000000000000dea                __vector_2
                0x0000000000000dea                __vector_15
                0x0000000000000dea                __vector_8
                0x0000000000000dea                __vector_14
                0x0000000000000dea                __vector_10
                0x0000000000000dea                __vector_16
                0x0000000000000dea                __vector_18
                0x0000000000000dea                __vector_20

.text._Exit     0x0000000000000dee        0x4
 .text._Exit    0x0000000000000dee        0x4 c:/program files/microchip/xc8/v2.36/avr/bin/../lib/gcc/avr/5.4.0/../../../../avr/lib/avr5/memx-const\libc.a(_Exit.o)
                0x0000000000000dee                _Exit

.text.__dummy_fini
                0x0000000000000df2        0x2
 .text.__dummy_fini
                0x0000000000000df2        0x2 c:/program files/microchip/xc8/v2.36/avr/bin/../lib/gcc/avr/5.4.0/../../../../avr/lib/avr5/memx-const\libc.a(exit.o)
                0x0000000000000df2                _fini

.text.__dummy_funcs_on_exit
                0x0000000000000df4        0x2
 .text.__dummy_funcs_on_exit
                0x0000000000000df4        0x2 c:/program files/microchip/xc8/v2.36/avr/bin/../lib/gcc/avr/5.4.0/../../../../avr/lib/avr5/memx-const\libc.a(exit.o)
                0x0000000000000df4                __funcs_on_exit

.text.__dummy_simulator_exit
                0x0000000000000df6        0x2
 .text.__dummy_simulator_exit
                0x0000000000000df6        0x2 c:/program files/microchip/xc8/v2.36/avr/bin/../lib/gcc/avr/5.4.0/../../../../avr/lib/avr5/memx-const\libc.a(exit.o)
                0x0000000000000df6                __simulator_exit

.data.xNextTaskUnblockTime
                0x0000000000800088        0x2 load address 0x0000000000000df8
 .data.xNextTaskUnblockTime
                0x0000000000800088        0x2 RTOS/SCR/tasks.o
